characters/monster/sm_huolong/textures/t_huolong_basecolor.tga
characters/monster/sm_huolong/textures/t_huolong_mix_1.tga
characters1/jiangziya_e49b/textures/m0_diffuse.tga
characters1/jiangziya_e49b/textures/m0_normal.tga
characters1/jiangziya_e49b/textures/m0_specular.tga
characters1/jiangziya_e49b/textures/m0_emissive.tga
characters1/jiangziya_e49b/textures/m1_diffuse.tga
characters1/jiangziya_e49b/textures/m1_normal.tga
characters1/jiangziya_e49b/textures/m1_specular.tga
characters1/jiangziya_e49b/textures/m1_emissive.tga
characters1/jiangziya_e49b/textures/m2_diffuse.tga
characters1/jiangziya_e49b/textures/m2_normal.tga
characters1/jiangziya_e49b/textures/m2_specular.tga
characters1/jiangziya_e49b/textures/m2_emissive.tga
characters1/jiangziya_e49b/textures/m3_diffuse.tga
characters1/jiangziya_e49b/textures/m3_normal.tga
characters1/jiangziya_e49b/textures/m3_specular.tga
characters1/jiangziya_e49b/textures/m3_emissive.tga
characters1/jiangziya_e49b/textures/m4_diffuse.tga
characters1/jiangziya_e49b/textures/m4_normal.tga
characters1/jiangziya_e49b/textures/m4_specular.tga
characters1/jiangziya_e49b/textures/m4_emissive.tga
characters1/jiangziya_e49b/textures/m5_diffuse.tga
characters1/jiangziya_e49b/textures/m5_normal.tga
characters1/jiangziya_e49b/textures/m5_specular.tga
characters1/jiangziya_e49b/textures/m5_emissive.tga
texture/effect/xujian/object/t_fx_object_001.png
texture/effect/t_old/orientparticle_2.png
texture/effect/xujian/glow/tex_fx_glow_003.png
texture/effect/xujian/smoke/tex_fx_smoke_002.png
texture/effect/xujian/fire/tex_fx_fire_012.png
texture/effect/xujian/glow/tex_fx_glow_001.png
eqpt/weapon/mofashi_weapon/textures/t_dr_spear_09_blue_d.tga
eqpt/weapon/mofashi_weapon/textures/t_dr_spear_09_m.tga
editor/textures/engine/default_mix_n.tga
editor/textures/engine/default_white.png
engineres/techniques/notexture.xml
engineres/particle/common/techniques/diffunlitparticlealpha.xml
engineres/particle/common/techniques/diffunlitmeshparticlealpha.xml
engineres/techniques/diffunlit.xml
editor/techniques/pbr_packednormal/defaultmetallicroughness.xml
engineres/particle/common/materials/defaultsprite.material
engineres/particle/common/materials/defaultmeshrgba.material
engineres/particle/common/materials/empty.material
engineres/particle/common/materials/alphamesh.material
engineres/particle/common/materials/alphamaterial.material
engineres/particle/common/materials/defaultmesh.material
characters/monster/sm_huolong/materials/body.material
characters1/jiangziya_e49b/materials/m0.material
characters1/jiangziya_e49b/materials/m1.material
characters1/jiangziya_e49b/materials/m2.material
characters1/jiangziya_e49b/materials/m3.material
characters1/jiangziya_e49b/materials/m4.material
characters1/jiangziya_e49b/materials/m5.material
eqpt/weapon/mofashi_weapon/materials/mofashi_weapon.material
characters/monster/sm_huolong/anim/attack.ani
characters/monster/sm_huolong/anim/death.ani
characters/monster/sm_huolong/anim/die.ani
characters/monster/sm_huolong/anim/hatch.ani
characters/monster/sm_huolong/anim/hit_1.ani
characters/monster/sm_huolong/anim/hit_2.ani
characters/monster/sm_huolong/anim/idle.ani
characters/monster/sm_huolong/anim/move.ani
characters/monster/sm_huolong/anim/spellcast_1.ani
characters/monster/sm_huolong/anim/spellcast_2.ani
characters/monster/sm_huolong/anim/spellcast_3.ani
characters/monster/sm_huolong/anim/spellcast_4.ani
characters/monster/sm_huolong/anim/spellcast_5.ani
characters/monster/sm_huolong/anim/vertigo.ani
characters1/jiangziya_e49b/anim/attack_01.ani
characters1/jiangziya_e49b/anim/attack_02.ani
characters1/jiangziya_e49b/anim/die.ani
characters1/jiangziya_e49b/anim/die_02.ani
characters1/jiangziya_e49b/anim/idle.ani
characters1/jiangziya_e49b/anim/move.ani
characters1/jiangziya_e49b/anim/skill_01.ani
characters1/jiangziya_e49b/anim/skill_02.ani
characters/monster/sm_huolong/model.prefab
characters1/jiangziya_e49b/model.prefab
eqpt/weapon/mofashi_weapon/model.prefab
characters/monster/sm_huolong/model/m.mdl
characters1/jiangziya_e49b/model/m.mdl
eqpt/weapon/mofashi_weapon/model/m.mdl
effect/effect_new/effect_hit/ps_fireball_explode_eff/particle.effect
maps/busiyixiantu_5n1b/anim/jiangziya_e49b/anim/human/barehanded_anim/hand_05/skill_025.ani
