engineres/textures/ramp.png
engineres/textures/spot.png
engineres/particle/common/materials/orientparticle.tga
textures/stars.png
engineres/particle/common/materials/dissolvemask.jpg
engineres/particle/common/materials/defaultdiffuse.png
characters/monster/sk_spider_burrow_s/textures/t_spider_s_burrow_basecolor.tga
characters/monster/sk_spider_burrow_s/textures/t_spider_s_burrow_mix_1.tga
characters/general/sk_basic2/textures/m0_diffuse.tga
characters/general/sk_basic2/textures/m0_normal.tga
characters/general/sk_basic2/textures/m1_diffuse.tga
characters/general/sk_basic2/textures/m1_normal.tga
characters/general/sk_basic2/textures/m1_specular.tga
characters/general/sk_basic2/textures/m1_emissive.tga
characters/heartbeat/mori/textures/tex_mori.tga
editor/textures/enginematerials/t_default_grid.tga
editor/textures/enginematerials/t_default_m.tga
characters/monster/sk_vulture_bird/textures/t_vulture_bird_basecolor.tga
characters/monster/sk_vulture_bird/textures/t_vulture_bird_mix_1.tga
characters/monster/sk_werewolf/textures/t_werewolf_basecolor.tga
characters/monster/sk_werewolf/textures/t_werewolf_mix_1.tga
characters/monster_westfantasy/sk_jryg/textures/t_jryg_d_1.tga
characters/monster_westfantasy/sk_jryg/textures/t_jryg_mix.tga
editor/textures/engine/default_mix_n.tga
editor/textures/engine/default_white.png
texture/effect/xujian/smoke/tex_fx_smoke_008.png
texture/effect/xujian/object/t_fx_object_001.png
characters/tramcar_td/jinbi/textures/sm_jinbi_basecolor.tga
characters/tramcar_td/jinbi/textures/sm_jinbi_mix_1.tga
deco/engine/sm_plane_a01/textures/t_plane_a01.tga
editor/textures/materiallibrary/t_defaultmix.png
deco/handpaintedvol2_campsite/sm_backpack_01_base/textures/t_backpack_01_base_c.tga
deco/handpaintedvol2_campsite/sm_backpack_01_base/textures/t_backpack_01_base_mix.tga
texture/effect/t_old/111224fslqass7iy4azfpi.png
texture/effect/t_old/orientparticle_1.tga
texture/effect/t_old/t_xue_6.png
texture/effect/xujian/light/t_fx_light_006.png
texture/effect/xujian/noise/t_fx_noise_013.png
texture/effect/xujian/trail/tex_fx_ray_032.png
texture/effect/xujian/mask/tex_fx_mask_032.png
texture/effect/xujian/trail/tex_fx_ray_039.png
texture/effect/t_old/defaultdiffuse_2.png
texture/effect/t_old/dissolvemask.jpg
texture/effect/xujian/trail/tex_fx_ray_007.png
texture/effect/xujian/trail/tex_fx_ray_045.png
texture/effect/t_old/t_zhishi_23_b.png
texture/effect/t_old/t_zhishi_23_c.png
texture/effect/t_old/t_zhishi_23_w.png
texture/effect/t_old/t_zhishi_23_g1.png
texture/effect/t_old/1(1).png
texture/effect/t_old/2(1).png
texture/effect/t_old/t_huoqiu.png
texture/effect/t_old/orientparticle_2.png
texture/effect/t_old/particle_projectiletip.png
texture/effect/t_old/c0ebcab5-007e-4d26-8567-543c323639de.png
texture/effect/t_old/temptexture3_63.png
texture/effect/t_old/orientparticle_1.png
texture/effect/t_old/t_fanwei.png
texture/effect/t_old/t_ci.png
texture/effect/t_old/t_ci_2.png
texture/effect/t_old/temptexture0_181.png
texture/effect/t_old/temptexture0_189.png
texture/effect/t_old/temptexture02.png
texture/effect/t_old/shan3.png
texture/effect/t_old/temptexture0_183.png
texture/effect/t_old/temptexture1_92.png
texture/effect/t_old/lightzd.png
texture/effect/t_old/t_zaobo.png
texture/effect/t_old/fx_a_atypical_4.png
texture/effect/t_old/t_tuowei_3.png
texture/effect/t_old/t_fire_1.png
texture/effect/t_old/acid_spit_core_sheet.png
texture/effect/t_old/seq_lcy.png
texture/effect/t_old/temptexture3_58.png
texture/effect/t_old/fx_c_glow.png
texture/effect/t_old/t_glow_1.png
texture/effect/t_old/t_liusha_1.png
texture/effect/t_old/fx_c_ring_004_cl.png
texture/effect/t_old/temptexture0_15.png
texture/effect/t_old/t_daoguang_4.png
texture/effect/t_old/t_daoguang_5.png
texture/effect/t_old/t_daoguang_12.png
texture/effect/t_old/t_daoguang_6.png
texture/effect/t_old/t_glow.png
texture/effect/t_old/tex_glow.png
texture/effect/t_old/t_guangyun.png
texture/effect/xujian/ground/tex_fx_ground_010.png
texture/effect/xujian/noise/t_fx_noise_004.tga
texture/effect/xujian/ground/tex_fx_ground_011.png
texture/effect/xujian/object/t_fx_stone_004.png
texture/effect/xujian/smoke/tex_fx_smoke_022.tga
texture/effect/xujian/smoke/tex_fx_smoke_010.png
texture/effect/t_old/tex_gy.png
texture/effect/xujian/ring/tex_fx_ring_003.png
texture/effect/xujian/glow/tex_fx_glow_001.png
texture/effect/xujian/guangci/t_fx_guangci_002.png
texture/effect/t_old/dark.png
texture/effect/xujian/mask/tex_fx_mask_002.png
texture/effect/xujian/glow/tex_fx_glow_003.png
texture/effect/xujian/ring/tex_fx_ring_004.png
texture/effect/t_old/114_noise.png
texture/effect/t_old/66_kulouchui_mask3.png
effect/eff_xujian/effect_emiti_003/uv_once_tex_fx_ray_010.png
texture/effect/t_old/t_fx_circle_03_h.png
texture/effect/t_old/t_flare.png
texture/effect/t_old/t_sandian.png
texture/effect/xujian/t_fx_trail_002_.png
texture/effect/xujian/t_fx_mask_02.png
texture/effect/xujian/ground/tex_fx_ground_035.png
texture/effect/xujian/mask/tex_fx_mask_016.png
texture/effect/xujian/mask/tex_fx_mask_001.png
texture/effect/t_old/temptexture2_2.png
texture/effect/xujian/mask/tex_fx_mask_030.png
texture/effect/xujian/mask/tex_fx_mask_015.png
texture/effect/xujian/mask/tex_fx_mask_031.png
texture/effect/xujian/knief/t_fx_knief_005.png
texture/effect/xujian/noise/t_fx_noise_003.png
texture/effect/xujian/knief/t_fx_knief_004.png
texture/effect/t_old/fx_smo031_mip.png
texture/effect/texture_h/t_fx_mask_068_h.png
texture/effect/dj/t_fx_smoke_02_dj.png
texture/effect/t_old/temptexture7.png
texture/effect/t_old/tex_yw_1.png
texture/effect/t_old/tex_dl_2.png
texture/effect/t_old/t_fx_smoke_02_h.png
texture/effect/xujian/smoke/tex_fx_smoke_004.png
texture/effect/t_old/t_daoguang_10.png
texture/effect/t_old/t_daotuowei.png
texture/effect/xujian/knief/t_fx_knief_013.png
texture/effect/t_old/t_daoguang.png
texture/effect/xujian/knief/t_fx_knief_014.png
texture/effect/xujian/t_fx_stone_001.png
texture/effect/t_old/impact_base_add.png
texture/effect/t_old/temptexture0_42.png
texture/effect/t_old/temptexture1_35.png
texture/effect/t_old/temptexture0_14.png
texture/effect/texture_h/t_fx_fire_3058_h.png
texture/effect/xujian/glow/tex_fx_glow_004.png
texture/effect/xujian/glow/tex_fx_glow_020.png
texture/effect/xujian/noise/t_fx_noise_015.png
effect/effect_new/effect_scene/eff_scene_baoshi_01/tex_fx_mask_014.png
texture/effect/t_old/orientparticle_3.png
texture/effect/t_old/t_yanwu_8.png
texture/effect/t_old/eff_fangshe.png
texture/effect/xujian/glow/tex_fx_glow_027.png
texture/effect/t_old/t_kuosan.png
texture/effect/xujian/guangci/t_fx_guangci_027.png
texture/effect/xujian/noise/t_fx_noise_012.png
texture/effect/t_old/t_tuowei_mask.png
texture/effect/xujian/knief/t_fx_knief_022.png
texture/effect/xujian/knief/t_fx_knief_021.png
texture/effect/xujian/ground/tex_fx_ground_003.png
texture/effect/xujian/mask/tex_fx_mask_026.png
texture/effect/xujian/object/t_fx_water_029.png
texture/effect/xujian/noise/t_fx_noise_009.png
texture/effect/xujian/noise/t_fx_noise_030.png
effect/effect_new/effect_scene/eff_scene_fenweilizi_06/uv_once_114_noise2_2.png
texture/effect/xujian/object/t_fx_water_031.png
texture/effect/xujian/smoke/tex_fx_smoke_002.png
texture/effect/xujian/noise/t_fx_noise_005.tga
texture/effect/t_old/temptexture3_54.png
texture/effect/t_old/t_ceshi.png
texture/effect/t_old/t_bai.png
texture/effect/xujian/trail/tex_fx_ray_021.png
texture/effect/t_old/t_juxing.png
texture/effect/t_old/t_juxing_1.png
texture/effect/t_old/t_juxing_2.png
texture/effect/t_old/t_shanxing.png
texture/effect/t_old/t_shanxing_1.png
texture/effect/t_old/t_shanxing_2.png
texture/effect/t_old/t_shanxing_3.png
texture/effect/t_old/t_shanxing_4.png
texture/effect/t_old/t_shanxing_5.png
texture/effect/xujian/tubiao/t_fx_tubiao_001.png
texture/effect/xujian/tubiao/t_fx_tubiao_002.png
texture/effect/xujian/tubiao/t_fx_tubiao_003.png
texture/effect/xujian/tubiao/t_fx_tubiao_004.png
texture/effect/t_old/t_zhishi_3.png
texture/effect/xujian/trail/tex_fx_ray_012.png
texture/effect/t_old/eff_xiahouyuan.png
texture/effect/t_old/t_xingxing.png
texture/effect/t_old/ci1.png
texture/effect/t_old/mask2.png
texture/effect/t_old/outrage_strike_on02.png
texture/effect/t_old/temptexture6_12.png
texture/effect/t_old/6mx2.png
texture/effect/t_old/blz_441_cs_ring.png
texture/effect/t_old/t_hook_basecolor1.png
texture/effect/t_old/temptexture1_1.png
texture/effect/t_old/temptexture0_1.png
texture/effect/t_old/tex_yw.png
texture/effect/t_old/tex_hy.png
texture/effect/t_old/c_point083a.png
characters/general/sk_nezha/textures/t_nezha_wp_basecolor.tga
characters/general/sk_nezha/textures/t_nezha_wp_mix.tga
eqpt/weapon/sk_nezha2_weapon04/textures/t_nezha_wp_basecolor_4.tga
eqpt/weapon/sk_nezha2_weapon04/textures/t_nezha_wp_mix.tga
texture/effect/dj/weapon/t_nezha_wp_basecolor_4.tga
texture/effect/xujian/noise/t_fx_noise_016.png
texture/effect/xujian/smoke/tex_fx_smoke_001_dj.png
texture/effect/xujian/smoke/tex_fx_smoke_013.png
eqpt/weapon/sm_dr_sword_04_02/textures/t_sword_basecolor4.tga
eqpt/weapon/sm_dr_sword_04_02/textures/t_sword_mix4.tga
engineres/techniques/notexture.xml
engineres/particle/common/techniques/diffunlitparticlealpha.xml
engineres/particle/common/techniques/diffunlitmeshparticlealpha.xml
engineres/techniques/diffunlit.xml
editor/techniques/pbr_packednormal/defaultmetallicroughness.xml
editor/techniques/pbr_packednormal/defaultmetallicroughnessalpha.xml
editor/techniques/fakeshadow.xml
engineres/renderpaths/forward.xml
engineres/particle/common/materials/defaultsprite.material
engineres/particle/common/materials/defaultmeshrgba.material
engineres/particle/common/materials/empty.material
engineres/particle/common/materials/alphamesh.material
engineres/particle/common/materials/alphamaterial.material
engineres/particle/common/materials/defaultmesh.material
characters/monster/sk_spider_burrow_s/materials/sk_spider_burrow_s.material
characters/general/sk_basic2/materials/m0.material
characters/general/sk_basic2/materials/m1.material
characters/heartbeat/mori/materials/mori.material
characters/monster/sk_vulture_bird/materials/sk_vulture_bird.material
characters/monster/sk_werewolf/materials/sk_werewolf.material
characters/monster_westfantasy/sk_jryg/materials/sk_jryg.material
characters/tramcar_td/jinbi/materials/jinbi.material
deco/engine/sm_plane_a01/materials/m_plane_a01.material
deco/engine/sm_plane_a02/materials/m_plane_a02.material
deco/engine/sm_plane_a03/materials/m_plane_a03.material
deco/engine/fake_shadow/materials/fakeshadow.material
deco/handpaintedvol2_campsite/sm_backpack_01_base/materials/m_backpack_01_base_a.material
characters/general/sk_nezha/materials/sk_nezha_wp.material
eqpt/weapon/sk_nezha2_weapon04/materials/sk_nezha2_weapon04.material
eqpt/weapon/sm_dr_sword_04_02/materials/sm_dr_sword_04_02.material
c:/users/xd/documents/project_bsyxt/project/map_settings.json
sound/a2_sfx/action/moveaction/footsteps/fs_gen_2feet_dirt_01/soundsetting.json
sound/a2_sfx/action/moveaction/footsteps/fs_gen_2feet_dirt_02/soundsetting.json
sound/a2_sfx/action/moveaction/footsteps/fs_gen_2feet_dirt_03/soundsetting.json
sound/a2_sfx/action/moveaction/footsteps/fs_gen_2feet_dirt_04/soundsetting.json
sound/a2_sfx/action/moveaction/footsteps/fs_gen_2feet_dirt_05/soundsetting.json
sound/a2_sfx/action/moveaction/footsteps/fs_gen_2feet_dirt_06/soundsetting.json
sound/a2_sfx/action/moveaction/footsteps/fs_gen_2feet_dirt_07/soundsetting.json
sound/a2_sfx/action/moveaction/footsteps/fs_gen_2feet_dirt_08/soundsetting.json
sound/a2_sfx/action/moveaction/footsteps/fs_gen_2feet_grass_01/soundsetting.json
sound/a2_sfx/action/moveaction/footsteps/fs_gen_2feet_grass_02/soundsetting.json
sound/a2_sfx/action/moveaction/footsteps/fs_gen_2feet_grass_03/soundsetting.json
sound/a2_sfx/action/moveaction/footsteps/fs_gen_2feet_grass_04/soundsetting.json
sound/a2_sfx/action/moveaction/footsteps/fs_gen_2feet_grass_05/soundsetting.json
sound/a2_sfx/action/moveaction/footsteps/fs_gen_2feet_grass_06/soundsetting.json
sound/a2_sfx/action/moveaction/footsteps/fs_gen_2feet_grass_07/soundsetting.json
sound/a2_sfx/action/moveaction/footsteps/fs_gen_2feet_grass_08/soundsetting.json
sound/a2_sfx/action/moveaction/footsteps/fs_gen_2feet_rock_01/soundsetting.json
sound/a2_sfx/action/moveaction/footsteps/fs_gen_2feet_rock_02/soundsetting.json
sound/a2_sfx/action/moveaction/footsteps/fs_gen_2feet_rock_03/soundsetting.json
sound/a2_sfx/action/moveaction/footsteps/fs_gen_2feet_rock_04/soundsetting.json
sound/a2_sfx/action/moveaction/footsteps/fs_gen_2feet_rock_05/soundsetting.json
sound/a2_sfx/action/moveaction/footsteps/fs_gen_2feet_rock_06/soundsetting.json
sound/a2_sfx/action/moveaction/footsteps/fs_gen_2feet_rock_07/soundsetting.json
sound/a2_sfx/action/moveaction/footsteps/fs_gen_2feet_rock_08/soundsetting.json
sound/a2_sfx/action/moveaction/footsteps/fs_gen_2feet_sand_01/soundsetting.json
sound/a2_sfx/action/moveaction/footsteps/fs_gen_2feet_sand_02/soundsetting.json
sound/a2_sfx/action/moveaction/footsteps/fs_gen_2feet_sand_03/soundsetting.json
sound/a2_sfx/action/moveaction/footsteps/fs_gen_2feet_sand_04/soundsetting.json
sound/a2_sfx/action/moveaction/footsteps/fs_gen_2feet_sand_05/soundsetting.json
sound/a2_sfx/action/moveaction/footsteps/fs_gen_2feet_sand_06/soundsetting.json
sound/a2_sfx/action/moveaction/footsteps/fs_gen_2feet_sand_07/soundsetting.json
sound/a2_sfx/action/moveaction/footsteps/fs_gen_2feet_sand_08/soundsetting.json
sound/a2_sfx/action/moveaction/footsteps/fs_gen_2feet_water_01/soundsetting.json
sound/a2_sfx/action/moveaction/footsteps/fs_gen_2feet_water_02/soundsetting.json
sound/a2_sfx/action/moveaction/footsteps/fs_gen_2feet_water_03/soundsetting.json
sound/a2_sfx/action/moveaction/footsteps/fs_gen_2feet_water_04/soundsetting.json
sound/a2_sfx/action/moveaction/footsteps/fs_gen_2feet_water_05/soundsetting.json
sound/a2_sfx/action/moveaction/footsteps/fs_gen_2feet_water_06/soundsetting.json
sound/a2_sfx/action/moveaction/footsteps/fs_gen_2feet_water_07/soundsetting.json
sound/a2_sfx/action/moveaction/footsteps/fs_gen_2feet_water_08/soundsetting.json
sound/a2_sfx/fight/impact/sfx_imp_sword_lit/soundsetting.json
sound/a2_sfx/fight/magic/sfx_magic_casi_dark_flight_01/soundsetting.json
sound/a2_sfx/fight/statuseffect/sfx_magicbeam_flash_03/soundsetting.json
sound/a2_sfx/ui/general/ui_drawcard_onetimes_box_gold_open/soundsetting.json
sound/a2_sfx/ui/general/ui_drawcard_onetimes_box_ordinary_open/soundsetting.json
sound/a2_sfx/ui/general/ui_drawcard_onetimes_show/soundsetting.json
sound/a2_sfx/ui/general/ui_drawcard_tentimes_box_open/soundsetting.json
sound/a2_sfx/ui/general/ui_drawcard_tentimes_show_gold/soundsetting.json
sound/a2_sfx/ui/general/ui_drawcard_tentimes_show_ordinary_01/soundsetting.json
sound/a2_sfx/ui/general/ui_gamehall_congratulat_get/soundsetting.json
sound/a2_sfx/ui/general/ui_gamehall_equip_open/soundsetting.json
sound/a2_sfx/ui/general/ui_gamehall_friend_add/soundsetting.json
sound/a2_sfx/ui/general/ui_gamehall_friend_out/soundsetting.json
sound/a2_sfx/ui/general/ui_gamehall_gen_cancel/soundsetting.json
sound/a2_sfx/ui/general/ui_gamehall_gen_click/soundsetting.json
sound/a2_sfx/ui/general/ui_gamehall_gen_close/soundsetting.json
sound/a2_sfx/ui/general/ui_gamehall_gen_confirm/soundsetting.json
sound/a2_sfx/ui/general/ui_gamehall_page_level01_click/soundsetting.json
sound/a2_sfx/ui/general/ui_gamehall_popups/soundsetting.json
sound/a2_sfx/ui/general/ui_gamehall_promptwindow/soundsetting.json
sound/a2_sfx/ui/general/ui_gamehall_store_buy_success/soundsetting.json
sound/a2_sfx/ui/general/ui_gamehall_store_open/soundsetting.json
sound/a2_sfx/ui/general/ui_gamehall_system_open/soundsetting.json
sound/battle_grounds_sound/level_up/soundsetting.json
sound/battle_party_sound/bgm/amb_bp_winner_shout/soundsetting.json
sound/battle_party_sound/game/other/action_hero_pickup_coin_bp/soundsetting.json
sound/battle_party_sound/game/other/action_hero_pickup_item_bp/soundsetting.json
sound/battle_party_sound/ui_podium/soundsetting.json
sound/best_moment_sound/ui/ui_click_button/soundsetting.json
sound/best_moment_sound/ui/ui_window/soundsetting.json
sound/last_stand_sound/错误/soundsetting.json
sound/mover_td_sound/countdown/soundsetting.json
sound/promotion_sound/ui/三星结算音效_失败/soundsetting.json
sound/promotion_sound/ui/三星结算音效_胜利/soundsetting.json
sound/promotion_sound/ui/刷怪提示音/soundsetting.json
sound/trap_sound/旋转/soundsetting.json
sound/trap_sound/爆炸/soundsetting.json
sound/trap_sound/错误/soundsetting.json
sound/a2_sfx/ui/hud/ui_hud_award_get_bright_long/soundsetting.json
sound/promotion_sound/ui/交互主按键音/soundsetting.json
sound/promotion_sound/ui/倒计时音效/soundsetting.json
sound/promotion_sound/ui/全局按键提示音/soundsetting.json
sound/promotion_sound/ui/宝物提示音/soundsetting.json
sound/promotion_sound/ui/拾取音效/soundsetting.json
sound/promotion_sound/ui/等待读条音/soundsetting.json
sound/promotion_sound/ui/错误/soundsetting.json
anim/human/barehanded_anim/hand_05/skill_01.ani
anim/human/barehanded_anim/hand_05/skill_011.ani
anim/human/barehanded_anim/hand_05/skill_02.ani
anim/human/barehanded_anim/hand_05/skill_025.ani
anim/human/barehanded_anim/hand_05/skill_028.ani
anim/human/blade_anim/twohand_01/attack_03.ani
anim/human/gun_anim/qiangxiezhanshi/skill_04.ani
anim/human/magic_anim/mofashi/skill_01.ani
anim/human/sword_anim/dajianzhanshi/skill_04.ani
anim/human/sword_anim/twohand_04/attack_02.ani
characters/monster/sk_spider_burrow_s/anim/appear.ani
characters/monster/sk_spider_burrow_s/anim/attack.ani
characters/monster/sk_spider_burrow_s/anim/die.ani
characters/monster/sk_spider_burrow_s/anim/hit.ani
characters/monster/sk_spider_burrow_s/anim/idle.ani
characters/monster/sk_spider_burrow_s/anim/move.ani
characters/monster/sk_spider_burrow_s/anim/spellcast1.ani
characters/monster/sk_spider_burrow_s/anim/spellcast2.ani
characters/monster/sk_spider_burrow_s/anim/vertigo.ani
characters/general/sk_basic2/anim/combat_idle_01.ani
characters/general/sk_basic2/anim/die.ani
characters/general/sk_basic2/anim/gun_idle.ani
characters/general/sk_basic2/anim/gun_move.ani
characters/general/sk_basic2/anim/gun_move2.ani
characters/general/sk_basic2/anim/idle.ani
characters/general/sk_basic2/anim/idle_01.ani
characters/general/sk_basic2/anim/magic_idle.ani
characters/general/sk_basic2/anim/magic_move.ani
characters/general/sk_basic2/anim/move.ani
characters/general/sk_basic2/anim/run_01.ani
characters/general/sk_basic2/anim/run_02.ani
characters/general/sk_basic2/anim/run_03.ani
characters/general/sk_basic2/anim/sword_idle.ani
characters/general/sk_basic2/anim/sword_move.ani
characters/heartbeat/mori/anim/attack_01.ani
characters/heartbeat/mori/anim/attack_02.ani
characters/heartbeat/mori/anim/attack_03.ani
characters/heartbeat/mori/anim/attack_04.ani
characters/heartbeat/mori/anim/bron.ani
characters/heartbeat/mori/anim/die.ani
characters/heartbeat/mori/anim/hit.ani
characters/heartbeat/mori/anim/idle.ani
characters/heartbeat/mori/anim/idle02.ani
characters/heartbeat/mori/anim/idle03.ani
characters/heartbeat/mori/anim/idle04.ani
characters/heartbeat/mori/anim/move.ani
characters/monster/sk_vulture_bird/anim/attack.ani
characters/monster/sk_vulture_bird/anim/die.ani
characters/monster/sk_vulture_bird/anim/hit.ani
characters/monster/sk_vulture_bird/anim/idle.ani
characters/monster/sk_vulture_bird/anim/move.ani
characters/monster/sk_vulture_bird/anim/spellcast.ani
characters/monster/sk_vulture_bird/anim/vertigo.ani
characters/monster/sk_werewolf/anim/attack.ani
characters/monster/sk_werewolf/anim/born.ani
characters/monster/sk_werewolf/anim/die.ani
characters/monster/sk_werewolf/anim/hit.ani
characters/monster/sk_werewolf/anim/idle.ani
characters/monster/sk_werewolf/anim/jumpback.ani
characters/monster/sk_werewolf/anim/move.ani
characters/monster/sk_werewolf/anim/spellcast.ani
characters/monster/sk_werewolf/anim/spin_move.ani
characters/monster/sk_werewolf/anim/spin_prepare.ani
characters/monster/sk_werewolf/anim/vertigo.ani
characters/monster/sk_werewolf/anim/wave.ani
characters/monster_westfantasy/sk_jryg/anim/attack_01.ani
characters/monster_westfantasy/sk_jryg/anim/attack_02.ani
characters/monster_westfantasy/sk_jryg/anim/die.ani
characters/monster_westfantasy/sk_jryg/anim/idle.ani
characters/monster_westfantasy/sk_jryg/anim/move.ani
characters/monster_westfantasy/sk_jryg/anim/skill_01.ani
characters/monster_westfantasy/sk_jryg/anim/skill_02.ani
characters/monster_westfantasy/sk_jryg/anim/skill_03.ani
characters/tramcar_td/jinbi/anim/idle.ani
characters/monster/sk_spider_burrow_s/model.prefab
characters/general/sk_basic2/model.prefab
characters/heartbeat/mori/model.prefab
characters/monster/sk_vulture_bird/model.prefab
characters/monster/sk_werewolf/model.prefab
characters/monster_westfantasy/sk_jryg/model.prefab
characters/tramcar_td/jinbi/model.prefab
deco/engine/sm_plane_a01/model.prefab
deco/engine/sm_plane_a02/model.prefab
deco/engine/sm_plane_a03/model.prefab
deco/engine/fake_shadow/model.prefab
deco/handpaintedvol2_campsite/sm_backpack_01_base/model.prefab
eqpt/weapon/sk_nezha2_weapon205/model.prefab
eqpt/weapon/sm_dr_sword_04_02/model.prefab
characters/monster/sk_spider_burrow_s/model/m.mdl
characters/general/sk_basic2/model/m.mdl
characters/heartbeat/mori/model/m.mdl
characters/monster/sk_vulture_bird/model/m.mdl
characters/monster/sk_werewolf/model/m.mdl
characters/monster_westfantasy/sk_jryg/model/m.mdl
characters/tramcar_td/jinbi/model/m.mdl
deco/engine/sm_plane_a01/model/m.mdl
deco/engine/fake_shadow/model/m.mdl
deco/handpaintedvol2_campsite/sm_backpack_01_base/model/m.mdl
effect/bp/shandain_dandao/shandiandandao_1/sm_fx_plane_002.mdl
effect/bp/shandain_dandao/shandiandandao_3/sm_fx_plane_002.mdl
effect/ceshi/shengli/zfx_pian.mdl
effect/ceshi/shibai/zfx_pian.mdl
effect/eff_battle/particle/zhishi/ps_yuanxing_1/sm_yuanxing_52.mdl
effect/eff_reverse/particle/hades/daoguang/ps_daoguang_4/sm_ci_1.mdl
effect/eff_reverse/particle/hades/daoguang/ps_daoguang_4/sm_ci_2.mdl
effect/eff_tank/particle/ps_skill_effect_001/zhou_zfx1.mdl
effect/eff_tank/particle/ps_skill_effect_002/zhou_zfx1.mdl
effect/eff_tank/particle/ps_skill_effect_002_red/zhou_zfx1.mdl
effect/eff_tongyong/huoqiu2/sm_huoqiu_1.mdl
effect/eff_tongyong/huoqiu_blast/sm_huoqiu_1.mdl
effect/eff_tongyong/ps_daoguang_1/sm_daoguang_4.mdl
effect/eff_tongyong/ps_shouji_1/sp1.mdl
effect/eff_xujian/effect_emiti_003/sm_sphere_45_1.mdl
effect/eff_xujian/effect_zhanshi_001/fbx_sphere_004.mdl
effect/eff_xujian/effect_zhanshi_02/sm_daoguang_4_2.mdl
effect/eff_xujian/effect_zhanshi_02/sm_fx_knief_02_1.mdl
effect/eff_xujian/effect_zhanshi_02/sm_fx_knief_02.mdl
effect/eff_xujian/effect_zhanshi_02/s_xj_105_1_1.mdl
effect/eff_xujian/effect_zhanshi_04/mod_quan_001.mdl
effect/effect_new/eff_object/eff_diaoxiang_01/fbx_object_yixing_001.mdl
effect/effect_new/eff_object/eff_diaoxiang_01/fbx_object_yixing_001_1.mdl
effect/effect_new/effect_buff/eff_zhizhu_buff_01/mod_quan_004_1.mdl
effect/effect_new/effect_knief/ps_swordbreath_eff/sm_fx_knief_04.mdl
effect/effect_new/effect_knief/ps_swordbreath_eff/sm_fx_plane_001.mdl
effect/effect_new/effect_knief/ps_swordbreath_eff/sm_fx_plane_008.mdl
effect/effect_new/effect_mofa/eff_mofa_05/sm_fx_plane_001_2.mdl
effect/effect_new/effect_scene/1/ball_28.mdl
effect/effect_new/effect_scene/1/ball_28_1.mdl
effect/effect_new/effect_scene/1/sm_hudun_15.mdl
effect/effect_new/effect_scene/1/zuanshi1.mdl
effect/effect_new/effect_ui/eff_ui_biankuang006/sm_fx_uibiankuang_08.mdl
effect/effect_new/effect_zhishiqi/eff_juxing/ps_tou_1/sm_juxing_t_1.mdl
effect/effect_new/effect_zhishiqi/eff_juxing/ps_wei_1/sm_juxing_w_1.mdl
effect/effect_new/effect_zhishiqi/eff_juxing/ps_zhong_1/sm_fx_juxingzhishiqi_01.mdl
effect/effect_new/effect_zhishiqi/eff_shanxing/ps_shanxing_120_1/sm_shanxing_120_1.mdl
effect/effect_new/effect_zhishiqi/eff_shanxing/ps_shanxing_120_red_1/sm_shanxing_120_1.mdl
effect/effect_new/effect_zhishiqi/eff_shanxing/ps_shanxing_180_1/sm_shanxing_180_1.mdl
effect/effect_new/effect_zhishiqi/eff_shanxing/ps_shanxing_180_red_1/sm_shanxing_180_1.mdl
effect/effect_new/effect_zhishiqi/eff_shanxing/ps_shanxing_30_1/sm_shanxing_30_1.mdl
effect/effect_new/effect_zhishiqi/eff_shanxing/ps_shanxing_30_red_1/sm_shanxing_30_1.mdl
effect/effect_new/effect_zhishiqi/eff_shanxing/ps_shanxing_45_1/sm_shanxing_45_1.mdl
effect/effect_new/effect_zhishiqi/eff_shanxing/ps_shanxing_45_red_1/sm_shanxing_45_1.mdl
effect/effect_new/effect_zhishiqi/eff_shanxing/ps_shanxing_60_1/sm_shanxing_60_3.mdl
effect/effect_new/effect_zhishiqi/eff_shanxing/ps_shanxing_60_red_1/sm_shanxing_60_3.mdl
effect/effect_new/effect_zhishiqi/eff_shanxing/ps_shanxing_90_1/sm_shanxing_90_2.mdl
effect/effect_new/effect_zhishiqi/eff_shanxing/ps_shanxing_90_red_1/sm_shanxing_90_2.mdl
effect/effect_new/effect_zhishiqi/eff_zhishiqi/ps_biaoji_1/sm_fx_tubiao_02.mdl
effect/effect_new/effect_zhishiqi/eff_zhishiqi/ps_biaoji_red_1/sm_fx_tubiao_02.mdl
effect/effect_new/effect_zhishiqi/eff_zhishiqi/ps_jineng_1/sm_jineng_1_1.mdl
effect/effect_new/effect_zhishiqi/eff_zhishiqi/ps_yuanxing_1/sm_yuanxing_52_1.mdl
effect/effect_new/effect_zhishiqi/eff_zhishiqi/ps_yuanxing_red_1/sm_yuanxing_52_1.mdl
effect/effect_new/effect_zhishiqi/eff_zhishiqi/ps_zhixiangxing_1/sm_fx_zhishiqi_01.mdl
effect/effect_new/effect_zhishiqi/eff_zhishiqi/ps_zhixiangxing_red_1/sm_fx_zhishiqi_01.mdl
effect/effect_new/effect_zhishiqi/eff_zhixianxing/ps_tou_1/sm_zhixian_t_2.mdl
effect/samplespells/avatar/avatar_caster/tielian_pl.mdl
effect/samplespells/avatar/avatar_caster/tempstaticmesh0.mdl
effect/samplespells/hook/hook_missile/gouzi1_1.mdl
eqpt/weapon/sk_nezha2_weapon2/model/m.mdl
effect/effect_new1/eff_weapon/eff_nezha_quan/neza_quan1.mdl
eqpt/weapon/sm_dr_sword_04_02/model/m.mdl
effect/effect_new1/effect_fumo/eff_jurenyougui/particle.effect
effect/samplespells/hook/hook_hit/particle.effect
effect/bp/shandain_dandao/shandiandandao_1/particle.effect
effect/bp/shandain_dandao/shandiandandao_3/particle.effect
effect/bp/yuan/ps_zhishi_1/particle.effect
effect/bp/yuan/ps_zhishi_5/particle.effect
effect/bp/yuan/ps_zhishi_7/particle.effect
effect/bp/yuan/ps_zhishi_8/particle.effect
effect/ceshi/shengli/particle.effect
effect/ceshi/shibai/particle.effect
effect/eff_ceshi_1/particle/ps_huo_5/particle.effect
effect/eff_battle/particle/zhishi/ps_yuanxing_1/particle.effect
effect/eff_reverse/particle/hades/daoguang/ps_daoguang_4/particle.effect
effect/eff_reverse/particle/unknown/tongyong/ps_xuanyun_eff/particle.effect
effect/eff_tank/particle/indicator/ps_skill_effect_001_red/particle.effect
effect/eff_tank/particle/ps_skill_effect_001/particle.effect
effect/eff_tank/particle/ps_skill_effect_002/particle.effect
effect/eff_tank/particle/ps_skill_effect_002_red/particle.effect
effect/eff_tank/particle/ps_spell_blue_circle/particle.effect
effect/eff_tank/particle/ps_spell_green_circle_red/particle.effect
effect/eff_tongyong/huoqiu2/particle.effect
effect/eff_tongyong/huoqiu_blast/particle.effect
effect/eff_tongyong/ps_daoguang_1/particle.effect
effect/eff_tongyong/ps_shouji_1/particle.effect
effect/eff_xujian/effect_dilie_001/particle.effect
effect/eff_xujian/effect_emiti_003/particle.effect
effect/eff_xujian/effect_fire_debuff/particle.effect
effect/eff_xujian/effect_hit_001/particle.effect
effect/eff_xujian/effect_light_01_01/particle.effect
effect/eff_xujian/effect_tuowei_001/particle.effect
effect/eff_xujian/effect_zhanshi_001/particle.effect
effect/eff_xujian/effect_zhanshi_02/particle.effect
effect/eff_xujian/effect_zhanshi_03/particle.effect
effect/eff_xujian/effect_zhanshi_03buff/particle.effect
effect/eff_xujian/effect_zhanshi_04/particle.effect
effect/eff_xujian/effect_zhanshi_hit/particle.effect
effect/eff_xujian/effect_zhanshi_jian01/particle.effect
effect/effect_new/eff_object/eff_diaoxiang_01/particle.effect
effect/effect_new/effect_buff/eff_zhizhu_buff_01/particle.effect
effect/effect_new/effect_hit/eff_hit_15/particle.effect
effect/effect_new/effect_hit/ps_lightarrows_hit_eff/particle.effect
effect/effect_new/effect_hit/ps_whirlingblade_hit_eff/particle.effect
effect/effect_new/effect_knief/ps_swordbreath_eff/particle.effect
effect/effect_new/effect_mofa/eff_mofa_05/particle.effect
effect/effect_new/effect_mofa/eff_purplehit_01/particle.effect
effect/effect_new/effect_scene/1/particle.effect
effect/effect_new/effect_ui/eff_ui_biankuang006/particle.effect
effect/effect_new/effect_zhishiqi/eff_juxing/ps_tou_1/particle.effect
effect/effect_new/effect_zhishiqi/eff_juxing/ps_wei_1/particle.effect
effect/effect_new/effect_zhishiqi/eff_juxing/ps_zhong_1/particle.effect
effect/effect_new/effect_zhishiqi/eff_shanxing/ps_shanxing_120_1/particle.effect
effect/effect_new/effect_zhishiqi/eff_shanxing/ps_shanxing_120_red_1/particle.effect
effect/effect_new/effect_zhishiqi/eff_shanxing/ps_shanxing_180_1/particle.effect
effect/effect_new/effect_zhishiqi/eff_shanxing/ps_shanxing_180_red_1/particle.effect
effect/effect_new/effect_zhishiqi/eff_shanxing/ps_shanxing_30_1/particle.effect
effect/effect_new/effect_zhishiqi/eff_shanxing/ps_shanxing_30_red_1/particle.effect
effect/effect_new/effect_zhishiqi/eff_shanxing/ps_shanxing_45_1/particle.effect
effect/effect_new/effect_zhishiqi/eff_shanxing/ps_shanxing_45_red_1/particle.effect
effect/effect_new/effect_zhishiqi/eff_shanxing/ps_shanxing_60_1/particle.effect
effect/effect_new/effect_zhishiqi/eff_shanxing/ps_shanxing_60_red_1/particle.effect
effect/effect_new/effect_zhishiqi/eff_shanxing/ps_shanxing_90_1/particle.effect
effect/effect_new/effect_zhishiqi/eff_shanxing/ps_shanxing_90_red_1/particle.effect
effect/effect_new/effect_zhishiqi/eff_zhishiqi/ps_biaoji_1/particle.effect
effect/effect_new/effect_zhishiqi/eff_zhishiqi/ps_biaoji_red_1/particle.effect
effect/effect_new/effect_zhishiqi/eff_zhishiqi/ps_jineng_1/particle.effect
effect/effect_new/effect_zhishiqi/eff_zhishiqi/ps_yuanxing_1/particle.effect
effect/effect_new/effect_zhishiqi/eff_zhishiqi/ps_yuanxing_red_1/particle.effect
effect/effect_new/effect_zhishiqi/eff_zhishiqi/ps_zhixiangxing_1/particle.effect
effect/effect_new/effect_zhishiqi/eff_zhishiqi/ps_zhixiangxing_red_1/particle.effect
effect/effect_new/effect_zhishiqi/eff_zhixianxing/ps_tou_1/particle.effect
effect/effect_new1/effect_emit/eff_sacred_ray/particle.effect
effect/samplespells/avatar/avatar_caster/particle.effect
effect/samplespells/devotion/devotionaura/particle.effect
effect/samplespells/hook/hook_missile/particle.effect
effect/samplespells/snake ward/snake ward_attack/particle.effect
effect/samplespells/snake ward/snake ward_hit/particle.effect
effect/effect_new1/eff_weapon/eff_nezha_quan/particle.effect
effect/effect_new1/eff_weapon/eff_nezha/particle.effect
maps/busiyixiantu_5n1b/anim/sk_basic2/anim/human/sword_anim/dajianzhanshi/skill_02.ani
maps/busiyixiantu_5n1b/anim/sk_basic2/anim/human/sword_anim/dajianzhanshi/skill_03.ani
maps/busiyixiantu_5n1b/anim/sk_basic2/anim/human/sword_anim/dajianzhanshi/skill_04.ani
maps/busiyixiantu_5n1b/anim/sk_basic2/anim/human/sword_anim/dajianzhanshi/skill_01.ani
sound/a2_sfx/action/moveaction/footsteps/fs_gen_2feet_dirt_01.ogg
sound/a2_sfx/action/moveaction/footsteps/fs_gen_2feet_dirt_02.ogg
sound/a2_sfx/action/moveaction/footsteps/fs_gen_2feet_dirt_03.ogg
sound/a2_sfx/action/moveaction/footsteps/fs_gen_2feet_dirt_04.ogg
sound/a2_sfx/action/moveaction/footsteps/fs_gen_2feet_dirt_05.ogg
sound/a2_sfx/action/moveaction/footsteps/fs_gen_2feet_dirt_06.ogg
sound/a2_sfx/action/moveaction/footsteps/fs_gen_2feet_dirt_07.ogg
sound/a2_sfx/action/moveaction/footsteps/fs_gen_2feet_dirt_08.ogg
sound/a2_sfx/action/moveaction/footsteps/fs_gen_2feet_grass_01.ogg
sound/a2_sfx/action/moveaction/footsteps/fs_gen_2feet_grass_02.ogg
sound/a2_sfx/action/moveaction/footsteps/fs_gen_2feet_grass_03.ogg
sound/a2_sfx/action/moveaction/footsteps/fs_gen_2feet_grass_04.ogg
sound/a2_sfx/action/moveaction/footsteps/fs_gen_2feet_grass_05.ogg
sound/a2_sfx/action/moveaction/footsteps/fs_gen_2feet_grass_06.ogg
sound/a2_sfx/action/moveaction/footsteps/fs_gen_2feet_grass_07.ogg
sound/a2_sfx/action/moveaction/footsteps/fs_gen_2feet_grass_08.ogg
sound/a2_sfx/action/moveaction/footsteps/fs_gen_2feet_rock_01.ogg
sound/a2_sfx/action/moveaction/footsteps/fs_gen_2feet_rock_02.ogg
sound/a2_sfx/action/moveaction/footsteps/fs_gen_2feet_rock_03.ogg
sound/a2_sfx/action/moveaction/footsteps/fs_gen_2feet_rock_04.ogg
sound/a2_sfx/action/moveaction/footsteps/fs_gen_2feet_rock_05.ogg
sound/a2_sfx/action/moveaction/footsteps/fs_gen_2feet_rock_06.ogg
sound/a2_sfx/action/moveaction/footsteps/fs_gen_2feet_rock_07.ogg
sound/a2_sfx/action/moveaction/footsteps/fs_gen_2feet_rock_08.ogg
sound/a2_sfx/action/moveaction/footsteps/fs_gen_2feet_sand_01.ogg
sound/a2_sfx/action/moveaction/footsteps/fs_gen_2feet_sand_02.ogg
sound/a2_sfx/action/moveaction/footsteps/fs_gen_2feet_sand_03.ogg
sound/a2_sfx/action/moveaction/footsteps/fs_gen_2feet_sand_04.ogg
sound/a2_sfx/action/moveaction/footsteps/fs_gen_2feet_sand_05.ogg
sound/a2_sfx/action/moveaction/footsteps/fs_gen_2feet_sand_06.ogg
sound/a2_sfx/action/moveaction/footsteps/fs_gen_2feet_sand_07.ogg
sound/a2_sfx/action/moveaction/footsteps/fs_gen_2feet_sand_08.ogg
sound/a2_sfx/action/moveaction/footsteps/fs_gen_2feet_water_01.ogg
sound/a2_sfx/action/moveaction/footsteps/fs_gen_2feet_water_02.ogg
sound/a2_sfx/action/moveaction/footsteps/fs_gen_2feet_water_03.ogg
sound/a2_sfx/action/moveaction/footsteps/fs_gen_2feet_water_04.ogg
sound/a2_sfx/action/moveaction/footsteps/fs_gen_2feet_water_05.ogg
sound/a2_sfx/action/moveaction/footsteps/fs_gen_2feet_water_06.ogg
sound/a2_sfx/action/moveaction/footsteps/fs_gen_2feet_water_07.ogg
sound/a2_sfx/action/moveaction/footsteps/fs_gen_2feet_water_08.ogg
sound/a2_sfx/fight/impact/sfx_imp_sword_lit.ogg
sound/a2_sfx/fight/magic/sfx_magic_casi_dark_flight_01.ogg
sound/a2_sfx/fight/statuseffect/sfx_magicbeam_flash_03.ogg
sound/a2_sfx/ui/general/ui_drawcard_onetimes_box_gold_open.ogg
sound/a2_sfx/ui/general/ui_drawcard_onetimes_box_ordinary_open.ogg
sound/a2_sfx/ui/general/ui_drawcard_onetimes_show.ogg
sound/a2_sfx/ui/general/ui_drawcard_tentimes_box_open.ogg
sound/a2_sfx/ui/general/ui_drawcard_tentimes_show_gold.ogg
sound/a2_sfx/ui/general/ui_drawcard_tentimes_show_ordinary_01.ogg
sound/a2_sfx/ui/general/ui_gamehall_congratulat_get.ogg
sound/a2_sfx/ui/general/ui_gamehall_equip_open.ogg
sound/a2_sfx/ui/general/ui_gamehall_friend_add.ogg
sound/a2_sfx/ui/general/ui_gamehall_friend_out.ogg
sound/a2_sfx/ui/general/ui_gamehall_gen_cancel.ogg
sound/a2_sfx/ui/general/ui_gamehall_gen_click.ogg
sound/a2_sfx/ui/general/ui_gamehall_gen_close.ogg
sound/a2_sfx/ui/general/ui_gamehall_gen_confirm.ogg
sound/a2_sfx/ui/general/ui_gamehall_page_level01_click.ogg
sound/a2_sfx/ui/general/ui_gamehall_popups.ogg
sound/a2_sfx/ui/general/ui_gamehall_promptwindow.ogg
sound/a2_sfx/ui/general/ui_gamehall_store_buy_success.ogg
sound/a2_sfx/ui/general/ui_gamehall_store_open.ogg
sound/a2_sfx/ui/general/ui_gamehall_system_open.ogg
sound/battle_grounds_sound/level_up.ogg
sound/battle_grounds_sound/level_up.wav
sound/battle_party_sound/bgm/amb_bp_winner_shout.ogg
sound/battle_party_sound/game/other/action_hero_pickup_coin_bp.ogg
sound/battle_party_sound/game/other/action_hero_pickup_item_bp.ogg
sound/battle_party_sound/ui_podium.ogg
sound/best_moment_sound/ui/ui_click_button.ogg
sound/best_moment_sound/ui/ui_window.ogg
sound/last_stand_sound/错误.ogg
sound/last_stand_sound/错误.wav
sound/mover_td_sound/countdown.ogg
sound/mover_td_sound/countdown.wav
sound/promotion_sound/ui/三星结算音效_失败.ogg
sound/promotion_sound/ui/三星结算音效_失败.wav
sound/promotion_sound/ui/三星结算音效_胜利.ogg
sound/promotion_sound/ui/三星结算音效_胜利.wav
sound/promotion_sound/ui/刷怪提示音.ogg
sound/promotion_sound/ui/刷怪提示音.wav
sound/trap_sound/旋转.ogg
sound/trap_sound/旋转.wav
sound/trap_sound/爆炸.ogg
sound/trap_sound/爆炸.wav
sound/trap_sound/错误.ogg
sound/trap_sound/错误.wav
sound/a2_sfx/ui/hud/ui_hud_award_get_bright_long.ogg
sound/promotion_sound/ui/交互主按键音.ogg
sound/promotion_sound/ui/交互主按键音.wav
sound/promotion_sound/ui/倒计时音效.ogg
sound/promotion_sound/ui/倒计时音效.wav
sound/promotion_sound/ui/全局按键提示音.ogg
sound/promotion_sound/ui/全局按键提示音.wav
sound/promotion_sound/ui/宝物提示音.ogg
sound/promotion_sound/ui/宝物提示音.wav
sound/promotion_sound/ui/拾取音效.ogg
sound/promotion_sound/ui/拾取音效.wav
sound/promotion_sound/ui/等待读条音.ogg
sound/promotion_sound/ui/等待读条音.wav
sound/promotion_sound/ui/错误.ogg
sound/promotion_sound/ui/错误.wav
ui/font/regular
ui/font/sourcehanserif
tiles/textures/mix/basecolor_terrain.png
tiles/textures/mix/mixcolor_terrain.png
editor/textures/engine/waterrefraction.tga
editor/textures/engine/waternormal.png
editor/textures/engine/waterreflection.dds
deco/dungeon/plant/sm_dg_xiaozhiwu_06_01/textures/t_dg_xiaozhiwu_06_01_d.tga
deco/dungeon/plant/sm_dg_xiaozhiwu_06_01/textures/t_dg_xiaozhiwu_06_01_m.tga
deco/dungeon/plant/sm_dg_xiaozhiwu_06_02/textures/t_dg_xiaozhiwu_06_02_ao.tga
deco/dungeon/plant/sm_dg_guanmu_05_03/textures/t_dg_xiaozhiwu_04_01_m.tga
deco/dungeon/plant/sm_dg_guanmu_05_08/textures/t_dg_guanmu_05_08_ao.tga
deco/tiles/me_basemesh_dg/decal/sm_dg_wall_10_01/textures/t_dg_wall_b.tga
deco/tiles/me_basemesh_dg/decal/sm_dg_wall_10_01/textures/t_dg_wall_m.tga
deco/tiles/me_basemesh_dg/decal/sm_dg_wall_10_01/textures/t_dg_wall_ao.tga
deco/snowy_landscape/sm_stone_d/textures/t_stone_d_mix.tga
editor/textures/materiallibrary/t_rock_a_b.tga
editor/textures/materiallibrary/t_rock_a_mix.tga
deco/snowy_landscape/sm_stone_a/textures/t_stone_a_mix.tga
texture/effect/xujian/noise/t_fx_noise_024.png
texture/effect/xujian/mask/tex_fx_mask_006.png
texture/effect/xujian/noise/t_fx_noise_018.png
texture/effect/xujian/noise/t_fx_noise_002.png
texture/effect/xujian/smoke/fx_t_smoke_44.tga
texture/effect/xujian/object/t_fx_water_015.png
editor/textures/engine/default_mix_r1m0.tga
deco/dungeon/plant/sm_hehua_10_03/textures/t_heye_a_basecolor.tga
deco/dungeon/plant/sm_hehua_10_03/textures/t_heye_a_m.tga
deco/dungeon/plant/sm_heye_10_06/textures/t_heye_10_06_ao.tga
deco/tiles/me_basemesh_dg/decal/sm_dg_zhuzi_10_02/textures/t_dg_zhuzi_10_01_b.tga
deco/tiles/me_basemesh_dg/decal/sm_dg_zhuzi_10_02/textures/t_dg_zhuzi_10_01_m.tga
texture/effect/t_old/t_lazhu.png
deco/ndg/sm_ndg_sill_a/textures/t_ndg_sill_a_b.tga
deco/ndg/sm_ndg_sill_a/textures/t_ndg_sill_a_m.tga
deco/ndg/sm_ndg_sill_a/textures/t_ndg_sill_a_ao.tga
deco/prop/barrels_preset_01/textures/atlas_props_02.tga
deco/prop/barrels_preset_01/textures/atlas_props_01_normal2.tga
deco/prop/spiderweb02/textures/spiderweb_25.tga
editor/textures/engine/default_mix.png
deco/prop/spiderweb02/textures/t_spiderweb_4.tga
deco/dungeon/plant/sm_dg_xiaozhiwu_06_03/textures/t_dg_xiaozhiwu_06_03_ao.tga
deco/dungeon/plant/sm_dg_guanmu_02_01/textures/t_dg_xiaozhiwu_01_01_m.tga
deco/dungeon/plant/sm_dg_guanmu_02_01/textures/t_dg_guanmu_02_01_ao.tga
deco/chinoiserie/sm_ch_littlestone_a/textures/t_ch_littlestone_a.tga
deco/chinoiserie/sm_ch_littlestone_a/textures/t_ch_littlestone_mix.tga
deco/chinoiserie/sm_ch_littlestone_a/textures/t_ch_littlestone_a_ao.tga
deco/chinoiserie/sm_ch_littlestone_d/textures/t_ch_littlestone_d_ao.tga
deco/dungeon/plant/sm_dg_guanmu_01_02/textures/t_dg_guanmu_01_02_ao.tga
deco/dungeon/plant/sm_dg_guanmu_05_03/textures/t_dg_guanmu_05_03_ao.tga
deco/dungeon/plant/sm_dg_guanmu_05_04/textures/t_dg_guanmu_05_04_ao.tga
deco/rainforest/sm_wudumilin_pashanhu_01_01/textures/t_wudumilin_pashanhu_01_01_d.tga
deco/rainforest/sm_wudumilin_pashanhu_01_01/textures/t_wudumilin_pashanhu_01_01_m.tga
deco/rainforest/sm_wudumilin_pashanhu_05_01/textures/t_wudumilin_pashanhu_05_01_ao.tga
deco/snowy_landscape/sm_stone_e/textures/t_stone_e_mixl.tga
deco/dungeon/plant/sm_dg_xiaozhiwu_06_01/textures/t_dg_xiaozhiwu_06_01_ao.tga
deco/dungeon/plant/sm_dg_guanmu_05_07/textures/t_dg_guanmu_05_07_ao.tga
deco/chinoiserie/sm_ch_littlestone_e/textures/t_ch_littlestone_e_ao.tga
deco/tiles/me_basemesh_dg/decal/sm_dg_fushou_11/textures/t_dg_stairs_str_256_11_b.tga
deco/tiles/me_basemesh_dg/decal/sm_dg_fushou_11/textures/t_dg_stairs_str_256_11_m.tga
deco/tiles/me_basemesh_dg/decal/sm_dg_fushou_11/textures/t_dg_fushou_11_01_ao.tga
deco/tiles/me_basemesh_dg/decal/sm_dg_fushou_12/textures/t_dg_fushou_12_ao.tga
deco/rainforest/sm_wudumilin_mogu_01_01/textures/t_wudumilin_mogu_01_01_d.tga
deco/rainforest/sm_wudumilin_mogu_01_01/textures/t_wudumilin_mogu_01_01_m.tga
deco/rainforest/sm_wudumilin_mogu_04_01/textures/t_wudumilin_mogu_04_01_ao.tga
deco/rainforest/sm_wudumilin_mogu_03_01/textures/t_wudumilin_mogu_03_01_ao.tga
deco/dungeon/plant/sm_heye_10_05/textures/t_heye_10_05_ao.tga
deco/ndg/sm_ndg_skeleton_d/textures/t_ndg_skulls_b_b.tga
deco/ndg/sm_ndg_skeleton_d/textures/t_ndg_skulls_b_m.tga
deco/field/sm_candle_a/textures/t_candle_mix.tga
deco/field/sm_candle_a/textures/t_candle_normal.tga
deco/field/sm_candle_a/textures/t_candle_a_ao.tga
deco/chinoiserie/sm_ch_littlestone_c/textures/t_ch_littlestone_c_ao.tga
deco/field/sm_candle_b/textures/t_candle_b_ao.tga
deco/field/sm_candle_f/textures/t_candle_f_ao.tga
deco/tiles/me_basemesh_hope/path/path_rock_0_0_128_128_1_1_1_0/textures/t_rock_b_basecolor.tga
deco/tiles/me_basemesh_hope/path/path_rock_0_0_128_128_1_1_1_0/textures/t_rock_b_mix.tga
deco/tiles/me_basemesh_hope/path/path_rock_0_0_128_128_1_1_1_0/textures/t_rock_a_basecolor.tga
deco/tiles/me_basemesh_hope/path/path_rock_0_0_128_128_1_1_1_0/textures/t_rock_a_mix.tga
texture/effect/t_old/5cc71697-9312-40f1-9c01-f2719b295c0f.png
texture/effect/t_old/fx_c_fire_013_cl.png
texture/effect/t_old/fx_a_cloud_1.png
deco/dungeon/sm_huopen_a/textures/t_huopen_mix.tga
deco/dungeon/sm_huopen_a/textures/t_huopen_mask.png
deco/dungeon/sm_huopen_a/textures/t_huopen_a_ao.tga
deco/snowy_landscape/sm_stone_b/textures/t_stone_b_mix.tga
deco/dungeon/plant/sm_heye_10_04/textures/t_heye_10_04_ao.tga
deco/chinoiserie/sm_ch_littlestone_b/textures/t_ch_littlestone_b_ao.tga
deco/prop/sm_chandelier01/textures/t_chandelier_mix.tga
editor/textures/materiallibrary/t_metal_b_b.tga
editor/textures/materiallibrary/t_metal_b_mix.tga
deco/prop/sm_torch02/textures/t_torch02_ao.tga
deco/rainforest/sm_wudumilin_xiaozhiwu_06_01/textures/t_wudumilin_xiaozhiwu_06_01_d.tga
deco/rainforest/sm_wudumilin_xiaozhiwu_06_01/textures/t_wudumilin_xiaozhiwu_06_01_m.tga
deco/rainforest/sm_wudumilin_xiaozhiwu_07_01/textures/t_wudumilin_xiaozhiwu_07_01_ao.tga
deco/rainforest/sm_wudumilin_mogu_02_01/textures/t_wudumilin_mogu_02_01_ao.tga
deco/decal/decal_ndg_j/textures/t_ndg_decal_j_b.tga
deco/decal/decal_ndg_j/textures/t_ndg_decal_j_m.tga
texture/effect/xujian/smoke/tex_fx_smoke_019.png
texture/effect/xujian/noise/t_fx_noise_038.tga
texture/effect/xujian/noise/t_fx_noise_019.tga
texture/effect/xujian/mask/tex_fx_mask_056.png
texture/effect/xujian/object/t_fx_object_68.png
deco/ndg/sm_ndg_manholecover_a/textures/t_ndg_manholecover_a_b.tga
deco/ndg/sm_ndg_manholecover_a/textures/t_ndg_manholecover_a_m.tga
deco/ndg/sm_ndg_manholecover_a/textures/t_ndg_manholecover_a_ao.tga
deco/ndg/sm_ndg_chains_a/textures/t_ndg_chains_b.tga
deco/ndg/sm_ndg_chains_a/textures/t_ndg_chains_m.tga
deco/prop/spiderweb03/textures/t_spiderweb_8.tga
deco/prop/barrels_preset_03/textures/atlas_props_02.tga
deco/prop/barrels_preset_03/textures/atlas_props_02_normal.tga
deco/ndg/sm_ndg_statue_a/textures/t_ndg_statue_a_b.tga
deco/ndg/sm_ndg_statue_a/textures/t_ndg_statue_a_mix.tga
deco/rainforest/sm_wudumilin_pashanhu_01_01/textures/t_wudumilin_pashanhu_01_01_ao.tga
deco/rainforest/sm_wudumilin_pashanhu_02_01/textures/t_wudumilin_pashanhu_02_01_ao.tga
deco/dungeon/plant/sm_dg_xiaozhiwu_06_04/textures/t_dg_xiaozhiwu_06_04_ao.tga
deco/rainforest/sm_wudumilin_pashanhu_04_01/textures/t_wudumilin_pashanhu_04_01_ao.tga
deco/rainforest/sm_wudumilin_pashanhu_03_01/textures/t_wudumilin_pashanhu_03_01_ao.tga
deco/plants/sm_plants_tree03/textures/sm_plants_tree01_d.tga
deco/plants/sm_plants_tree03/textures/sm_plants_tree01_mix.tga
deco/plants/sm_plants_tree03/textures/sm_plants_tree03_ao.tga
deco/plants/sm_plants_tree02/textures/sm_plants_tree01_d.tga
deco/plants/sm_plants_tree02/textures/sm_plants_tree01_mix.tga
deco/plants/sm_plants_tree02/textures/sm_plants_tree02_ao.tga
deco/rainforest/sm_wudumilin_guanmu_01_01/textures/t_wudumilin_guanmu_01_03_d.tga
deco/rainforest/sm_wudumilin_guanmu_01_01/textures/t_wudumilin_guanmu_01_01_m.tga
deco/stylized_landscape/sm_flower_b/textures/t_plants_basecolor.tga
deco/stylized_landscape/sm_flower_b/textures/t_paint_mix.tga
deco/stylized_landscape/sm_flower_b/textures/t_flower_b_ao.tga
deco/stylized_landscape/sm_flower_c/textures/t_flower_c_ao.tga
deco/plants/sm_plants_tree01/textures/sm_plants_tree01_d.tga
deco/plants/sm_plants_tree01/textures/sm_plants_tree01_mix.tga
deco/plants/sm_plants_tree01/textures/sm_plants_tree01_ao.tga
effect/eff_roguelike/firewall_eff1/firewall_eff2/t_fx_stone_062_h_1.png
effect/eff_roguelike/firewall_eff1/firewall_eff2/t_fx_mask_070_h.png
effect/eff_roguelike/firewall_eff1/firewall_eff2/t_fx_smoke_109_h.png
effect/eff_roguelike/firewall_eff1/firewall_eff1/t_fx_fire_3065_h.png
effect/eff_roguelike/firewall_eff1/firewall_eff2/t_fx_glow_003_h_1.png
texture/effect/xujian/mask/tex_fx_mask_035.png
texture/effect/xujian/noise/t_fx_noise_020.png
deco/dungeon/plant/sm_dg_bush_10_01/textures/t_dg_bush_mix.tga
deco/dungeon/plant/sm_dg_ivy_10_05/textures/t_dg_ivy_10_05_ao.tga
texture/effect/xujian/ray/tex_fx_ray_018.png
deco/rainforest/sm_wudumilin_shu_02_01/textures/t_wudumilin_shu_02_01_d.tga
deco/rainforest/sm_wudumilin_shu_02_01/textures/t_wudumilin_shu_02_01_m.tga
deco/rainforest/sm_wudumilin_shu_02_01/textures/t_wudumilin_shu_02_01_ao.tga
deco/rainforest/sm_wudumilin_shu_01_02/textures/t_wudumilin_shu_01_02_d.tga
deco/rainforest/sm_wudumilin_shu_01_02/textures/t_wudumilin_shu_01_02_m.tga
deco/rainforest/sm_wudumilin_shu_02_02/textures/t_wudumilin_shu_02_02_ao.tga
texture/effect/t_old/t_fumo.png
texture/effect/t_old/t_zifu.png
effect/effect_new/effect_scene/effect_scene_keji_02/uv_once_t_jianbian_2.png
texture/effect/t_old/t_jianbian_8.png
texture/effect/dj/trail/tex_fx_trail_006_dj.png
texture/effect/t_old/eff_stone_8.png
texture/effect/t_old/t_glow_12.png
texture/effect/xujian/trail/tex_fx_trail_06.png
texture/effect/xujian/mask/tex_fx_mask_013.png
texture/effect/dj/object/t_fx_xingzuo_003dj.png
texture/effect/dj/object/t_fx_xingzuo_001dj.png
texture/effect/dj/object/t_fx_xingzuo_004dj.png
texture/effect/xujian/glow/tex_fx_glow_024.png
texture/effect/xujian/fire/tex_fx_fire_014.png
texture/effect/xujian/fire/tex_fx_fire_031.png
cube/day/daydiffusehdr.dds
cube/day/dayspecularhdr.dds
cube/day/daywaterreflection.dds
editor/textures/engine/vignetting.png
cube/day/dayspecularhdr_qualitylow.dds
cube/day/dayspecularhdr_qualityhigh.dds
deco/ndg/sm_ndg_banner_a/textures/t_ndg_banner_a_b.tga
deco/ndg/sm_ndg_banner_a/textures/t_ndg_banner_a_m.tga
editor/textures/engine/default_mix03.png
deco/ndg/sm_ndg_banner_a/textures/t_ndg_banner_a_ao.tga
editor/techniques/pbr_packednormal/tileblendonepackednormal.xml
editor/techniques/pbr_packednormal/tileblendtwopackednormal.xml
editor/techniques/pbr_packednormal/tileblendthreepackednormal.xml
editor/techniques/pbr_packednormal/tileblendninepackednormal.xml
editor/techniques/pbr_packednormal/tilecliffpackednormal.xml
editor/techniques/pbr_packednormal/tilecliff2packednormal.xml
editor/techniques/water.xml
editor/techniques/pbr_packednormal/landscapepackednormal.xml
editor/techniques/pbr_packednormal/graylevelfive.xml
editor/techniques/pbr_packednormal/grayleveltwo.xml
editor/techniques/pbr_packednormal/staticobject.xml
editor/techniques/lambert/defaultlambert.xml
c:/users/xd/documents/project_bsyxt/atmosphere/default.lightgroup
tiles/material/mix/tileblendone_terrain.material
tiles/material/mix/tileblendtwo_terrain.material
tiles/material/mix/tileblendthree_terrain.material
tiles/material/mix/tileblendnine_terrain.material
tiles/material/mix/tilecliff_terrain.material
tiles/material/mix/tilecliff2_terrain.material
editor/materials/engine/water.material
editor/materials/engine/landscape.material
editor/materials/engine/gridmaterial.material
deco/dungeon/plant/sm_dg_xiaozhiwu_06_02/materials/sm_dg_xiaozhiwu_06_02.material
deco/dungeon/plant/sm_dg_guanmu_05_10/materials/sm_dg_guanmu_05_10.material
deco/tiles/me_basemesh_dg/decal/sm_dg_wall_10_01/materials/m_dg_wall_10_01.material
deco/chinoiserie/sm_waterstone_02/materials/m_waterstone_02.material
deco/chinoiserie/sm_waterstone_01/materials/m_waterstone_01.material
deco/chinoiserie/plant/sm_aquatic_a/materials/m_aquatic_a.material
deco/dungeon/plant/sm_heye_10_06/materials/sm_heye_10_06.material
deco/tiles/me_basemesh_dg/decal/sm_dg_zhuzi_10_02/materials/m_dg_zhuzi_10_02.material
deco/ndg/sm_ndg_sill_a/materials/m_ndg_sill_a.material
deco/prop/barrels_preset_01/materials/barrels_preset_01.material
deco/prop/spiderweb02/materials/m_spiderweb02.material
deco/prop/spiderweb02/materials/m_spiderweb02_02.material
deco/dungeon/plant/sm_dg_xiaozhiwu_06_03/materials/sm_dg_xiaozhiwu_06_03.material
deco/dungeon/plant/sm_dg_guanmu_02_01/materials/m_dg_guanmu_02_01_b.material
deco/chinoiserie/sm_ch_littlestone_a/materials/sm_ch_littlestone_a.material
deco/chinoiserie/sm_ch_littlestone_d/materials/sm_ch_littlestone_d.material
deco/dungeon/plant/sm_dg_guanmu_01_02/materials/sm_dg_guanmu_01_02.material
deco/dungeon/plant/sm_dg_guanmu_05_03/materials/m_dg_guanmu_05_03.material
deco/dungeon/plant/sm_dg_guanmu_05_04/materials/sm_dg_guanmu_05_04.material
deco/rainforest/sm_wudumilin_pashanhu_05_01/materials/sm_wudumilin_pashanhu_05_01.material
deco/chinoiserie/sm_waterstone_04/materials/m_waterstone_04.material
deco/dungeon/plant/sm_dg_xiaozhiwu_06_01/materials/sm_dg_xiaozhiwu_06_01.material
deco/dungeon/plant/sm_dg_guanmu_05_09/materials/sm_dg_guanmu_05_09.material
deco/chinoiserie/sm_ch_littlestone_e/materials/sm_ch_littlestone_e.material
deco/tiles/me_basemesh_dg/decal/sm_dg_stairs_stones_a01/materials/m_dg_stairs_stones_a01.material
deco/tiles/me_basemesh_dg/decal/sm_dg_stairs_stones_b01/materials/m_dg_stairs_stones_b01.material
deco/tiles/me_basemesh_dg/decal/sm_dg_stairs_stones_c01/materials/m_dg_stairs_stones_c01.material
deco/tiles/me_basemesh_dg/decal/sm_dg_fushou_11/materials/m_dg_fushou_11.material
deco/tiles/me_basemesh_dg/decal/sm_dg_fushou_12/materials/m_dg_fushou_12.material
deco/rainforest/sm_wudumilin_mogu_04_01/materials/sm_wudumilin_mogu_04_01.material
deco/rainforest/sm_wudumilin_mogu_03_01/materials/sm_wudumilin_mogu_03_01.material
deco/dungeon/plant/sm_heye_10_05/materials/sm_heye_10_05.material
deco/ndg/sm_ndg_skeleton_d/materials/m_ndg_skeleton_d.material
deco/field/sm_candle_a/materials/m_candle_a.material
deco/chinoiserie/sm_ch_littlestone_c/materials/sm_ch_littlestone_c.material
deco/field/sm_candle_a/materials/m_candle_b.material
deco/field/sm_candle_b_r/materials/sm_candle_b_r.material
deco/field/sm_candle_f_r/materials/sm_candle_f_r.material
deco/tiles/me_basemesh_hope/path/path_rock_0_0_128_128_1_1_1_0/materials/m_rock_a.material
deco/tiles/me_basemesh_hope/path/path_rock_0_0_128_128_1_1_1_0/materials/m_rock_b.material
deco/dungeon/sm_huopen_a/materials/m_huopen_a.material
deco/chinoiserie/sm_waterstone_03/materials/m_waterstone_03.material
deco/dungeon/plant/sm_heye_10_04/materials/sm_heye_10_04.material
deco/chinoiserie/sm_ch_littlestone_b/materials/sm_ch_littlestone_b.material
deco/prop/sm_torch02/materials/sm_torch02.material
deco/rainforest/sm_wudumilin_xiaozhiwu_07_01/materials/sm_wudumilin_xiaozhiwu_07_01.material
deco/rainforest/sm_wudumilin_mogu_02_01/materials/sm_wudumilin_mogu_02_01.material
deco/decal/decal_ndg_j/materials/m_decal_ndg_j.material
deco/ndg/sm_ndg_manholecover_a/materials/m_ndg_manholecover_a.material
deco/ndg/sm_ndg_chains_c/materials/m_ndg_chains_c.material
deco/ndg/sm_ndg_chains_a/materials/m_ndg_chains_a.material
deco/prop/spiderweb03/materials/m_spiderweb03.material
deco/prop/barrels_preset_03/materials/barrels_preset_03.material
deco/ndg/sm_ndg_statue_a/materials/m_ndg_statue_a.material
deco/rainforest/sm_wudumilin_pashanhu_01_01/materials/m_wudumilin_pashanhu_01_01.material
deco/rainforest/sm_wudumilin_pashanhu_02_01/materials/sm_wudumilin_pashanhu_02_01.material
deco/dungeon/plant/sm_dg_xiaozhiwu_06_04/materials/sm_dg_xiaozhiwu_06_04.material
deco/rainforest/sm_wudumilin_pashanhu_04_01/materials/sm_wudumilin_pashanhu_04_01.material
deco/rainforest/sm_wudumilin_pashanhu_03_01/materials/sm_wudumilin_pashanhu_03_01.material
deco/plants/sm_plants_tree03/materials/m_plants_tree03.material
deco/plants/sm_plants_tree02/materials/m_plants_tree02.material
deco/chinoiserie/plant/sm_ch_guanmu_01_06/materials/sm_ch_guanmu_01_06.material
deco/stylized_landscape/sm_flower_b/materials/sm_flower_b.material
deco/stylized_landscape/sm_flower_c/materials/sm_flower_c.material
deco/plants/sm_plants_tree01/materials/m_plants_tree01.material
deco/dungeon/plant/sm_dg_ivy_10_05/materials/sm_dg_ivy_10_05.material
deco/rainforest/sm_wudumilin_shu_02_01/materials/m_wudumilin_shu_02_01.material
deco/rainforest/sm_wudumilin_shu_02_02/materials/sm_wudumilin_shu_02_02.material
deco/field/grassandflower/sm_grass_02/materials/m_grass_02.material
deco/ndg/sm_ndg_banner_a/materials/sm_ndg_banner_a.material
tiles/tile_config/config.json
editor/texturestyle/default.json
editor/texturestyle/dungeon.json
editor/texturestyle/chinoiserie.json
editor/texturestyle/ts.json
editor/texturestyle/dg.json
editor/texturestyle/water.json
deco/ndg/sk_ndg_banner_b/anim/idle.ani
deco/ndg/sk_ndg_chains_e/anim/idle.ani
deco/ndg/sk_ndg_chains_f/anim/idle.ani
deco/ndg/sk_ndg_banner_c/anim/idle.ani
tiles/me_tiles_hope/ground/tile_0_0_0_0.prefab
tiles/me_tiles_hope/ground_0_0_0_0/ground_0_0_0_0.prefab
deco/tiles/me_basemesh_hope/ground/tile_g_0_0_0_0/model.prefab
tiles/me_tiles_hope/ground/tile_0_0_128_128.prefab
deco/tiles/me_basemesh_hope/ground/tile_0_0_128_128/model.prefab
tiles/me_tiles_hope/decal/ground_1_1_0_0_c/000.prefab
tiles/me_tiles_hope/ground_1_1_0_0_d/ground_1_1_0_0_d.prefab
deco/tiles/me_basemesh_hope/ground/tile_g_1_1_0_0_d/model.prefab
tiles/me_tiles_hope/decal/b/008.prefab
deco/dungeon/plant/sm_dg_xiaozhiwu_06_02/model.prefab
deco/dungeon/plant/sm_dg_guanmu_05_10/model.prefab
tiles/me_tiles_dg/ground/tile_0_0_128_128.prefab
tiles/me_tiles_dg/planebase/water_1_1_0_0/water_1_1_0_0.prefab
deco/tiles/me_basemesh_dg/plane/tile_w_1_1_0_0/model.prefab
tiles/me_tiles_dg/decal_tile/tile_0_0_128_128/0.prefab
deco/tiles/me_basemesh_dg/plane/tile_g_1_1_0_0/model.prefab
deco/tiles/me_basemesh_dg/decal/sm_dg_wall_10_04/model.prefab
deco/tiles/me_basemesh_dg/decal/sm_dg_wall_11_01/model.prefab
deco/tiles/me_basemesh_dg/decal/sm_dg_wall_10_01_2/model.prefab
tiles/me_tiles_dg/decal/water_b/010.prefab
deco/chinoiserie/sm_waterstone_02/model.prefab
deco/chinoiserie/sm_waterstone_01/model.prefab
tiles/me_tiles_dg/decal/falls_a/00.prefab
tiles/me_tiles_dg/ground/tile_0_0_0_0.prefab
tiles/me_tiles_dg/planebase/water_0_0_0_0/water_0_0_0_0.prefab
deco/tiles/me_basemesh_dg/plane/tile_w_0_0_0_0/model.prefab
tiles/me_tiles_dg/ground/tile_0_0_384_384.prefab
tiles/me_tiles_dg/decal_tile/tile_0_0_384_384/0.prefab
deco/tiles/me_basemesh_dg/decal/sm_dg_wall_10_01/model.prefab
tiles/me_tiles_dg/decal/water_b/006.prefab
deco/chinoiserie/plant/sm_aquatic_b_02/model.prefab
deco/chinoiserie/plant/sm_aquatic_a/model.prefab
deco/dungeon/plant/sm_heye_10_06/model.prefab
tiles/me_tiles_dg/decal/tile_03a/0.prefab
deco/tiles/me_basemesh_dg/decal/sm_dg_zhuzi_10_01/model.prefab
tiles/me_tiles_dg/planebase/ground_0_0_0_0/ground_0_0_0_0.prefab
deco/tiles/me_basemesh_dg/plane/tile_g_0_0_0_0/model.prefab
tiles/me_tiles_dg/planebase/ground_1_1_0_0/ground_1_1_0_0.prefab
tiles/me_tiles_hope/ground/tile_0_0_128_128_a.prefab
deco/tiles/me_basemesh_hope/ground/tile_0_0_128_128_a/model.prefab
tiles/me_tiles_hope/ground_1_1_0_0_b/ground_1_1_0_0_b.prefab
deco/tiles/me_basemesh_hope/ground/tile_g_1_1_0_0_b/model.prefab
tiles/me_tiles_hope/decal/ground_1_1_0_0_b/000.prefab
tiles/me_tiles_dg/decal/water_b/000.prefab
tiles/me_tiles_dg/ground/tile_0_0_384_384_01.prefab
tiles/me_tiles_dg/decal/tile_03a/1.prefab
deco/ndg/sm_ndg_sill_a/model.prefab
deco/prop/candle_0101/model.prefab
deco/prop/candle_0201/model.prefab
deco/prop/candle_0401/model.prefab
tiles/me_tiles_dg/ground/tile_256_0_384_384.prefab
tiles/me_tiles_dg/planebase/ground_0_1_0_0/ground_0_1_0_0.prefab
tiles/me_tiles_dg/decal_tile/tile_256_0_384_384/0.prefab
deco/tiles/me_basemesh_dg/decal/sm_dg_wall_half_10_02/model.prefab
deco/tiles/me_basemesh_dg/decal/sm_dg_wall_half_10_01_2/model.prefab
tiles/me_tiles_dg/ground/tile_0_0_256_256_01.prefab
tiles/me_tiles_dg/decal_tile/tile_0_0_256_256/0.prefab
deco/tiles/me_basemesh_dg/decal/sm_dg_wall_10_03/model.prefab
tiles/me_tiles_dg/decal/tile_02a/6.prefab
deco/tiles/me_basemesh_dg/decal/sm_dg_zhuzi_10_05/model.prefab
deco/ndg/sk_ndg_banner_b/model.prefab
tiles/me_tiles_dg/ground/tile_0_0_256_256_03.prefab
tiles/me_tiles_dg/decal_tile/tile_0_0_256_256_01/1.prefab
deco/tiles/me_basemesh_dg/decal/sm_dg_wall_10_02/model.prefab
deco/tiles/me_basemesh_dg/decal/sm_dg_wall_10_02_3/model.prefab
deco/tiles/me_basemesh_dg/decal/sm_dg_wall_10_02_2/model.prefab
tiles/me_tiles_dg/decal/tile_02b/1.prefab
tiles/me_tiles_dg/ground/tile_0_0_256_256.prefab
tiles/me_tiles_dg/decal/tile_02a/1.prefab
tiles/me_tiles_dg/decal/tile_02b/2.prefab
deco/prop/spiderweb02/model.prefab
deco/ndg/sk_ndg_brazier_d/model.prefab
tiles/me_tiles_dg/ground/tile_128_0_256_256.prefab
tiles/me_tiles_dg/decal_tile/tile_128_0_256_256/0.prefab
deco/tiles/me_basemesh_dg/decal/sm_dg_wall_half_10_03/model.prefab
deco/tiles/me_basemesh_dg/decal/sm_dg_wall_half_11_01/model.prefab
tiles/me_tiles_dg/ground/tile_128_0_128_128.prefab
tiles/me_tiles_dg/decal_tile/tile_128_0_128_128/0.prefab
deco/tiles/me_basemesh_dg/plane/tile_g_1_1_1_0_b/model.prefab
deco/tiles/me_basemesh_dg/decal/sm_dg_wall_int_10_03/model.prefab
deco/tiles/me_basemesh_dg/decal/sm_dg_wall_int_11_01/model.prefab
deco/tiles/me_basemesh_dg/decal/sm_dg_wall_int_10_01_2/model.prefab
tiles/me_tiles_hope/ground/tile_128_0_128_128.prefab
deco/tiles/me_basemesh_hope/ground/tile_128_0_128_128/model.prefab
tiles/me_tiles_hope/ground_0_1_0_0/ground_0_1_0_0.prefab
deco/tiles/me_basemesh_hope/ground/tile_g_0_1_0_0/model.prefab
tiles/me_tiles_hope/decal/ground_1_0_0_0/000.prefab
tiles/me_tiles_hope/decal/d/002.prefab
deco/dungeon/plant/sm_dg_xiaozhiwu_06_03/model.prefab
deco/dungeon/plant/sm_dg_guanmu_02_01/model.prefab
tiles/me_tiles_hope/decal/ground_1_1_0_0_b/010.prefab
deco/chinoiserie/sm_ch_littlestone_a/model.prefab
deco/chinoiserie/sm_ch_littlestone_d/model.prefab
tiles/me_tiles_hope/decal/b/001.prefab
deco/dungeon/plant/sm_dg_guanmu_01_02/model.prefab
deco/dungeon/plant/sm_dg_guanmu_05_03/model.prefab
tiles/me_tiles_hope/ground/tile_0_128_256_256.prefab
deco/tiles/me_basemesh_hope/ground/tile_0_128_256_256/model.prefab
tiles/me_tiles_hope/water_1_0_0_0/water_1_0_0_0.prefab
deco/tiles/me_basemesh_hope/ground/tile_1_0_0_0/model.prefab
deco/tiles/me_basemesh_hope/ground/tile_w_0_1_0_0/model.prefab
tiles/me_tiles_hope/decal/water_1_0_0_0/000.prefab
tiles/me_tiles_hope/decal/b/003.prefab
tiles/me_tiles_hope/decal/0/000.prefab
tiles/me_tiles_hope/ground/tile_0_0_256_256_a.prefab
deco/tiles/me_basemesh_hope/ground/tile_0_0_256_256_a/model.prefab
tiles/me_tiles_hope/water_1_1_0_0_c/water_1_1_0_0_c.prefab
deco/tiles/me_basemesh_hope/ground/tile_w_1_1_0_0_c/model.prefab
deco/tiles/me_basemesh_hope/ground/tile_w_0_0_0_0_material001/model.prefab
tiles/me_tiles_hope/decal/water_1_1_0_0_c/000.prefab
tiles/me_tiles_hope/decal/b_long/002.prefab
deco/dungeon/plant/sm_dg_guanmu_05_04/model.prefab
deco/rainforest/sm_wudumilin_pashanhu_05_01/model.prefab
tiles/me_tiles_hope/ground/tile_0_0_256_256.prefab
deco/tiles/me_basemesh_hope/ground/tile_0_0_256_256/model.prefab
tiles/me_tiles_hope/water_1_1_0_0_d/water_1_1_0_0_d.prefab
deco/tiles/me_basemesh_hope/ground/tile_w_1_1_0_0_d/model.prefab
tiles/me_tiles_hope/decal/water_1_1_0_0_c/011.prefab
deco/chinoiserie/plant/sm_aquatic_b_03/model.prefab
deco/chinoiserie/sm_waterstone_04/model.prefab
tiles/me_tiles_hope/decal/b_long/008.prefab
tiles/me_tiles_hope/ground/tile_128_0_256_256.prefab
deco/tiles/me_basemesh_hope/ground/tile_128_0_256_256/model.prefab
tiles/me_tiles_hope/water_0_1_0_0/water_0_1_0_0.prefab
deco/tiles/me_basemesh_hope/ground/tile_0_1_0_0/model.prefab
tiles/me_tiles_hope/decal/b/005.prefab
deco/dungeon/plant/sm_dg_xiaozhiwu_06_01/model.prefab
tiles/me_tiles_hope/decal/b/004.prefab
deco/dungeon/plant/sm_dg_guanmu_05_09/model.prefab
tiles/me_tiles_hope/decal/ground_1_1_0_0_b/005.prefab
deco/chinoiserie/sm_ch_littlestone_e/model.prefab
tiles/me_tiles_hope/decal/b/002.prefab
tiles/me_tiles_hope/decal/ground_1_1_0_0_b/006.prefab
tiles/me_tiles_hope/decal/b/007.prefab
tiles/me_tiles_hope/decal/ground_1_1_0_0_b/007.prefab
tiles/me_tiles_hope/decal/d/004.prefab
tiles/me_tiles_hope/decal/ground_1_1_0_0_c/004.prefab
tiles/me_tiles_dg/ground/tile_0_0_384_384_02.prefab
tiles/me_tiles_dg/ground/path_0_0_128_128_1_0_1_1.prefab
tiles/me_tiles_dg/pathbase/decal_path_09/decal_path_09_c.prefab
deco/tiles/me_basemesh_dg/decal/sm_dg_stairs_str_192_10/model.prefab
deco/tiles/me_basemesh_dg/decal/sm_dg_stairs_stones_a03/model.prefab
deco/tiles/me_basemesh_dg/decal/sm_dg_stairs_stones_b03/model.prefab
deco/tiles/me_basemesh_dg/decal/sm_dg_stairs_stones_c03/model.prefab
deco/tiles/me_basemesh_dg/decal/sm_dg_fushou_15/model.prefab
deco/tiles/me_basemesh_dg/decal/sm_dg_zhuzi_10_03/model.prefab
deco/tiles/me_basemesh_dg/decal/sm_dg_fushou_12_2/model.prefab
tiles/me_tiles_dg/decal/path_a/00.prefab
tiles/me_tiles_dg/ground/path_0_0_0_128_1_0_1_1.prefab
tiles/me_tiles_dg/pathbase/decal_path_20_1/decal_path_20_1.prefab
deco/tiles/me_basemesh_dg/decal/sm_dg_stairs_ext_11/model.prefab
deco/tiles/me_basemesh_dg/decal/sm_dg_stairs_stones_a01/model.prefab
deco/tiles/me_basemesh_dg/decal/sm_dg_stairs_stones_a02/model.prefab
deco/tiles/me_basemesh_dg/decal/sm_dg_stairs_stones_b02/model.prefab
deco/tiles/me_basemesh_dg/decal/sm_dg_stairs_stones_b01/model.prefab
deco/tiles/me_basemesh_dg/decal/sm_dg_stairs_stones_c06/model.prefab
tiles/me_tiles_dg/ground/path_0_0_128_128_0_0_0_1.prefab
tiles/me_tiles_dg/pathbase/decal_path_01/decal_path_01_a.prefab
tiles/me_tiles_dg/decal_path/decal_path_01/decal_path_01.prefab
deco/tiles/me_basemesh_dg/decal/sm_dg_fushou_13/model.prefab
deco/tiles/me_basemesh_dg/decal/sm_dg_fushou_12/model.prefab
deco/tiles/me_basemesh_dg/plane/tile_g_0_0_0_1/model.prefab
deco/tiles/me_basemesh_dg/plane/tile_g_0_1_0_0/model.prefab
deco/tiles/me_basemesh_dg/decal/sm_dg_stairs_str_64_11/model.prefab
tiles/me_tiles_dg/decal/path_a/02.prefab
deco/ndg/sk_ndg_brazier_a/model.prefab
tiles/me_tiles_dg/ground/tile_0_0_0_128.prefab
tiles/me_tiles_dg/decal_tile/tile_0_0_0_128/0.prefab
deco/tiles/me_basemesh_dg/decal/sm_dg_wall_ext_10_03/model.prefab
deco/tiles/me_basemesh_dg/decal/sm_dg_wall_ext_11_01/model.prefab
deco/tiles/me_basemesh_dg/decal/sm_dg_wall_ext_10_011_2/model.prefab
tiles/me_tiles_hope/decal/b/013.prefab
deco/rainforest/sm_wudumilin_mogu_04_01/model.prefab
deco/rainforest/sm_wudumilin_mogu_03_01/model.prefab
tiles/me_tiles_hope/water_0_0_0_0/water_0_0_0_0.prefab
deco/tiles/me_basemesh_hope/ground/tile_w_0_0_0_0/model.prefab
deco/tiles/me_basemesh_hope/ground/tile_g_0_0_0_0_material001/model.prefab
tiles/me_tiles_hope/decal/b/006.prefab
tiles/me_tiles_hope/decal/water_1_1_0_0_c/009.prefab
deco/dungeon/plant/sm_heye_10_05/model.prefab
tiles/me_tiles_dg/ground/tile_0_0_384_384_03.prefab
tiles/me_tiles_dg/decal_tile/tile_0_0_384_384_01/1.prefab
tiles/me_tiles_dg/decal/tile_03b/1.prefab
tiles/me_tiles_dg/decal/tile_03b/2.prefab
deco/ndg/sm_ndg_skeleton_e/model.prefab
deco/ndg/sm_ndg_skeleton_d/model.prefab
tiles/me_tiles_dg/ground/path_0_0_128_128_1_1_1_1.prefab
tiles/me_tiles_dg/pathbase/decal_path_12/decal_path_12.prefab
deco/tiles/me_basemesh_dg/decal/sm_dg_stairs_str_256_11/model.prefab
deco/tiles/me_basemesh_dg/decal/sm_dg_stairs_stones_c02/model.prefab
deco/tiles/me_basemesh_dg/decal/sm_dg_stairs_stones_c01/model.prefab
deco/tiles/me_basemesh_dg/decal/sm_dg_stairs_str_256_12/model.prefab
tiles/me_tiles_dg/ground/path_0_0_0_128_1_1_1_1.prefab
tiles/me_tiles_dg/ground/path_128_0_128_128_1_1_0_1.prefab
tiles/me_tiles_dg/pathbase/decal_path_33/decal_path_33.prefab
deco/tiles/me_basemesh_dg/decal/sm_dg_stairs_int_11/model.prefab
deco/tiles/me_basemesh_dg/decal/sm_dg_stairs_stones_b04/model.prefab
deco/tiles/me_basemesh_dg/decal/sm_dg_stairs_stones_b05/model.prefab
deco/tiles/me_basemesh_dg/decal/sm_dg_stairs_stones_a05/model.prefab
deco/tiles/me_basemesh_dg/decal/sm_dg_stairs_stones_c04/model.prefab
deco/tiles/me_basemesh_dg/decal/sm_dg_stairs_stones_b06/model.prefab
deco/tiles/me_basemesh_dg/decal/sm_dg_stairs_stones_a04/model.prefab
deco/tiles/me_basemesh_dg/plane/tile_g_1_1_1_0_a/model.prefab
tiles/me_tiles_hope/decal/ground_1_1_0_0_b/004.prefab
tiles/me_tiles_hope/water_1_1_0_0_b/water_1_1_0_0_b.prefab
deco/tiles/me_basemesh_hope/ground/tile_w_1_1_0_0_b/model.prefab
tiles/me_tiles_hope/decal/water_1_1_0_0_b/000.prefab
tiles/me_tiles_hope/decal/b/015.prefab
deco/field/prefab/sm_candle_a/model.prefab
deco/field/sm_candle_a/model.prefab
tiles/me_tiles_hope/ground/tile_0_0_0_128.prefab
deco/tiles/me_basemesh_hope/ground/tile_0_0_0_128/model.prefab
tiles/me_tiles_hope/water_1_1_1_0/water_1_1_1_0.prefab
deco/tiles/me_basemesh_hope/ground/tile_w_1_1_1_0/model.prefab
tiles/me_tiles_hope/decal/water_1_1_1_0/009.prefab
tiles/me_tiles_hope/decal/a/001.prefab
tiles/me_tiles_hope/ground_1_1_1_0/ground_1_1_1_0.prefab
deco/tiles/me_basemesh_hope/ground/tile_g_1_1_1_0/model.prefab
tiles/me_tiles_hope/decal/ground_1_1_1_0/000.prefab
tiles/me_tiles_hope/decal/a/000.prefab
tiles/me_tiles_hope/decal/ground_1_1_0_0_c/001.prefab
tiles/me_tiles_hope/decal/b/009.prefab
tiles/me_tiles_hope/decal/ground_1_1_0_0_b/009.prefab
tiles/me_tiles_hope/decal/ground_1_1_1_0/005.prefab
deco/chinoiserie/sm_ch_littlestone_c/model.prefab
tiles/me_tiles_hope/decal/ground_1_1_0_0_c/007.prefab
tiles/me_tiles_hope/decal/ground_1_1_0_0_c/008.prefab
tiles/me_tiles_dg/decal/tile_03a/00.prefab
tiles/me_tiles_hope/decal/b/014.prefab
deco/common_prefab/sm_candle_r_group_03/model.prefab
deco/field/sm_candle_a_r/model.prefab
deco/field/sm_candle_b_r/model.prefab
deco/field/sm_candle_f_r/model.prefab
tiles/me_tiles_hope/decal/water_1_1_0_0_b/010.prefab
tiles/me_tiles_hope/ground/path_0_0_128_128_0_0_0_1.prefab
tiles/me_tiles_hope/pathbase/ground/pathbase_0_0_128_128_0_0_0_1/pathbase_0_0_128_128_0_0_0_1.prefab
deco/tiles/me_basemesh_hope/path/path_0_0_128_128_0_0_0_1/model.prefab
tiles/me_tiles_hope/decal_path/decal_path_01/decal_path_01.prefab
deco/tiles/me_basemesh_hope/path/path_rock_0_0_0_128_0_0_0_1/model.prefab
tiles/me_tiles_hope/decal/path01/001.prefab
deco/dungeon/prefab/pre_huopen_a/model.prefab
deco/dungeon/sm_huopen_a/model.prefab
tiles/me_tiles_hope/decal/ground_1_1_0_0_c/002.prefab
tiles/me_tiles_dg/decal/water_b/005.prefab
deco/chinoiserie/plant/sm_aquatic_b_04/model.prefab
tiles/me_tiles_hope/decal/b/000.prefab
tiles/me_tiles_hope/decal/b/012.prefab
tiles/me_tiles_hope/decal/water_1_1_0_0_c/010.prefab
tiles/me_tiles_hope/ground/path_0_0_128_128_1_1_1_1.prefab
deco/tiles/me_basemesh_hope/path/path_0_0_128_128_1_1_1_1/model.prefab
tiles/me_tiles_hope/decal_path/decal_path_12/decal_path_12.prefab
deco/tiles/me_basemesh_hope/path/path_rock_0_0_128_128_1_1_1_1_a/model.prefab
tiles/me_tiles_hope/decal/ground_1_1_0_0_c/005.prefab
tiles/me_tiles_dg/ground/path_128_0_128_128_1_1_1_1.prefab
tiles/me_tiles_hope/decal/water_1_1_0_0_b/011.prefab
deco/chinoiserie/sm_waterstone_03/model.prefab
tiles/me_tiles_dg/decal/tile_03b/5.prefab
deco/prop/candle_0301/model.prefab
deco/ndg/sk_ndg_ironhook_a/model.prefab
tiles/me_tiles_dg/ground/path_0_0_0_128_0_1_1_1.prefab
tiles/me_tiles_dg/ground/path_128_0_128_128_1_1_1_0.prefab
tiles/me_tiles_hope/decal/ground_1_1_0_0_c/003.prefab
tiles/me_tiles_hope/decal/water_1_1_0_0_b/008.prefab
tiles/me_tiles_hope/decal/water_1_1_1_0/008.prefab
tiles/me_tiles_hope/decal/a/002.prefab
tiles/me_tiles_hope/decal/d/003.prefab
tiles/me_tiles_hope/ground/path_0_0_128_128_0_1_0_0.prefab
tiles/me_tiles_hope/pathbase/ground/pathbase_0_0_128_128_0_1_0_0/pathbase_0_0_128_128_0_1_0_0.prefab
deco/tiles/me_basemesh_hope/path/path_0_0_128_128_0_1_0_0/model.prefab
tiles/me_tiles_hope/decal_path/decal_path_02/decal_path_02.prefab
deco/tiles/me_basemesh_hope/path/path_rock_0_0_0_128_0_0_1_0/model.prefab
tiles/me_tiles_dg/decal/water_b/002.prefab
deco/dungeon/plant/sm_heye_10_04/model.prefab
tiles/me_tiles_dg/decal/water_b/008.prefab
tiles/me_tiles_dg/decal/tile_03a/10.prefab
tiles/me_tiles_dg/ground/path_0_0_128_128_1_1_1_0.prefab
tiles/me_tiles_dg/pathbase/decal_path_11/decal_path_11_a.prefab
deco/tiles/me_basemesh_dg/decal/sm_dg_fushou_16/model.prefab
tiles/me_tiles_dg/ground/path_0_0_128_128_0_1_0_0.prefab
tiles/me_tiles_dg/pathbase/decal_path_02/decal_path_02_a.prefab
deco/tiles/me_basemesh_dg/decal/sm_dg_wall_half_10_01/model.prefab
deco/tiles/me_basemesh_dg/decal/sm_dg_fushou_17/model.prefab
deco/tiles/me_basemesh_dg/decal/sm_dg_fushou_11/model.prefab
tiles/me_tiles_dg/decal/path_a/01.prefab
deco/ndg/sk_ndg_brazier_a_l/model.prefab
tiles/me_tiles_hope/decal/ground_1_1_1_0/004.prefab
deco/chinoiserie/sm_ch_littlestone_b/model.prefab
tiles/me_tiles_hope/decal/a/005.prefab
tiles/me_tiles_hope/decal/ground_1_1_0_0_b/002.prefab
tiles/me_tiles_dg/ground/tile_0_256_384_384.prefab
tiles/me_tiles_dg/planebase/ground_1_0_0_0/ground_1_0_0_0.prefab
tiles/me_tiles_dg/decal_tile/tile_0_256_384_384/0.prefab
tiles/me_tiles_dg/decal/tile_02a/2.prefab
deco/dungeon/prefab/sm_dg_group_22/model.prefab
deco/prop/sm_torch02/model.prefab
tiles/me_tiles_dg/ground/tile_0_0_256_256_02.prefab
tiles/me_tiles_dg/ground/tile_0_128_256_256.prefab
tiles/me_tiles_dg/decal_tile/tile_0_128_256_256/0.prefab
tiles/me_tiles_hope/decal/d/007.prefab
tiles/me_tiles_hope/decal/water_1_0_0_0/001.prefab
tiles/me_tiles_hope/decal/d/009.prefab
tiles/me_tiles_hope/decal/ground_1_0_0_0/009.prefab
tiles/me_tiles_hope/decal/ground_1_0_0_0/008.prefab
tiles/me_tiles_hope/decal/d/008.prefab
tiles/me_tiles_dg/ground/tile_0_0_384_128.prefab
tiles/me_tiles_dg/decal_tile/tile_0_0_384_128/0.prefab
deco/tiles/me_basemesh_dg/decal/sm_dg_wall_ext_10_01/model.prefab
deco/tiles/me_basemesh_dg/decal/sm_dg_zhuzi_10_02/model.prefab
tiles/me_tiles_dg/decal/tile_02a/00.prefab
tiles/me_tiles_dg/ground/tile_0_0_256_128.prefab
tiles/me_tiles_dg/decal_tile/tile_0_0_256_128/0.prefab
deco/tiles/me_basemesh_dg/decal/sm_dg_wall_ext_10_02/model.prefab
deco/tiles/me_basemesh_dg/decal/sm_dg_zhuzi_10_04/model.prefab
tiles/me_tiles_hope/decal/d/001.prefab
tiles/me_tiles_hope/decal/b/011.prefab
deco/rainforest/sm_wudumilin_xiaozhiwu_07_01/model.prefab
deco/rainforest/sm_wudumilin_mogu_02_01/model.prefab
tiles/me_tiles_hope/decal/ground_1_1_0_0_b/001.prefab
tiles/me_tiles_hope/decal/d/000.prefab
tiles/me_tiles_hope/ground/cracks_1_1_0_0_0_1_0_0.prefab
deco/tiles/me_basemesh_hope/cracks/cracks_1_1_0_0_0_1_0_0/model.prefab
tiles/me_tiles_hope/ground/cracks_0_1_0_1_1_0_0_1a.prefab
deco/tiles/me_basemesh_hope/cracks/cracks_0_1_0_1_1_0_0_1a/model.prefab
tiles/me_tiles_hope/ground/cracks_1_0_0_1_1_0_0_1.prefab
deco/tiles/me_basemesh_hope/cracks/cracks_1_0_0_1_1_0_0_1/model.prefab
tiles/me_tiles_hope/ground/cracks_0_0_1_0_0_0_0_0a.prefab
deco/tiles/me_basemesh_hope/cracks/cracks_0_0_1_0_0_0_0_0a/model.prefab
tiles/me_tiles_hope/ground/cracks_0_0_1_0_0_0_0_0.prefab
deco/tiles/me_basemesh_hope/cracks/cracks_0_0_1_0_0_0_0_0/model.prefab
tiles/me_tiles_dg/ground/tile_0_0_128_384.prefab
tiles/me_tiles_dg/decal_tile/tile_0_0_128_384/0.prefab
tiles/me_tiles_dg/ground/tile_0_0_384_256.prefab
tiles/me_tiles_dg/decal_tile/tile_0_0_384_256/0.prefab
tiles/me_tiles_dg/decal/tile_03a/9.prefab
deco/ndg/sk_ndg_chains_e/model.prefab
tiles/me_tiles_dg/decal/tile_03b/6.prefab
deco/ndg/sk_ndg_chains_f/model.prefab
tiles/me_tiles_dg/decal/tile_03a/4.prefab
deco/ndg/sk_ndg_banner_c/model.prefab
tiles/me_tiles_dg/decal/tile_03b/7.prefab
deco/decal/decal_ndg_j/model.prefab
tiles/me_tiles_dg/decal/tile_03a/5.prefab
tiles/me_tiles_dg/decal/tile_03a/8.prefab
deco/ndg/sm_ndg_manholecover_a_group01/model.prefab
deco/ndg/sm_ndg_manholecover_a/model.prefab
tiles/me_tiles_dg/decal/tile_03a/11.prefab
tiles/me_tiles_dg/decal/tile_03b/00.prefab
tiles/me_tiles_dg/ground/tile_0_0_0_384.prefab
tiles/me_tiles_dg/decal_tile/tile_0_0_0_384/0.prefab
tiles/me_tiles_hope/ground/cracks_0_1_0_1_1_0_0_1.prefab
deco/tiles/me_basemesh_hope/cracks/cracks_0_1_0_1_1_0_0_1/model.prefab
tiles/me_tiles_hope/ground/cracks_1_1_1_1_1_1_1_1.prefab
tiles/me_tiles_hope/ground/cracks_1_1_1_1_1_0_0_1.prefab
deco/tiles/me_basemesh_hope/cracks/cracks_1_1_1_1_1_0_0_1/model.prefab
tiles/me_tiles_hope/ground/cracks_1_1_1_1_0_0_0_0.prefab
deco/tiles/me_basemesh_hope/cracks/cracks_1_1_1_1_0_0_0_0/model.prefab
tiles/me_tiles_hope/ground/cracks_1_1_1_0_0_0_0_0a.prefab
deco/tiles/me_basemesh_hope/cracks/cracks_1_1_1_0_0_0_0_0a/model.prefab
tiles/me_tiles_hope/ground/cracks_0_0_1_1_0_0_0_0b.prefab
deco/tiles/me_basemesh_hope/cracks/cracks_0_0_1_1_0_0_0_0b/model.prefab
tiles/me_tiles_hope/decal/ground_1_1_1_0/003.prefab
tiles/me_tiles_dg/ground/tile_384_0_384_384.prefab
tiles/me_tiles_dg/decal_tile/tile_384_0_384_384/0.prefab
deco/tiles/me_basemesh_dg/decal/sm_dg_wall_int_10_01/model.prefab
tiles/me_tiles_dg/decal/tile_03a/2.prefab
deco/ndg/sm_ndg_chains_c_02/model.prefab
tiles/me_tiles_dg/decal/tile_03a/7.prefab
deco/ndg/sm_ndg_chains_g/model.prefab
tiles/me_tiles_dg/decal/tile_03b/3.prefab
deco/prop/candle_03/model.prefab
deco/prop/spiderweb03/model.prefab
tiles/me_tiles_hope/ground/path_0_0_128_128_1_0_1_1.prefab
deco/tiles/me_basemesh_hope/path/path_0_0_128_128_1_0_1_1/model.prefab
tiles/me_tiles_hope/decal_path/decal_path_09/decal_path_09.prefab
deco/tiles/me_basemesh_hope/path/path_rock_0_0_128_128_1_0_1_1/model.prefab
tiles/me_tiles_hope/decal/path01/000.prefab
tiles/me_tiles_hope/ground/path_0_0_128_128_1_1_1_0.prefab
deco/tiles/me_basemesh_hope/path/path_0_0_128_128_1_1_1_0/model.prefab
tiles/me_tiles_hope/decal_path/decal_path_11/decal_path_11.prefab
deco/tiles/me_basemesh_hope/path/path_rock_0_0_128_128_1_1_1_0/model.prefab
tiles/me_tiles_hope/decal/ground_1_1_0_0_b/008.prefab
tiles/me_tiles_hope/ground/cracks_0_0_1_1_0_0_0_0.prefab
deco/tiles/me_basemesh_hope/cracks/cracks_0_0_1_1_0_0_0_0/model.prefab
tiles/me_tiles_hope/ground/cracks_1_1_1_0_0_0_0_0.prefab
deco/tiles/me_basemesh_hope/cracks/cracks_1_1_1_0_0_0_0_0/model.prefab
tiles/me_tiles_hope/ground/cracks_0_0_1_1_0_0_0_0a.prefab
deco/tiles/me_basemesh_hope/cracks/cracks_0_0_1_1_0_0_0_0a/model.prefab
tiles/me_tiles_hope/decal/a/003.prefab
tiles/me_tiles_hope/ground/cracks_1_1_1_0_0_1_0_0.prefab
deco/tiles/me_basemesh_hope/cracks/cracks_1_1_1_0_0_1_0_0/model.prefab
tiles/me_tiles_hope/ground/cracks_0_0_0_0_0_0_1_0.prefab
deco/tiles/me_basemesh_hope/cracks/cracks_0_0_0_0_0_0_1_0/model.prefab
tiles/me_tiles_hope/decal/ground_1_0_0_0/006.prefab
tiles/me_tiles_hope/decal/ground_1_1_0_0_c/006.prefab
tiles/me_tiles_hope/decal/d/010.prefab
tiles/me_tiles_dg/decal/water_b/009.prefab
tiles/me_tiles_dg/decal/tile_03a/3.prefab
deco/prop/candles_0501/model.prefab
deco/prop/candles_05/model.prefab
deco/ndg/sm_ndg_chains_c_01/model.prefab
tiles/me_tiles_dg/decal/tile_03b/4.prefab
deco/ndg/sm_ndg_statue_a/model.prefab
tiles/me_tiles_dg/decal/water_b/004.prefab
tiles/me_tiles_dg/ground/tile_0_0_256_384.prefab
tiles/me_tiles_dg/decal_tile/tile_0_0_256_384/0.prefab
tiles/me_tiles_dg/decal/water_b/001.prefab
tiles/me_tiles_dg/decal/water_b/003.prefab
tiles/me_tiles_dg/decal/water_b/011.prefab
tiles/me_tiles_hope/decal/d/006.prefab
tiles/me_tiles_hope/decal/ground_1_1_1_0/009.prefab
tiles/me_tiles_dg/decal/water_b/007.prefab
tiles/me_tiles_dg/planebase/water_1_1_1_0/water_1_1_1_0.prefab
deco/tiles/me_basemesh_dg/plane/tile_w_1_1_1_0/model.prefab
tiles/me_tiles_dg/decal/water_a/000.prefab
tiles/me_tiles_dg/planebase/water_1_0_0_0_b/water_1_0_0_0.prefab
deco/tiles/me_basemesh_dg/plane/tile_w_1_0_0_0_b/model.prefab
tiles/me_tiles_dg/decal/water_a/004.prefab
tiles/me_tiles_hope/ground/tile_0_0_256_128.prefab
deco/tiles/me_basemesh_hope/ground/tile_0_0_256_128/model.prefab
tiles/me_tiles_hope/water_1_1_0_0_a/water_1_1_0_0_a.prefab
deco/tiles/me_basemesh_hope/ground/tile_w_1_1_0_0_a/model.prefab
tiles/me_tiles_hope/decal/water_1_1_0_0_a/010.prefab
tiles/me_tiles_hope/decal/c/003.prefab
tiles/me_tiles_hope/decal/water_1_1_0_0_c/008.prefab
tiles/me_tiles_hope/decal/water_1_1_0_0_c/005.prefab
tiles/me_tiles_hope/decal/b_long/003.prefab
tiles/me_tiles_hope/decal/b_long/004.prefab
deco/rainforest/sm_wudumilin_pashanhu_01_01/model.prefab
deco/rainforest/sm_wudumilin_pashanhu_02_01/model.prefab
deco/dungeon/plant/sm_dg_xiaozhiwu_06_04/model.prefab
tiles/me_tiles_hope/decal/b_long/006.prefab
deco/rainforest/sm_wudumilin_pashanhu_04_01/model.prefab
tiles/me_tiles_hope/decal/b_long/005.prefab
deco/rainforest/sm_wudumilin_pashanhu_03_01/model.prefab
tiles/me_tiles_hope/decal/b_long/011.prefab
tiles/me_tiles_hope/decal/water_1_1_0_0_c/004.prefab
tiles/me_tiles_hope/decal/b_long/000.prefab
tiles/me_tiles_hope/decal/water_1_1_0_0_c/002.prefab
tiles/me_tiles_hope/ground/tile_0_0_128_256.prefab
deco/tiles/me_basemesh_hope/ground/tile_0_0_128_256/model.prefab
tiles/me_tiles_hope/decal/water_1_1_0_0_a/000.prefab
tiles/me_tiles_hope/decal/c/000.prefab
tiles/me_tiles_dg/decal/water_a/005.prefab
tiles/me_tiles_hope/decal/ground_1_0_0_0/001.prefab
tiles/me_tiles_hope/decal/ground_1_0_0_0/002.prefab
tiles/me_tiles_dg/decal/water_a/002.prefab
tiles/me_tiles_hope/decal/ground_1_0_0_0/005.prefab
tiles/me_tiles_hope/decal/ground_1_1_0_0_c/009.prefab
tiles/me_tiles_hope/decal/ground_1_1_1_0/002.prefab
deco/plants/sm_plants_tree03/model.prefab
deco/plants/sm_plants_tree02/model.prefab
deco/chinoiserie/plant/sm_ch_guanmu_01_07/model.prefab
deco/field/prefab/sm_field_group_02/model.prefab
deco/stylized_landscape/sm_flower_b/model.prefab
deco/stylized_landscape/sm_flower_c/model.prefab
deco/plants/sm_plants_tree01/model.prefab
deco/dungeon/plant/sm_dg_ivy_10_05/model.prefab
deco/field/prefab/sm_guanmu_group_23/model.prefab
deco/rainforest/sm_wudumilin_shu_02_01/model.prefab
deco/rainforest/sm_wudumilin_shu_02_02/model.prefab
deco/field/grassandflower/sm_grass_02/model.prefab
deco/field/grassandflower/sm_grass_02a/model.prefab
deco/field/grassandflower/sm_grass_02b/model.prefab
deco/tiles/me_basemesh_hope/ground/tile_g_0_0_0_0/model/m.mdl
deco/tiles/me_basemesh_hope/ground/tile_0_0_128_128/model/m.mdl
deco/tiles/me_basemesh_hope/ground/tile_g_1_1_0_0_d/model/m.mdl
deco/dungeon/plant/sm_dg_xiaozhiwu_06_02/model/m.mdl
deco/dungeon/plant/sm_dg_guanmu_05_08/model/m.mdl
deco/tiles/me_basemesh_dg/plane/tile_w_1_1_0_0/model/m.mdl
deco/tiles/me_basemesh_dg/plane/tile_g_1_1_0_0/model/m.mdl
deco/tiles/me_basemesh_dg/decal/sm_dg_wall_11_01/model/m.mdl
deco/tiles/me_basemesh_dg/decal/sm_dg_wall_10_01_2/model/m.mdl
deco/snowy_landscape/sm_stone_d/model/m.mdl
deco/snowy_landscape/sm_stone_a/model/m.mdl
effect/effect_new1/effect_scene/eff_wapianshui1/shui2.mdl
effect/effect_new1/effect_scene/eff_wapianshui1/shui2_1.mdl
deco/tiles/me_basemesh_dg/plane/tile_w_0_0_0_0/model/m.mdl
deco/zhuangshiwu/plants_22c/model/m.mdl
deco/zhuangshiwu/plants_22a/model/m.mdl
deco/dungeon/plant/sm_heye_10_06/model/m.mdl
deco/tiles/me_basemesh_dg/decal/sm_dg_zhuzi_10_01/model/m.mdl
deco/tiles/me_basemesh_dg/plane/tile_g_0_0_0_0/model/m.mdl
deco/tiles/me_basemesh_hope/ground/tile_0_0_128_128_a/model/m.mdl
deco/tiles/me_basemesh_hope/ground/tile_g_1_1_0_0_b/model/m.mdl
deco/ndg/sm_ndg_sill_a/model/m.mdl
deco/prop/candle_01/model/m.mdl
deco/prop/candle_02/model/m.mdl
deco/prop/candle_04/model/m.mdl
deco/tiles/me_basemesh_dg/decal/sm_dg_wall_half_10_01_2/model/m.mdl
deco/ndg/sk_ndg_banner_b/model/m.mdl
deco/tiles/me_basemesh_dg/decal/sm_dg_zhuzi_10_05/model/m.mdl
deco/tiles/me_basemesh_dg/decal/sm_dg_wall_10_02_3/model/m.mdl
deco/tiles/me_basemesh_dg/decal/sm_dg_wall_10_02_2/model/m.mdl
deco/prop/spiderweb02/model/m.mdl
deco/tiles/me_basemesh_dg/decal/sm_dg_wall_half_11_01/model/m.mdl
deco/tiles/me_basemesh_dg/plane/tile_g_1_1_1_0_b/model/m.mdl
deco/tiles/me_basemesh_dg/decal/sm_dg_wall_int_11_01/model/m.mdl
deco/tiles/me_basemesh_dg/decal/sm_dg_wall_int_10_01_2/model/m.mdl
deco/tiles/me_basemesh_hope/ground/tile_128_0_128_128/model/m.mdl
deco/tiles/me_basemesh_hope/ground/tile_g_0_1_0_0/model/m.mdl
deco/dungeon/plant/sm_dg_xiaozhiwu_06_03/model/m.mdl
deco/dungeon/plant/sm_dg_guanmu_02_01/model/m.mdl
deco/chinoiserie/sm_ch_littlestone_a/model/m.mdl
deco/chinoiserie/sm_ch_littlestone_d/model/m.mdl
deco/dungeon/plant/sm_dg_guanmu_01_02/model/m.mdl
deco/dungeon/plant/sm_dg_guanmu_05_03/model/m.mdl
deco/tiles/me_basemesh_hope/ground/tile_0_128_256_256/model/m.mdl
deco/tiles/me_basemesh_hope/ground/tile_1_0_0_0/model/m.mdl
deco/tiles/me_basemesh_hope/ground/tile_0_0_256_256_a/model/m.mdl
deco/tiles/me_basemesh_hope/ground/tile_w_0_0_0_0/model/m.mdl
deco/dungeon/plant/sm_dg_guanmu_05_04/model/m.mdl
deco/rainforest/sm_wudumilin_pashanhu_05_01/model/m.mdl
deco/tiles/me_basemesh_hope/ground/tile_0_0_256_256/model/m.mdl
deco/zhuangshiwu/plants_22d/model/m.mdl
deco/snowy_landscape/sm_stone_e/model/m.mdl
deco/tiles/me_basemesh_hope/ground/tile_128_0_256_256/model/m.mdl
deco/tiles/me_basemesh_hope/ground/tile_0_1_0_0/model/m.mdl
deco/dungeon/plant/sm_dg_xiaozhiwu_06_01/model/m.mdl
deco/dungeon/plant/sm_dg_guanmu_05_07/model/m.mdl
deco/chinoiserie/sm_ch_littlestone_e/model/m.mdl
deco/tiles/me_basemesh_dg/decal/sm_dg_stairs_stones_a03/model/m.mdl
deco/tiles/me_basemesh_dg/decal/sm_dg_stairs_stones_b03/model/m.mdl
deco/tiles/me_basemesh_dg/decal/sm_dg_stairs_stones_c03/model/m.mdl
deco/tiles/me_basemesh_dg/decal/sm_dg_zhuzi_10_03/model/m.mdl
deco/tiles/me_basemesh_dg/decal/sm_dg_fushou_12_2/model/m.mdl
deco/tiles/me_basemesh_dg/decal/sm_dg_stairs_stones_a01/model/m.mdl
deco/tiles/me_basemesh_dg/decal/sm_dg_stairs_stones_a02/model/m.mdl
deco/tiles/me_basemesh_dg/decal/sm_dg_stairs_stones_b02/model/m.mdl
deco/tiles/me_basemesh_dg/decal/sm_dg_stairs_stones_b01/model/m.mdl
deco/tiles/me_basemesh_dg/decal/sm_dg_stairs_stones_c06/model/m.mdl
deco/tiles/me_basemesh_dg/decal/sm_dg_fushou_12/model/m.mdl
deco/tiles/me_basemesh_dg/plane/tile_g_0_1_0_0/model/m.mdl
deco/tiles/me_basemesh_dg/decal/sm_dg_wall_ext_11_01/model/m.mdl
deco/tiles/me_basemesh_dg/decal/sm_dg_wall_ext_10_011_2/model/m.mdl
deco/rainforest/sm_wudumilin_mogu_04_01/model/m.mdl
deco/rainforest/sm_wudumilin_mogu_03_01/model/m.mdl
deco/dungeon/plant/sm_heye_10_05/model/m.mdl
deco/ndg/sm_ndg_skeleton_e/model/m.mdl
deco/ndg/sm_ndg_skeleton_d/model/m.mdl
deco/tiles/me_basemesh_dg/decal/sm_dg_stairs_stones_c02/model/m.mdl
deco/tiles/me_basemesh_dg/decal/sm_dg_stairs_stones_c01/model/m.mdl
deco/tiles/me_basemesh_dg/decal/sm_dg_stairs_stones_b04/model/m.mdl
deco/tiles/me_basemesh_dg/decal/sm_dg_stairs_stones_b05/model/m.mdl
deco/tiles/me_basemesh_dg/decal/sm_dg_stairs_stones_a05/model/m.mdl
deco/tiles/me_basemesh_dg/decal/sm_dg_stairs_stones_c04/model/m.mdl
deco/tiles/me_basemesh_dg/decal/sm_dg_stairs_stones_b06/model/m.mdl
deco/tiles/me_basemesh_dg/decal/sm_dg_stairs_stones_a04/model/m.mdl
deco/tiles/me_basemesh_dg/plane/tile_g_1_1_1_0_a/model/m.mdl
deco/field/sm_candle_a/model/m.mdl
deco/tiles/me_basemesh_hope/ground/tile_0_0_0_128/model/m.mdl
deco/tiles/me_basemesh_hope/ground/tile_g_1_1_1_0/model/m.mdl
deco/chinoiserie/sm_ch_littlestone_c/model/m.mdl
deco/field/sm_candle_b/model/m.mdl
deco/field/sm_candle_f/model/m.mdl
deco/tiles/me_basemesh_hope/path/path_0_0_128_128_0_0_0_1/model/m.mdl
deco/tiles/me_basemesh_hope/path/path_rock_0_0_0_128_0_0_0_1/model/m.mdl
deco/dungeon/sm_huopen_a/model/m.mdl
deco/zhuangshiwu/plants_22b/model/m.mdl
deco/tiles/me_basemesh_hope/path/path_0_0_128_128_1_1_1_1/model/m.mdl
deco/tiles/me_basemesh_hope/path/path_rock_0_0_128_128_1_1_1_1_a/model/m.mdl
deco/snowy_landscape/sm_stone_b/model/m.mdl
deco/prop/candle_03/model/m.mdl
deco/tiles/me_basemesh_hope/path/path_0_0_128_128_0_1_0_0/model/m.mdl
deco/tiles/me_basemesh_hope/path/path_rock_0_0_0_128_0_0_1_0/model/m.mdl
deco/dungeon/plant/sm_heye_10_04/model/m.mdl
deco/tiles/me_basemesh_dg/decal/sm_dg_fushou_11/model/m.mdl
deco/chinoiserie/sm_ch_littlestone_b/model/m.mdl
deco/prop/sm_torch02/model/m.mdl
deco/tiles/me_basemesh_dg/decal/sm_dg_zhuzi_10_02/model/m.mdl
deco/tiles/me_basemesh_dg/decal/sm_dg_zhuzi_10_04/model/m.mdl
deco/rainforest/sm_wudumilin_xiaozhiwu_07_01/model/m.mdl
deco/rainforest/sm_wudumilin_mogu_02_01/model/m.mdl
deco/tiles/me_basemesh_hope/cracks/cracks_1_1_0_0_0_1_0_0/model/m.mdl
deco/tiles/me_basemesh_hope/cracks/cracks_0_1_0_1_1_0_0_1a/model/m.mdl
deco/tiles/me_basemesh_hope/cracks/cracks_1_0_0_1_1_0_0_1/model/m.mdl
deco/tiles/me_basemesh_hope/cracks/cracks_0_0_1_0_0_0_0_0a/model/m.mdl
deco/tiles/me_basemesh_hope/cracks/cracks_0_0_1_0_0_0_0_0/model/m.mdl
deco/ndg/sk_ndg_chains_e/model/m.mdl
deco/ndg/sk_ndg_chains_f/model/m.mdl
deco/ndg/sk_ndg_banner_c/model/m.mdl
deco/decal/decal_ndg_j/model/m.mdl
effect/effect_new/effect_scene/eff_yanjiang04/fbx_yanjiang004.mdl
deco/ndg/sm_ndg_manholecover_a/model/m.mdl
deco/tiles/me_basemesh_hope/cracks/cracks_0_1_0_1_1_0_0_1/model/m.mdl
deco/tiles/me_basemesh_hope/cracks/cracks_1_1_1_1_1_0_0_1/model/m.mdl
deco/tiles/me_basemesh_hope/cracks/cracks_1_1_1_1_0_0_0_0/model/m.mdl
deco/tiles/me_basemesh_hope/cracks/cracks_1_1_1_0_0_0_0_0a/model/m.mdl
deco/tiles/me_basemesh_hope/cracks/cracks_0_0_1_1_0_0_0_0b/model/m.mdl
deco/ndg/sm_ndg_chains_c_02/model/m.mdl
deco/ndg/sm_ndg_chains_g/model/m.mdl
deco/prop/spiderweb03/model/m.mdl
deco/tiles/me_basemesh_hope/path/path_0_0_128_128_1_0_1_1/model/m.mdl
deco/tiles/me_basemesh_hope/path/path_rock_0_0_128_128_1_0_1_1/model/m.mdl
deco/tiles/me_basemesh_hope/path/path_0_0_128_128_1_1_1_0/model/m.mdl
deco/tiles/me_basemesh_hope/path/path_rock_0_0_128_128_1_1_1_0/model/m.mdl
deco/tiles/me_basemesh_hope/cracks/cracks_0_0_1_1_0_0_0_0/model/m.mdl
deco/tiles/me_basemesh_hope/cracks/cracks_1_1_1_0_0_0_0_0/model/m.mdl
deco/tiles/me_basemesh_hope/cracks/cracks_0_0_1_1_0_0_0_0a/model/m.mdl
deco/tiles/me_basemesh_hope/cracks/cracks_1_1_1_0_0_1_0_0/model/m.mdl
deco/tiles/me_basemesh_hope/cracks/cracks_0_0_0_0_0_0_1_0/model/m.mdl
deco/prop/candles_05/model/m.mdl
deco/ndg/sm_ndg_chains_c_01/model/m.mdl
deco/ndg/sm_ndg_statue_a/model/m.mdl
deco/tiles/me_basemesh_dg/plane/tile_w_1_1_1_0/model/m.mdl
deco/tiles/me_basemesh_dg/plane/tile_w_1_0_0_0_b/model/m.mdl
deco/tiles/me_basemesh_hope/ground/tile_0_0_256_128/model/m.mdl
deco/rainforest/sm_wudumilin_pashanhu_01_01/model/m.mdl
deco/rainforest/sm_wudumilin_pashanhu_02_01/model/m.mdl
deco/dungeon/plant/sm_dg_xiaozhiwu_06_04/model/m.mdl
deco/rainforest/sm_wudumilin_pashanhu_04_01/model/m.mdl
deco/rainforest/sm_wudumilin_pashanhu_03_01/model/m.mdl
deco/tiles/me_basemesh_hope/ground/tile_0_0_128_256/model/m.mdl
deco/plants/sm_plants_tree03/model/m.mdl
deco/plants/sm_plants_tree02/model/m.mdl
deco/rainforest/sm_wudumilin_guanmu_01_02/model/m.mdl
deco/stylized_landscape/sm_flower_b/model/m.mdl
deco/stylized_landscape/sm_flower_c/model/m.mdl
deco/plants/sm_plants_tree01/model/m.mdl
effect/effect_new1/eff_keji/eff_keji3/sm_fx_star_004.mdl
effect/effect_new1/eff_keji/eff_keji3/sm_fx_star_004_1.mdl
effect/effect_new1/eff_keji/eff_keji3/sm_fx_star_004_2.mdl
effect/effect_new1/eff_keji/eff_keji3/sm_fx_star_004_1_1.mdl
effect/effect_new1/eff_keji/eff_keji3/sm_fx_star_004_3.mdl
effect/effect_new1/eff_keji/eff_keji3/sm_fx_star_004_1_2.mdl
effect/effect_new1/eff_keji/eff_keji3/sm_fx_star_004_4.mdl
effect/effect_new1/eff_keji/eff_keji3/sm_fx_star_004_1_3.mdl
effect/effect_new/effect_scene/eff_scene_decal_03/sm_fx_yuanhuan_08.mdl
effect/effect_new/effect_scene/eff_scene_decal_03/sm_fx_yuanhuan_02.mdl
deco/dungeon/plant/sm_dg_ivy_10_05/model/m.mdl
deco/rainforest/sm_wudumilin_shu_02_01/model/m.mdl
deco/rainforest/sm_wudumilin_shu_02_02/model/m.mdl
effect/effect_new/effect_scene/ps_huanrao_1/sm_shengmingxian_3.mdl
effect/effect_new/effect_scene/ps_huanrao_1/sm_shengmingxian_3_1.mdl
effect/effect_new/effect_scene/effect_scene_keji_03/sm_fx_cylinder_06.mdl
effect/effect_new1/effect_scene/eff_jiejiexian1red/luoxuan3.mdl
effect/effect_new/effect_scene/effect_scene_keji_02/sm_fx_cylinder_04.mdl
effect/effect_new/effect_scene/eff_scene_penquan02/fbx_sphere_004.mdl
deco/field/grassandflower/sm_grass_02/model/m.mdl
deco/field/grassandflower/sm_grass_02a/model/m.mdl
deco/field/grassandflower/sm_grass_02b/model/m.mdl
effect/effect_new1/effect_scene/eff_wapianshui1/particle.effect
effect/eff_reverse/particle/map/ps_lazhuhuoyan_hong_1/particle.effect
effect/eff_reverse/particle/map/ps_huoju_1/particle.effect
effect/effect_new/effect_scene/eff_yanjiang04/particle.effect
effect/effect_new/effect_scene/eff_yanjiang06/particle.effect
effect/effect_new1/eff_keji/eff_keji3/particle.effect
effect/effect_new1/effect_mofa/firewall_eff2/particle.effect
effect/effect_new/effect_scene/eff_scene_decal_03/particle.effect
effect/effect_new/effect_scene/effect_guangshu/particle.effect
effect/effect_new/effect_scene/effect_guangshu_02/particle.effect
effect/effect_new/effect_scene/ps_huanrao_1/particle.effect
effect/effect_new/effect_scene/effect_scene_keji_03/particle.effect
effect/effect_new1/effect_scene/eff_jiejiexian1red/particle.effect
effect/effect_new/effect_scene/effect_scene_keji_02/particle.effect
effect/effect_new/effect_scene/eff_scene_penquan02/particle.effect
effect/effect_new1/effect_scene/eff_xingzuo2/particle.effect
effect/effect_new1/effect_scene/eff_xingzuo4/particle.effect
effect/effect_new1/effect_scene/eff_xingzuo5/particle.effect
effect/effect_new1/effect_scene/eff_xingzuo1/particle.effect
effect/effect_new1/effect_scene/eff_xingzuo3/particle.effect
effect/effect_new/effect_scene/eff_huopen_02/particle.effect
effect/effect_new/effect_scene/eff_huopen_01/particle.effect
characters/monster/sm_huolong/textures/t_huolong_basecolor.tga
characters/monster/sm_huolong/textures/t_huolong_mix_1.tga
characters1/jiangziya_e49b/textures/m0_diffuse.tga
characters1/jiangziya_e49b/textures/m0_normal.tga
characters1/jiangziya_e49b/textures/m0_specular.tga
characters1/jiangziya_e49b/textures/m0_emissive.tga
characters1/jiangziya_e49b/textures/m1_diffuse.tga
characters1/jiangziya_e49b/textures/m1_normal.tga
characters1/jiangziya_e49b/textures/m1_specular.tga
characters1/jiangziya_e49b/textures/m1_emissive.tga
characters1/jiangziya_e49b/textures/m2_diffuse.tga
characters1/jiangziya_e49b/textures/m2_normal.tga
characters1/jiangziya_e49b/textures/m2_specular.tga
characters1/jiangziya_e49b/textures/m2_emissive.tga
characters1/jiangziya_e49b/textures/m3_diffuse.tga
characters1/jiangziya_e49b/textures/m3_normal.tga
characters1/jiangziya_e49b/textures/m3_specular.tga
characters1/jiangziya_e49b/textures/m3_emissive.tga
characters1/jiangziya_e49b/textures/m4_diffuse.tga
characters1/jiangziya_e49b/textures/m4_normal.tga
characters1/jiangziya_e49b/textures/m4_specular.tga
characters1/jiangziya_e49b/textures/m4_emissive.tga
characters1/jiangziya_e49b/textures/m5_diffuse.tga
characters1/jiangziya_e49b/textures/m5_normal.tga
characters1/jiangziya_e49b/textures/m5_specular.tga
characters1/jiangziya_e49b/textures/m5_emissive.tga
texture/effect/xujian/fire/tex_fx_fire_012.png
eqpt/weapon/mofashi_weapon/textures/t_dr_spear_09_blue_d.tga
eqpt/weapon/mofashi_weapon/textures/t_dr_spear_09_m.tga
characters/monster/sm_huolong/materials/body.material
characters1/jiangziya_e49b/materials/m0.material
characters1/jiangziya_e49b/materials/m1.material
characters1/jiangziya_e49b/materials/m2.material
characters1/jiangziya_e49b/materials/m3.material
characters1/jiangziya_e49b/materials/m4.material
characters1/jiangziya_e49b/materials/m5.material
eqpt/weapon/mofashi_weapon/materials/mofashi_weapon.material
characters/monster/sm_huolong/anim/attack.ani
characters/monster/sm_huolong/anim/death.ani
characters/monster/sm_huolong/anim/die.ani
characters/monster/sm_huolong/anim/hatch.ani
characters/monster/sm_huolong/anim/hit_1.ani
characters/monster/sm_huolong/anim/hit_2.ani
characters/monster/sm_huolong/anim/idle.ani
characters/monster/sm_huolong/anim/move.ani
characters/monster/sm_huolong/anim/spellcast_1.ani
characters/monster/sm_huolong/anim/spellcast_2.ani
characters/monster/sm_huolong/anim/spellcast_3.ani
characters/monster/sm_huolong/anim/spellcast_4.ani
characters/monster/sm_huolong/anim/spellcast_5.ani
characters/monster/sm_huolong/anim/vertigo.ani
characters1/jiangziya_e49b/anim/attack_01.ani
characters1/jiangziya_e49b/anim/attack_02.ani
characters1/jiangziya_e49b/anim/die.ani
characters1/jiangziya_e49b/anim/die_02.ani
characters1/jiangziya_e49b/anim/idle.ani
characters1/jiangziya_e49b/anim/move.ani
characters1/jiangziya_e49b/anim/skill_01.ani
characters1/jiangziya_e49b/anim/skill_02.ani
characters/monster/sm_huolong/model.prefab
characters1/jiangziya_e49b/model.prefab
eqpt/weapon/mofashi_weapon/model.prefab
characters/monster/sm_huolong/model/m.mdl
characters1/jiangziya_e49b/model/m.mdl
eqpt/weapon/mofashi_weapon/model/m.mdl
effect/effect_new/effect_hit/ps_fireball_explode_eff/particle.effect
maps/busiyixiantu_5n1b/anim/jiangziya_e49b/anim/human/barehanded_anim/hand_05/skill_025.ani
