tiles/textures/mix/basecolor_terrain.png
tiles/textures/mix/mixcolor_terrain.png
editor/textures/engine/waterrefraction.tga
editor/textures/engine/waternormal.png
editor/textures/engine/waterreflection.dds
editor/textures/engine/default_mix_n.tga
editor/textures/enginematerials/t_default_grid.tga
editor/textures/engine/default_white.png
deco/dungeon/plant/sm_dg_xiaozhiwu_06_01/textures/t_dg_xiaozhiwu_06_01_d.tga
deco/dungeon/plant/sm_dg_xiaozhiwu_06_01/textures/t_dg_xiaozhiwu_06_01_m.tga
deco/dungeon/plant/sm_dg_xiaozhiwu_06_02/textures/t_dg_xiaozhiwu_06_02_ao.tga
deco/dungeon/plant/sm_dg_guanmu_05_03/textures/t_dg_xiaozhiwu_04_01_m.tga
deco/dungeon/plant/sm_dg_guanmu_05_08/textures/t_dg_guanmu_05_08_ao.tga
deco/tiles/me_basemesh_dg/decal/sm_dg_wall_10_01/textures/t_dg_wall_b.tga
deco/tiles/me_basemesh_dg/decal/sm_dg_wall_10_01/textures/t_dg_wall_m.tga
deco/tiles/me_basemesh_dg/decal/sm_dg_wall_10_01/textures/t_dg_wall_ao.tga
deco/snowy_landscape/sm_stone_d/textures/t_stone_d_mix.tga
editor/textures/materiallibrary/t_rock_a_b.tga
editor/textures/materiallibrary/t_rock_a_mix.tga
deco/snowy_landscape/sm_stone_a/textures/t_stone_a_mix.tga
texture/effect/xujian/noise/t_fx_noise_024.png
texture/effect/xujian/mask/tex_fx_mask_006.png
texture/effect/xujian/noise/t_fx_noise_018.png
texture/effect/xujian/noise/t_fx_noise_002.png
texture/effect/xujian/smoke/fx_t_smoke_44.tga
texture/effect/xujian/mask/tex_fx_mask_016.png
texture/effect/xujian/object/t_fx_water_015.png
editor/textures/engine/default_mix_r1m0.tga
deco/dungeon/plant/sm_hehua_10_03/textures/t_heye_a_basecolor.tga
deco/dungeon/plant/sm_hehua_10_03/textures/t_heye_a_m.tga
deco/dungeon/plant/sm_heye_10_06/textures/t_heye_10_06_ao.tga
deco/tiles/me_basemesh_dg/decal/sm_dg_zhuzi_10_02/textures/t_dg_zhuzi_10_01_b.tga
deco/tiles/me_basemesh_dg/decal/sm_dg_zhuzi_10_02/textures/t_dg_zhuzi_10_01_m.tga
texture/effect/t_old/tex_glow.png
texture/effect/t_old/orientparticle_2.png
texture/effect/t_old/t_lazhu.png
deco/ndg/sm_ndg_sill_a/textures/t_ndg_sill_a_b.tga
deco/ndg/sm_ndg_sill_a/textures/t_ndg_sill_a_m.tga
deco/ndg/sm_ndg_sill_a/textures/t_ndg_sill_a_ao.tga
deco/prop/barrels_preset_01/textures/atlas_props_02.tga
deco/prop/barrels_preset_01/textures/atlas_props_01_normal2.tga
deco/prop/spiderweb02/textures/spiderweb_25.tga
editor/textures/engine/default_mix.png
deco/prop/spiderweb02/textures/t_spiderweb_4.tga
deco/dungeon/plant/sm_dg_xiaozhiwu_06_03/textures/t_dg_xiaozhiwu_06_03_ao.tga
deco/dungeon/plant/sm_dg_guanmu_02_01/textures/t_dg_xiaozhiwu_01_01_m.tga
deco/dungeon/plant/sm_dg_guanmu_02_01/textures/t_dg_guanmu_02_01_ao.tga
deco/chinoiserie/sm_ch_littlestone_a/textures/t_ch_littlestone_a.tga
deco/chinoiserie/sm_ch_littlestone_a/textures/t_ch_littlestone_mix.tga
deco/chinoiserie/sm_ch_littlestone_a/textures/t_ch_littlestone_a_ao.tga
deco/chinoiserie/sm_ch_littlestone_d/textures/t_ch_littlestone_d_ao.tga
deco/dungeon/plant/sm_dg_guanmu_01_02/textures/t_dg_guanmu_01_02_ao.tga
deco/dungeon/plant/sm_dg_guanmu_05_03/textures/t_dg_guanmu_05_03_ao.tga
deco/dungeon/plant/sm_dg_guanmu_05_04/textures/t_dg_guanmu_05_04_ao.tga
deco/rainforest/sm_wudumilin_pashanhu_01_01/textures/t_wudumilin_pashanhu_01_01_d.tga
deco/rainforest/sm_wudumilin_pashanhu_01_01/textures/t_wudumilin_pashanhu_01_01_m.tga
deco/rainforest/sm_wudumilin_pashanhu_05_01/textures/t_wudumilin_pashanhu_05_01_ao.tga
deco/snowy_landscape/sm_stone_e/textures/t_stone_e_mixl.tga
deco/dungeon/plant/sm_dg_xiaozhiwu_06_01/textures/t_dg_xiaozhiwu_06_01_ao.tga
deco/dungeon/plant/sm_dg_guanmu_05_07/textures/t_dg_guanmu_05_07_ao.tga
deco/chinoiserie/sm_ch_littlestone_e/textures/t_ch_littlestone_e_ao.tga
deco/tiles/me_basemesh_dg/decal/sm_dg_fushou_11/textures/t_dg_stairs_str_256_11_b.tga
deco/tiles/me_basemesh_dg/decal/sm_dg_fushou_11/textures/t_dg_stairs_str_256_11_m.tga
deco/tiles/me_basemesh_dg/decal/sm_dg_fushou_11/textures/t_dg_fushou_11_01_ao.tga
deco/tiles/me_basemesh_dg/decal/sm_dg_fushou_12/textures/t_dg_fushou_12_ao.tga
deco/rainforest/sm_wudumilin_mogu_01_01/textures/t_wudumilin_mogu_01_01_d.tga
deco/rainforest/sm_wudumilin_mogu_01_01/textures/t_wudumilin_mogu_01_01_m.tga
deco/rainforest/sm_wudumilin_mogu_04_01/textures/t_wudumilin_mogu_04_01_ao.tga
deco/rainforest/sm_wudumilin_mogu_03_01/textures/t_wudumilin_mogu_03_01_ao.tga
deco/dungeon/plant/sm_heye_10_05/textures/t_heye_10_05_ao.tga
deco/ndg/sm_ndg_skeleton_d/textures/t_ndg_skulls_b_b.tga
deco/ndg/sm_ndg_skeleton_d/textures/t_ndg_skulls_b_m.tga
deco/field/sm_candle_a/textures/t_candle_mix.tga
deco/field/sm_candle_a/textures/t_candle_normal.tga
deco/field/sm_candle_a/textures/t_candle_a_ao.tga
deco/chinoiserie/sm_ch_littlestone_c/textures/t_ch_littlestone_c_ao.tga
deco/field/sm_candle_b/textures/t_candle_b_ao.tga
deco/field/sm_candle_f/textures/t_candle_f_ao.tga
deco/tiles/me_basemesh_hope/path/path_rock_0_0_128_128_1_1_1_0/textures/t_rock_b_basecolor.tga
deco/tiles/me_basemesh_hope/path/path_rock_0_0_128_128_1_1_1_0/textures/t_rock_b_mix.tga
editor/textures/enginematerials/t_default_m.tga
deco/tiles/me_basemesh_hope/path/path_rock_0_0_128_128_1_1_1_0/textures/t_rock_a_basecolor.tga
deco/tiles/me_basemesh_hope/path/path_rock_0_0_128_128_1_1_1_0/textures/t_rock_a_mix.tga
texture/effect/t_old/temptexture0_15.png
texture/effect/t_old/5cc71697-9312-40f1-9c01-f2719b295c0f.png
texture/effect/t_old/fx_c_fire_013_cl.png
texture/effect/t_old/fx_a_cloud_1.png
deco/dungeon/sm_huopen_a/textures/t_huopen_mix.tga
deco/dungeon/sm_huopen_a/textures/t_huopen_mask.png
deco/dungeon/sm_huopen_a/textures/t_huopen_a_ao.tga
deco/snowy_landscape/sm_stone_b/textures/t_stone_b_mix.tga
deco/dungeon/plant/sm_heye_10_04/textures/t_heye_10_04_ao.tga
deco/chinoiserie/sm_ch_littlestone_b/textures/t_ch_littlestone_b_ao.tga
deco/prop/sm_chandelier01/textures/t_chandelier_mix.tga
editor/textures/materiallibrary/t_metal_b_b.tga
editor/textures/materiallibrary/t_metal_b_mix.tga
deco/prop/sm_torch02/textures/t_torch02_ao.tga
deco/rainforest/sm_wudumilin_xiaozhiwu_06_01/textures/t_wudumilin_xiaozhiwu_06_01_d.tga
deco/rainforest/sm_wudumilin_xiaozhiwu_06_01/textures/t_wudumilin_xiaozhiwu_06_01_m.tga
deco/rainforest/sm_wudumilin_xiaozhiwu_07_01/textures/t_wudumilin_xiaozhiwu_07_01_ao.tga
deco/rainforest/sm_wudumilin_mogu_02_01/textures/t_wudumilin_mogu_02_01_ao.tga
deco/decal/decal_ndg_j/textures/t_ndg_decal_j_b.tga
deco/decal/decal_ndg_j/textures/t_ndg_decal_j_m.tga
texture/effect/xujian/smoke/tex_fx_smoke_019.png
texture/effect/xujian/noise/t_fx_noise_038.tga
texture/effect/xujian/noise/t_fx_noise_019.tga
texture/effect/xujian/mask/tex_fx_mask_056.png
texture/effect/xujian/object/t_fx_object_68.png
texture/effect/xujian/smoke/tex_fx_smoke_002.png
deco/ndg/sm_ndg_manholecover_a/textures/t_ndg_manholecover_a_b.tga
deco/ndg/sm_ndg_manholecover_a/textures/t_ndg_manholecover_a_m.tga
deco/ndg/sm_ndg_manholecover_a/textures/t_ndg_manholecover_a_ao.tga
deco/ndg/sm_ndg_chains_a/textures/t_ndg_chains_b.tga
deco/ndg/sm_ndg_chains_a/textures/t_ndg_chains_m.tga
deco/prop/spiderweb03/textures/t_spiderweb_8.tga
deco/prop/barrels_preset_03/textures/atlas_props_02.tga
deco/prop/barrels_preset_03/textures/atlas_props_02_normal.tga
deco/ndg/sm_ndg_statue_a/textures/t_ndg_statue_a_b.tga
deco/ndg/sm_ndg_statue_a/textures/t_ndg_statue_a_mix.tga
deco/rainforest/sm_wudumilin_pashanhu_01_01/textures/t_wudumilin_pashanhu_01_01_ao.tga
deco/rainforest/sm_wudumilin_pashanhu_02_01/textures/t_wudumilin_pashanhu_02_01_ao.tga
deco/dungeon/plant/sm_dg_xiaozhiwu_06_04/textures/t_dg_xiaozhiwu_06_04_ao.tga
deco/rainforest/sm_wudumilin_pashanhu_04_01/textures/t_wudumilin_pashanhu_04_01_ao.tga
deco/rainforest/sm_wudumilin_pashanhu_03_01/textures/t_wudumilin_pashanhu_03_01_ao.tga
deco/plants/sm_plants_tree03/textures/sm_plants_tree01_d.tga
deco/plants/sm_plants_tree03/textures/sm_plants_tree01_mix.tga
deco/plants/sm_plants_tree03/textures/sm_plants_tree03_ao.tga
deco/plants/sm_plants_tree02/textures/sm_plants_tree01_d.tga
deco/plants/sm_plants_tree02/textures/sm_plants_tree01_mix.tga
deco/plants/sm_plants_tree02/textures/sm_plants_tree02_ao.tga
deco/rainforest/sm_wudumilin_guanmu_01_01/textures/t_wudumilin_guanmu_01_03_d.tga
deco/rainforest/sm_wudumilin_guanmu_01_01/textures/t_wudumilin_guanmu_01_01_m.tga
deco/stylized_landscape/sm_flower_b/textures/t_plants_basecolor.tga
deco/stylized_landscape/sm_flower_b/textures/t_paint_mix.tga
deco/stylized_landscape/sm_flower_b/textures/t_flower_b_ao.tga
deco/stylized_landscape/sm_flower_c/textures/t_flower_c_ao.tga
deco/plants/sm_plants_tree01/textures/sm_plants_tree01_d.tga
deco/plants/sm_plants_tree01/textures/sm_plants_tree01_mix.tga
deco/plants/sm_plants_tree01/textures/sm_plants_tree01_ao.tga
texture/effect/xujian/noise/t_fx_noise_015.png
texture/effect/t_old/defaultdiffuse_2.png
texture/effect/t_old/dissolvemask.jpg
effect/effect_new/effect_scene/eff_scene_baoshi_01/tex_fx_mask_014.png
texture/effect/xujian/object/t_fx_object_001.png
effect/eff_roguelike/firewall_eff1/firewall_eff2/t_fx_stone_062_h_1.png
effect/eff_roguelike/firewall_eff1/firewall_eff2/t_fx_mask_070_h.png
effect/eff_roguelike/firewall_eff1/firewall_eff2/t_fx_smoke_109_h.png
effect/eff_roguelike/firewall_eff1/firewall_eff1/t_fx_fire_3065_h.png
effect/eff_roguelike/firewall_eff1/firewall_eff2/t_fx_glow_003_h_1.png
texture/effect/xujian/mask/tex_fx_mask_035.png
texture/effect/xujian/noise/t_fx_noise_020.png
texture/effect/xujian/smoke/tex_fx_smoke_013.png
texture/effect/xujian/noise/t_fx_noise_013.png
deco/dungeon/plant/sm_dg_bush_10_01/textures/t_dg_bush_mix.tga
deco/dungeon/plant/sm_dg_ivy_10_05/textures/t_dg_ivy_10_05_ao.tga
texture/effect/xujian/ray/tex_fx_ray_018.png
texture/effect/xujian/glow/tex_fx_glow_001.png
deco/rainforest/sm_wudumilin_shu_02_01/textures/t_wudumilin_shu_02_01_d.tga
deco/rainforest/sm_wudumilin_shu_02_01/textures/t_wudumilin_shu_02_01_m.tga
deco/rainforest/sm_wudumilin_shu_02_01/textures/t_wudumilin_shu_02_01_ao.tga
deco/rainforest/sm_wudumilin_shu_01_02/textures/t_wudumilin_shu_01_02_d.tga
deco/rainforest/sm_wudumilin_shu_01_02/textures/t_wudumilin_shu_01_02_m.tga
deco/rainforest/sm_wudumilin_shu_02_02/textures/t_wudumilin_shu_02_02_ao.tga
texture/effect/t_old/t_fumo.png
texture/effect/t_old/t_zifu.png
effect/effect_new/effect_scene/effect_scene_keji_02/uv_once_t_jianbian_2.png
texture/effect/t_old/t_jianbian_8.png
texture/effect/dj/trail/tex_fx_trail_006_dj.png
texture/effect/t_old/eff_stone_8.png
texture/effect/t_old/t_glow_12.png
texture/effect/xujian/trail/tex_fx_trail_06.png
texture/effect/xujian/mask/tex_fx_mask_013.png
texture/effect/xujian/noise/t_fx_noise_004.tga
texture/effect/dj/object/t_fx_xingzuo_003dj.png
texture/effect/dj/object/t_fx_xingzuo_001dj.png
texture/effect/dj/object/t_fx_xingzuo_004dj.png
texture/effect/xujian/smoke/tex_fx_smoke_004.png
texture/effect/xujian/glow/tex_fx_glow_024.png
texture/effect/xujian/fire/tex_fx_fire_014.png
texture/effect/xujian/fire/tex_fx_fire_031.png
cube/day/daydiffusehdr.dds
cube/day/dayspecularhdr.dds
cube/day/daywaterreflection.dds
editor/textures/engine/vignetting.png
cube/day/dayspecularhdr_qualitylow.dds
cube/day/dayspecularhdr_qualityhigh.dds
deco/ndg/sm_ndg_banner_a/textures/t_ndg_banner_a_b.tga
deco/ndg/sm_ndg_banner_a/textures/t_ndg_banner_a_m.tga
editor/textures/engine/default_mix03.png
deco/ndg/sm_ndg_banner_a/textures/t_ndg_banner_a_ao.tga
engineres/techniques/notexture.xml
engineres/particle/common/techniques/diffunlitparticlealpha.xml
engineres/particle/common/techniques/diffunlitmeshparticlealpha.xml
engineres/techniques/diffunlit.xml
editor/techniques/pbr_packednormal/tileblendonepackednormal.xml
editor/techniques/pbr_packednormal/tileblendtwopackednormal.xml
editor/techniques/pbr_packednormal/tileblendthreepackednormal.xml
editor/techniques/pbr_packednormal/tileblendninepackednormal.xml
editor/techniques/pbr_packednormal/tilecliffpackednormal.xml
editor/techniques/pbr_packednormal/tilecliff2packednormal.xml
editor/techniques/water.xml
editor/techniques/pbr_packednormal/landscapepackednormal.xml
editor/techniques/pbr_packednormal/graylevelfive.xml
editor/techniques/pbr_packednormal/defaultmetallicroughness.xml
editor/techniques/pbr_packednormal/grayleveltwo.xml
editor/techniques/pbr_packednormal/defaultmetallicroughnessalpha.xml
editor/techniques/pbr_packednormal/staticobject.xml
editor/techniques/lambert/defaultlambert.xml
c:/users/xd/documents/project_bsyxt/atmosphere/default.lightgroup
engineres/particle/common/materials/defaultsprite.material
engineres/particle/common/materials/defaultmeshrgba.material
engineres/particle/common/materials/empty.material
engineres/particle/common/materials/alphamesh.material
engineres/particle/common/materials/alphamaterial.material
engineres/particle/common/materials/defaultmesh.material
tiles/material/mix/tileblendone_terrain.material
tiles/material/mix/tileblendtwo_terrain.material
tiles/material/mix/tileblendthree_terrain.material
tiles/material/mix/tileblendnine_terrain.material
tiles/material/mix/tilecliff_terrain.material
tiles/material/mix/tilecliff2_terrain.material
editor/materials/engine/water.material
editor/materials/engine/landscape.material
editor/materials/engine/gridmaterial.material
deco/dungeon/plant/sm_dg_xiaozhiwu_06_02/materials/sm_dg_xiaozhiwu_06_02.material
deco/dungeon/plant/sm_dg_guanmu_05_10/materials/sm_dg_guanmu_05_10.material
deco/tiles/me_basemesh_dg/decal/sm_dg_wall_10_01/materials/m_dg_wall_10_01.material
deco/chinoiserie/sm_waterstone_02/materials/m_waterstone_02.material
deco/chinoiserie/sm_waterstone_01/materials/m_waterstone_01.material
deco/chinoiserie/plant/sm_aquatic_a/materials/m_aquatic_a.material
deco/dungeon/plant/sm_heye_10_06/materials/sm_heye_10_06.material
deco/tiles/me_basemesh_dg/decal/sm_dg_zhuzi_10_02/materials/m_dg_zhuzi_10_02.material
deco/ndg/sm_ndg_sill_a/materials/m_ndg_sill_a.material
deco/prop/barrels_preset_01/materials/barrels_preset_01.material
deco/prop/spiderweb02/materials/m_spiderweb02.material
deco/prop/spiderweb02/materials/m_spiderweb02_02.material
deco/dungeon/plant/sm_dg_xiaozhiwu_06_03/materials/sm_dg_xiaozhiwu_06_03.material
deco/dungeon/plant/sm_dg_guanmu_02_01/materials/m_dg_guanmu_02_01_b.material
deco/chinoiserie/sm_ch_littlestone_a/materials/sm_ch_littlestone_a.material
deco/chinoiserie/sm_ch_littlestone_d/materials/sm_ch_littlestone_d.material
deco/dungeon/plant/sm_dg_guanmu_01_02/materials/sm_dg_guanmu_01_02.material
deco/dungeon/plant/sm_dg_guanmu_05_03/materials/m_dg_guanmu_05_03.material
deco/dungeon/plant/sm_dg_guanmu_05_04/materials/sm_dg_guanmu_05_04.material
deco/rainforest/sm_wudumilin_pashanhu_05_01/materials/sm_wudumilin_pashanhu_05_01.material
deco/chinoiserie/sm_waterstone_04/materials/m_waterstone_04.material
deco/dungeon/plant/sm_dg_xiaozhiwu_06_01/materials/sm_dg_xiaozhiwu_06_01.material
deco/dungeon/plant/sm_dg_guanmu_05_09/materials/sm_dg_guanmu_05_09.material
deco/chinoiserie/sm_ch_littlestone_e/materials/sm_ch_littlestone_e.material
deco/tiles/me_basemesh_dg/decal/sm_dg_stairs_stones_a01/materials/m_dg_stairs_stones_a01.material
deco/tiles/me_basemesh_dg/decal/sm_dg_stairs_stones_b01/materials/m_dg_stairs_stones_b01.material
deco/tiles/me_basemesh_dg/decal/sm_dg_stairs_stones_c01/materials/m_dg_stairs_stones_c01.material
deco/tiles/me_basemesh_dg/decal/sm_dg_fushou_11/materials/m_dg_fushou_11.material
deco/tiles/me_basemesh_dg/decal/sm_dg_fushou_12/materials/m_dg_fushou_12.material
deco/rainforest/sm_wudumilin_mogu_04_01/materials/sm_wudumilin_mogu_04_01.material
deco/rainforest/sm_wudumilin_mogu_03_01/materials/sm_wudumilin_mogu_03_01.material
deco/dungeon/plant/sm_heye_10_05/materials/sm_heye_10_05.material
deco/ndg/sm_ndg_skeleton_d/materials/m_ndg_skeleton_d.material
deco/field/sm_candle_a/materials/m_candle_a.material
deco/chinoiserie/sm_ch_littlestone_c/materials/sm_ch_littlestone_c.material
deco/field/sm_candle_a/materials/m_candle_b.material
deco/field/sm_candle_b_r/materials/sm_candle_b_r.material
deco/field/sm_candle_f_r/materials/sm_candle_f_r.material
deco/tiles/me_basemesh_hope/path/path_rock_0_0_128_128_1_1_1_0/materials/m_rock_a.material
deco/tiles/me_basemesh_hope/path/path_rock_0_0_128_128_1_1_1_0/materials/m_rock_b.material
deco/dungeon/sm_huopen_a/materials/m_huopen_a.material
deco/chinoiserie/sm_waterstone_03/materials/m_waterstone_03.material
deco/dungeon/plant/sm_heye_10_04/materials/sm_heye_10_04.material
deco/chinoiserie/sm_ch_littlestone_b/materials/sm_ch_littlestone_b.material
deco/prop/sm_torch02/materials/sm_torch02.material
deco/rainforest/sm_wudumilin_xiaozhiwu_07_01/materials/sm_wudumilin_xiaozhiwu_07_01.material
deco/rainforest/sm_wudumilin_mogu_02_01/materials/sm_wudumilin_mogu_02_01.material
deco/decal/decal_ndg_j/materials/m_decal_ndg_j.material
deco/ndg/sm_ndg_manholecover_a/materials/m_ndg_manholecover_a.material
deco/ndg/sm_ndg_chains_c/materials/m_ndg_chains_c.material
deco/ndg/sm_ndg_chains_a/materials/m_ndg_chains_a.material
deco/prop/spiderweb03/materials/m_spiderweb03.material
deco/prop/barrels_preset_03/materials/barrels_preset_03.material
deco/ndg/sm_ndg_statue_a/materials/m_ndg_statue_a.material
deco/rainforest/sm_wudumilin_pashanhu_01_01/materials/m_wudumilin_pashanhu_01_01.material
deco/rainforest/sm_wudumilin_pashanhu_02_01/materials/sm_wudumilin_pashanhu_02_01.material
deco/dungeon/plant/sm_dg_xiaozhiwu_06_04/materials/sm_dg_xiaozhiwu_06_04.material
deco/rainforest/sm_wudumilin_pashanhu_04_01/materials/sm_wudumilin_pashanhu_04_01.material
deco/rainforest/sm_wudumilin_pashanhu_03_01/materials/sm_wudumilin_pashanhu_03_01.material
deco/plants/sm_plants_tree03/materials/m_plants_tree03.material
deco/plants/sm_plants_tree02/materials/m_plants_tree02.material
deco/chinoiserie/plant/sm_ch_guanmu_01_06/materials/sm_ch_guanmu_01_06.material
deco/stylized_landscape/sm_flower_b/materials/sm_flower_b.material
deco/stylized_landscape/sm_flower_c/materials/sm_flower_c.material
deco/plants/sm_plants_tree01/materials/m_plants_tree01.material
deco/dungeon/plant/sm_dg_ivy_10_05/materials/sm_dg_ivy_10_05.material
deco/rainforest/sm_wudumilin_shu_02_01/materials/m_wudumilin_shu_02_01.material
deco/rainforest/sm_wudumilin_shu_02_02/materials/sm_wudumilin_shu_02_02.material
deco/field/grassandflower/sm_grass_02/materials/m_grass_02.material
deco/ndg/sm_ndg_banner_a/materials/sm_ndg_banner_a.material
tiles/tile_config/config.json
editor/texturestyle/default.json
editor/texturestyle/dungeon.json
editor/texturestyle/chinoiserie.json
editor/texturestyle/ts.json
editor/texturestyle/dg.json
editor/texturestyle/water.json
deco/ndg/sk_ndg_banner_b/anim/idle.ani
deco/ndg/sk_ndg_chains_e/anim/idle.ani
deco/ndg/sk_ndg_chains_f/anim/idle.ani
deco/ndg/sk_ndg_banner_c/anim/idle.ani
tiles/me_tiles_hope/ground/tile_0_0_0_0.prefab
tiles/me_tiles_hope/ground_0_0_0_0/ground_0_0_0_0.prefab
deco/tiles/me_basemesh_hope/ground/tile_g_0_0_0_0/model.prefab
tiles/me_tiles_hope/ground/tile_0_0_128_128.prefab
deco/tiles/me_basemesh_hope/ground/tile_0_0_128_128/model.prefab
tiles/me_tiles_hope/decal/ground_1_1_0_0_c/000.prefab
tiles/me_tiles_hope/ground_1_1_0_0_d/ground_1_1_0_0_d.prefab
deco/tiles/me_basemesh_hope/ground/tile_g_1_1_0_0_d/model.prefab
tiles/me_tiles_hope/decal/b/008.prefab
deco/dungeon/plant/sm_dg_xiaozhiwu_06_02/model.prefab
deco/dungeon/plant/sm_dg_guanmu_05_10/model.prefab
tiles/me_tiles_dg/ground/tile_0_0_128_128.prefab
tiles/me_tiles_dg/planebase/water_1_1_0_0/water_1_1_0_0.prefab
deco/tiles/me_basemesh_dg/plane/tile_w_1_1_0_0/model.prefab
tiles/me_tiles_dg/decal_tile/tile_0_0_128_128/0.prefab
deco/tiles/me_basemesh_dg/plane/tile_g_1_1_0_0/model.prefab
deco/tiles/me_basemesh_dg/decal/sm_dg_wall_10_04/model.prefab
deco/tiles/me_basemesh_dg/decal/sm_dg_wall_11_01/model.prefab
deco/tiles/me_basemesh_dg/decal/sm_dg_wall_10_01_2/model.prefab
tiles/me_tiles_dg/decal/water_b/010.prefab
deco/chinoiserie/sm_waterstone_02/model.prefab
deco/chinoiserie/sm_waterstone_01/model.prefab
tiles/me_tiles_dg/decal/falls_a/00.prefab
tiles/me_tiles_dg/ground/tile_0_0_0_0.prefab
tiles/me_tiles_dg/planebase/water_0_0_0_0/water_0_0_0_0.prefab
deco/tiles/me_basemesh_dg/plane/tile_w_0_0_0_0/model.prefab
tiles/me_tiles_dg/ground/tile_0_0_384_384.prefab
tiles/me_tiles_dg/decal_tile/tile_0_0_384_384/0.prefab
deco/tiles/me_basemesh_dg/decal/sm_dg_wall_10_01/model.prefab
tiles/me_tiles_dg/decal/water_b/006.prefab
deco/chinoiserie/plant/sm_aquatic_b_02/model.prefab
deco/chinoiserie/plant/sm_aquatic_a/model.prefab
deco/dungeon/plant/sm_heye_10_06/model.prefab
tiles/me_tiles_dg/decal/tile_03a/0.prefab
deco/tiles/me_basemesh_dg/decal/sm_dg_zhuzi_10_01/model.prefab
tiles/me_tiles_dg/planebase/ground_0_0_0_0/ground_0_0_0_0.prefab
deco/tiles/me_basemesh_dg/plane/tile_g_0_0_0_0/model.prefab
tiles/me_tiles_dg/planebase/ground_1_1_0_0/ground_1_1_0_0.prefab
tiles/me_tiles_hope/ground/tile_0_0_128_128_a.prefab
deco/tiles/me_basemesh_hope/ground/tile_0_0_128_128_a/model.prefab
tiles/me_tiles_hope/ground_1_1_0_0_b/ground_1_1_0_0_b.prefab
deco/tiles/me_basemesh_hope/ground/tile_g_1_1_0_0_b/model.prefab
tiles/me_tiles_hope/decal/ground_1_1_0_0_b/000.prefab
tiles/me_tiles_dg/decal/water_b/000.prefab
tiles/me_tiles_dg/ground/tile_0_0_384_384_01.prefab
tiles/me_tiles_dg/decal/tile_03a/1.prefab
deco/ndg/sm_ndg_sill_a/model.prefab
deco/prop/candle_0101/model.prefab
deco/prop/candle_0201/model.prefab
deco/prop/candle_0401/model.prefab
tiles/me_tiles_dg/ground/tile_256_0_384_384.prefab
tiles/me_tiles_dg/planebase/ground_0_1_0_0/ground_0_1_0_0.prefab
tiles/me_tiles_dg/decal_tile/tile_256_0_384_384/0.prefab
deco/tiles/me_basemesh_dg/decal/sm_dg_wall_half_10_02/model.prefab
deco/tiles/me_basemesh_dg/decal/sm_dg_wall_half_10_01_2/model.prefab
tiles/me_tiles_dg/ground/tile_0_0_256_256_01.prefab
tiles/me_tiles_dg/decal_tile/tile_0_0_256_256/0.prefab
deco/tiles/me_basemesh_dg/decal/sm_dg_wall_10_03/model.prefab
tiles/me_tiles_dg/decal/tile_02a/6.prefab
deco/tiles/me_basemesh_dg/decal/sm_dg_zhuzi_10_05/model.prefab
deco/ndg/sk_ndg_banner_b/model.prefab
tiles/me_tiles_dg/ground/tile_0_0_256_256_03.prefab
tiles/me_tiles_dg/decal_tile/tile_0_0_256_256_01/1.prefab
deco/tiles/me_basemesh_dg/decal/sm_dg_wall_10_02/model.prefab
deco/tiles/me_basemesh_dg/decal/sm_dg_wall_10_02_3/model.prefab
deco/tiles/me_basemesh_dg/decal/sm_dg_wall_10_02_2/model.prefab
tiles/me_tiles_dg/decal/tile_02b/1.prefab
tiles/me_tiles_dg/ground/tile_0_0_256_256.prefab
tiles/me_tiles_dg/decal/tile_02a/1.prefab
tiles/me_tiles_dg/decal/tile_02b/2.prefab
deco/prop/spiderweb02/model.prefab
deco/ndg/sk_ndg_brazier_d/model.prefab
tiles/me_tiles_dg/ground/tile_128_0_256_256.prefab
tiles/me_tiles_dg/decal_tile/tile_128_0_256_256/0.prefab
deco/tiles/me_basemesh_dg/decal/sm_dg_wall_half_10_03/model.prefab
deco/tiles/me_basemesh_dg/decal/sm_dg_wall_half_11_01/model.prefab
tiles/me_tiles_dg/ground/tile_128_0_128_128.prefab
tiles/me_tiles_dg/decal_tile/tile_128_0_128_128/0.prefab
deco/tiles/me_basemesh_dg/plane/tile_g_1_1_1_0_b/model.prefab
deco/tiles/me_basemesh_dg/decal/sm_dg_wall_int_10_03/model.prefab
deco/tiles/me_basemesh_dg/decal/sm_dg_wall_int_11_01/model.prefab
deco/tiles/me_basemesh_dg/decal/sm_dg_wall_int_10_01_2/model.prefab
tiles/me_tiles_hope/ground/tile_128_0_128_128.prefab
deco/tiles/me_basemesh_hope/ground/tile_128_0_128_128/model.prefab
tiles/me_tiles_hope/ground_0_1_0_0/ground_0_1_0_0.prefab
deco/tiles/me_basemesh_hope/ground/tile_g_0_1_0_0/model.prefab
tiles/me_tiles_hope/decal/ground_1_0_0_0/000.prefab
tiles/me_tiles_hope/decal/d/002.prefab
deco/dungeon/plant/sm_dg_xiaozhiwu_06_03/model.prefab
deco/dungeon/plant/sm_dg_guanmu_02_01/model.prefab
tiles/me_tiles_hope/decal/ground_1_1_0_0_b/010.prefab
deco/chinoiserie/sm_ch_littlestone_a/model.prefab
deco/chinoiserie/sm_ch_littlestone_d/model.prefab
tiles/me_tiles_hope/decal/b/001.prefab
deco/dungeon/plant/sm_dg_guanmu_01_02/model.prefab
deco/dungeon/plant/sm_dg_guanmu_05_03/model.prefab
tiles/me_tiles_hope/ground/tile_0_128_256_256.prefab
deco/tiles/me_basemesh_hope/ground/tile_0_128_256_256/model.prefab
tiles/me_tiles_hope/water_1_0_0_0/water_1_0_0_0.prefab
deco/tiles/me_basemesh_hope/ground/tile_1_0_0_0/model.prefab
deco/tiles/me_basemesh_hope/ground/tile_w_0_1_0_0/model.prefab
tiles/me_tiles_hope/decal/water_1_0_0_0/000.prefab
tiles/me_tiles_hope/decal/b/003.prefab
tiles/me_tiles_hope/decal/0/000.prefab
tiles/me_tiles_hope/ground/tile_0_0_256_256_a.prefab
deco/tiles/me_basemesh_hope/ground/tile_0_0_256_256_a/model.prefab
tiles/me_tiles_hope/water_1_1_0_0_c/water_1_1_0_0_c.prefab
deco/tiles/me_basemesh_hope/ground/tile_w_1_1_0_0_c/model.prefab
deco/tiles/me_basemesh_hope/ground/tile_w_0_0_0_0_material001/model.prefab
tiles/me_tiles_hope/decal/water_1_1_0_0_c/000.prefab
tiles/me_tiles_hope/decal/b_long/002.prefab
deco/dungeon/plant/sm_dg_guanmu_05_04/model.prefab
deco/rainforest/sm_wudumilin_pashanhu_05_01/model.prefab
tiles/me_tiles_hope/ground/tile_0_0_256_256.prefab
deco/tiles/me_basemesh_hope/ground/tile_0_0_256_256/model.prefab
tiles/me_tiles_hope/water_1_1_0_0_d/water_1_1_0_0_d.prefab
deco/tiles/me_basemesh_hope/ground/tile_w_1_1_0_0_d/model.prefab
tiles/me_tiles_hope/decal/water_1_1_0_0_c/011.prefab
deco/chinoiserie/plant/sm_aquatic_b_03/model.prefab
deco/chinoiserie/sm_waterstone_04/model.prefab
tiles/me_tiles_hope/decal/b_long/008.prefab
tiles/me_tiles_hope/ground/tile_128_0_256_256.prefab
deco/tiles/me_basemesh_hope/ground/tile_128_0_256_256/model.prefab
tiles/me_tiles_hope/water_0_1_0_0/water_0_1_0_0.prefab
deco/tiles/me_basemesh_hope/ground/tile_0_1_0_0/model.prefab
tiles/me_tiles_hope/decal/b/005.prefab
deco/dungeon/plant/sm_dg_xiaozhiwu_06_01/model.prefab
tiles/me_tiles_hope/decal/b/004.prefab
deco/dungeon/plant/sm_dg_guanmu_05_09/model.prefab
tiles/me_tiles_hope/decal/ground_1_1_0_0_b/005.prefab
deco/chinoiserie/sm_ch_littlestone_e/model.prefab
tiles/me_tiles_hope/decal/b/002.prefab
tiles/me_tiles_hope/decal/ground_1_1_0_0_b/006.prefab
tiles/me_tiles_hope/decal/b/007.prefab
tiles/me_tiles_hope/decal/ground_1_1_0_0_b/007.prefab
tiles/me_tiles_hope/decal/d/004.prefab
tiles/me_tiles_hope/decal/ground_1_1_0_0_c/004.prefab
tiles/me_tiles_dg/ground/tile_0_0_384_384_02.prefab
tiles/me_tiles_dg/ground/path_0_0_128_128_1_0_1_1.prefab
tiles/me_tiles_dg/pathbase/decal_path_09/decal_path_09_c.prefab
deco/tiles/me_basemesh_dg/decal/sm_dg_stairs_str_192_10/model.prefab
deco/tiles/me_basemesh_dg/decal/sm_dg_stairs_stones_a03/model.prefab
deco/tiles/me_basemesh_dg/decal/sm_dg_stairs_stones_b03/model.prefab
deco/tiles/me_basemesh_dg/decal/sm_dg_stairs_stones_c03/model.prefab
deco/tiles/me_basemesh_dg/decal/sm_dg_fushou_15/model.prefab
deco/tiles/me_basemesh_dg/decal/sm_dg_zhuzi_10_03/model.prefab
deco/tiles/me_basemesh_dg/decal/sm_dg_fushou_12_2/model.prefab
tiles/me_tiles_dg/decal/path_a/00.prefab
tiles/me_tiles_dg/ground/path_0_0_0_128_1_0_1_1.prefab
tiles/me_tiles_dg/pathbase/decal_path_20_1/decal_path_20_1.prefab
deco/tiles/me_basemesh_dg/decal/sm_dg_stairs_ext_11/model.prefab
deco/tiles/me_basemesh_dg/decal/sm_dg_stairs_stones_a01/model.prefab
deco/tiles/me_basemesh_dg/decal/sm_dg_stairs_stones_a02/model.prefab
deco/tiles/me_basemesh_dg/decal/sm_dg_stairs_stones_b02/model.prefab
deco/tiles/me_basemesh_dg/decal/sm_dg_stairs_stones_b01/model.prefab
deco/tiles/me_basemesh_dg/decal/sm_dg_stairs_stones_c06/model.prefab
tiles/me_tiles_dg/ground/path_0_0_128_128_0_0_0_1.prefab
tiles/me_tiles_dg/pathbase/decal_path_01/decal_path_01_a.prefab
tiles/me_tiles_dg/decal_path/decal_path_01/decal_path_01.prefab
deco/tiles/me_basemesh_dg/decal/sm_dg_fushou_13/model.prefab
deco/tiles/me_basemesh_dg/decal/sm_dg_fushou_12/model.prefab
deco/tiles/me_basemesh_dg/plane/tile_g_0_0_0_1/model.prefab
deco/tiles/me_basemesh_dg/plane/tile_g_0_1_0_0/model.prefab
deco/tiles/me_basemesh_dg/decal/sm_dg_stairs_str_64_11/model.prefab
tiles/me_tiles_dg/decal/path_a/02.prefab
deco/ndg/sk_ndg_brazier_a/model.prefab
tiles/me_tiles_dg/ground/tile_0_0_0_128.prefab
tiles/me_tiles_dg/decal_tile/tile_0_0_0_128/0.prefab
deco/tiles/me_basemesh_dg/decal/sm_dg_wall_ext_10_03/model.prefab
deco/tiles/me_basemesh_dg/decal/sm_dg_wall_ext_11_01/model.prefab
deco/tiles/me_basemesh_dg/decal/sm_dg_wall_ext_10_011_2/model.prefab
tiles/me_tiles_hope/decal/b/013.prefab
deco/rainforest/sm_wudumilin_mogu_04_01/model.prefab
deco/rainforest/sm_wudumilin_mogu_03_01/model.prefab
tiles/me_tiles_hope/water_0_0_0_0/water_0_0_0_0.prefab
deco/tiles/me_basemesh_hope/ground/tile_w_0_0_0_0/model.prefab
deco/tiles/me_basemesh_hope/ground/tile_g_0_0_0_0_material001/model.prefab
tiles/me_tiles_hope/decal/b/006.prefab
tiles/me_tiles_hope/decal/water_1_1_0_0_c/009.prefab
deco/dungeon/plant/sm_heye_10_05/model.prefab
tiles/me_tiles_dg/ground/tile_0_0_384_384_03.prefab
tiles/me_tiles_dg/decal_tile/tile_0_0_384_384_01/1.prefab
tiles/me_tiles_dg/decal/tile_03b/1.prefab
tiles/me_tiles_dg/decal/tile_03b/2.prefab
deco/ndg/sm_ndg_skeleton_e/model.prefab
deco/ndg/sm_ndg_skeleton_d/model.prefab
tiles/me_tiles_dg/ground/path_0_0_128_128_1_1_1_1.prefab
tiles/me_tiles_dg/pathbase/decal_path_12/decal_path_12.prefab
deco/tiles/me_basemesh_dg/decal/sm_dg_stairs_str_256_11/model.prefab
deco/tiles/me_basemesh_dg/decal/sm_dg_stairs_stones_c02/model.prefab
deco/tiles/me_basemesh_dg/decal/sm_dg_stairs_stones_c01/model.prefab
deco/tiles/me_basemesh_dg/decal/sm_dg_stairs_str_256_12/model.prefab
tiles/me_tiles_dg/ground/path_0_0_0_128_1_1_1_1.prefab
tiles/me_tiles_dg/ground/path_128_0_128_128_1_1_0_1.prefab
tiles/me_tiles_dg/pathbase/decal_path_33/decal_path_33.prefab
deco/tiles/me_basemesh_dg/decal/sm_dg_stairs_int_11/model.prefab
deco/tiles/me_basemesh_dg/decal/sm_dg_stairs_stones_b04/model.prefab
deco/tiles/me_basemesh_dg/decal/sm_dg_stairs_stones_b05/model.prefab
deco/tiles/me_basemesh_dg/decal/sm_dg_stairs_stones_a05/model.prefab
deco/tiles/me_basemesh_dg/decal/sm_dg_stairs_stones_c04/model.prefab
deco/tiles/me_basemesh_dg/decal/sm_dg_stairs_stones_b06/model.prefab
deco/tiles/me_basemesh_dg/decal/sm_dg_stairs_stones_a04/model.prefab
deco/tiles/me_basemesh_dg/plane/tile_g_1_1_1_0_a/model.prefab
tiles/me_tiles_hope/decal/ground_1_1_0_0_b/004.prefab
tiles/me_tiles_hope/water_1_1_0_0_b/water_1_1_0_0_b.prefab
deco/tiles/me_basemesh_hope/ground/tile_w_1_1_0_0_b/model.prefab
tiles/me_tiles_hope/decal/water_1_1_0_0_b/000.prefab
tiles/me_tiles_hope/decal/b/015.prefab
deco/field/prefab/sm_candle_a/model.prefab
deco/field/sm_candle_a/model.prefab
tiles/me_tiles_hope/ground/tile_0_0_0_128.prefab
deco/tiles/me_basemesh_hope/ground/tile_0_0_0_128/model.prefab
tiles/me_tiles_hope/water_1_1_1_0/water_1_1_1_0.prefab
deco/tiles/me_basemesh_hope/ground/tile_w_1_1_1_0/model.prefab
tiles/me_tiles_hope/decal/water_1_1_1_0/009.prefab
tiles/me_tiles_hope/decal/a/001.prefab
tiles/me_tiles_hope/ground_1_1_1_0/ground_1_1_1_0.prefab
deco/tiles/me_basemesh_hope/ground/tile_g_1_1_1_0/model.prefab
tiles/me_tiles_hope/decal/ground_1_1_1_0/000.prefab
tiles/me_tiles_hope/decal/a/000.prefab
tiles/me_tiles_hope/decal/ground_1_1_0_0_c/001.prefab
tiles/me_tiles_hope/decal/b/009.prefab
tiles/me_tiles_hope/decal/ground_1_1_0_0_b/009.prefab
tiles/me_tiles_hope/decal/ground_1_1_1_0/005.prefab
deco/chinoiserie/sm_ch_littlestone_c/model.prefab
tiles/me_tiles_hope/decal/ground_1_1_0_0_c/007.prefab
tiles/me_tiles_hope/decal/ground_1_1_0_0_c/008.prefab
tiles/me_tiles_dg/decal/tile_03a/00.prefab
tiles/me_tiles_hope/decal/b/014.prefab
deco/common_prefab/sm_candle_r_group_03/model.prefab
deco/field/sm_candle_a_r/model.prefab
deco/field/sm_candle_b_r/model.prefab
deco/field/sm_candle_f_r/model.prefab
tiles/me_tiles_hope/decal/water_1_1_0_0_b/010.prefab
tiles/me_tiles_hope/ground/path_0_0_128_128_0_0_0_1.prefab
tiles/me_tiles_hope/pathbase/ground/pathbase_0_0_128_128_0_0_0_1/pathbase_0_0_128_128_0_0_0_1.prefab
deco/tiles/me_basemesh_hope/path/path_0_0_128_128_0_0_0_1/model.prefab
tiles/me_tiles_hope/decal_path/decal_path_01/decal_path_01.prefab
deco/tiles/me_basemesh_hope/path/path_rock_0_0_0_128_0_0_0_1/model.prefab
tiles/me_tiles_hope/decal/path01/001.prefab
deco/dungeon/prefab/pre_huopen_a/model.prefab
deco/dungeon/sm_huopen_a/model.prefab
tiles/me_tiles_hope/decal/ground_1_1_0_0_c/002.prefab
tiles/me_tiles_dg/decal/water_b/005.prefab
deco/chinoiserie/plant/sm_aquatic_b_04/model.prefab
tiles/me_tiles_hope/decal/b/000.prefab
tiles/me_tiles_hope/decal/b/012.prefab
tiles/me_tiles_hope/decal/water_1_1_0_0_c/010.prefab
tiles/me_tiles_hope/ground/path_0_0_128_128_1_1_1_1.prefab
deco/tiles/me_basemesh_hope/path/path_0_0_128_128_1_1_1_1/model.prefab
tiles/me_tiles_hope/decal_path/decal_path_12/decal_path_12.prefab
deco/tiles/me_basemesh_hope/path/path_rock_0_0_128_128_1_1_1_1_a/model.prefab
tiles/me_tiles_hope/decal/ground_1_1_0_0_c/005.prefab
tiles/me_tiles_dg/ground/path_128_0_128_128_1_1_1_1.prefab
tiles/me_tiles_hope/decal/water_1_1_0_0_b/011.prefab
deco/chinoiserie/sm_waterstone_03/model.prefab
tiles/me_tiles_dg/decal/tile_03b/5.prefab
deco/prop/candle_0301/model.prefab
deco/ndg/sk_ndg_ironhook_a/model.prefab
tiles/me_tiles_dg/ground/path_0_0_0_128_0_1_1_1.prefab
tiles/me_tiles_dg/ground/path_128_0_128_128_1_1_1_0.prefab
tiles/me_tiles_hope/decal/ground_1_1_0_0_c/003.prefab
tiles/me_tiles_hope/decal/water_1_1_0_0_b/008.prefab
tiles/me_tiles_hope/decal/water_1_1_1_0/008.prefab
tiles/me_tiles_hope/decal/a/002.prefab
tiles/me_tiles_hope/decal/d/003.prefab
tiles/me_tiles_hope/ground/path_0_0_128_128_0_1_0_0.prefab
tiles/me_tiles_hope/pathbase/ground/pathbase_0_0_128_128_0_1_0_0/pathbase_0_0_128_128_0_1_0_0.prefab
deco/tiles/me_basemesh_hope/path/path_0_0_128_128_0_1_0_0/model.prefab
tiles/me_tiles_hope/decal_path/decal_path_02/decal_path_02.prefab
deco/tiles/me_basemesh_hope/path/path_rock_0_0_0_128_0_0_1_0/model.prefab
tiles/me_tiles_dg/decal/water_b/002.prefab
deco/dungeon/plant/sm_heye_10_04/model.prefab
tiles/me_tiles_dg/decal/water_b/008.prefab
tiles/me_tiles_dg/decal/tile_03a/10.prefab
tiles/me_tiles_dg/ground/path_0_0_128_128_1_1_1_0.prefab
tiles/me_tiles_dg/pathbase/decal_path_11/decal_path_11_a.prefab
deco/tiles/me_basemesh_dg/decal/sm_dg_fushou_16/model.prefab
tiles/me_tiles_dg/ground/path_0_0_128_128_0_1_0_0.prefab
tiles/me_tiles_dg/pathbase/decal_path_02/decal_path_02_a.prefab
deco/tiles/me_basemesh_dg/decal/sm_dg_wall_half_10_01/model.prefab
deco/tiles/me_basemesh_dg/decal/sm_dg_fushou_17/model.prefab
deco/tiles/me_basemesh_dg/decal/sm_dg_fushou_11/model.prefab
tiles/me_tiles_dg/decal/path_a/01.prefab
deco/ndg/sk_ndg_brazier_a_l/model.prefab
tiles/me_tiles_hope/decal/ground_1_1_1_0/004.prefab
deco/chinoiserie/sm_ch_littlestone_b/model.prefab
tiles/me_tiles_hope/decal/a/005.prefab
tiles/me_tiles_hope/decal/ground_1_1_0_0_b/002.prefab
tiles/me_tiles_dg/ground/tile_0_256_384_384.prefab
tiles/me_tiles_dg/planebase/ground_1_0_0_0/ground_1_0_0_0.prefab
tiles/me_tiles_dg/decal_tile/tile_0_256_384_384/0.prefab
tiles/me_tiles_dg/decal/tile_02a/2.prefab
deco/dungeon/prefab/sm_dg_group_22/model.prefab
deco/prop/sm_torch02/model.prefab
tiles/me_tiles_dg/ground/tile_0_0_256_256_02.prefab
tiles/me_tiles_dg/ground/tile_0_128_256_256.prefab
tiles/me_tiles_dg/decal_tile/tile_0_128_256_256/0.prefab
tiles/me_tiles_hope/decal/d/007.prefab
tiles/me_tiles_hope/decal/water_1_0_0_0/001.prefab
tiles/me_tiles_hope/decal/d/009.prefab
tiles/me_tiles_hope/decal/ground_1_0_0_0/009.prefab
tiles/me_tiles_hope/decal/ground_1_0_0_0/008.prefab
tiles/me_tiles_hope/decal/d/008.prefab
tiles/me_tiles_dg/ground/tile_0_0_384_128.prefab
tiles/me_tiles_dg/decal_tile/tile_0_0_384_128/0.prefab
deco/tiles/me_basemesh_dg/decal/sm_dg_wall_ext_10_01/model.prefab
deco/tiles/me_basemesh_dg/decal/sm_dg_zhuzi_10_02/model.prefab
tiles/me_tiles_dg/decal/tile_02a/00.prefab
tiles/me_tiles_dg/ground/tile_0_0_256_128.prefab
tiles/me_tiles_dg/decal_tile/tile_0_0_256_128/0.prefab
deco/tiles/me_basemesh_dg/decal/sm_dg_wall_ext_10_02/model.prefab
deco/tiles/me_basemesh_dg/decal/sm_dg_zhuzi_10_04/model.prefab
tiles/me_tiles_hope/decal/d/001.prefab
tiles/me_tiles_hope/decal/b/011.prefab
deco/rainforest/sm_wudumilin_xiaozhiwu_07_01/model.prefab
deco/rainforest/sm_wudumilin_mogu_02_01/model.prefab
tiles/me_tiles_hope/decal/ground_1_1_0_0_b/001.prefab
tiles/me_tiles_hope/decal/d/000.prefab
tiles/me_tiles_hope/ground/cracks_1_1_0_0_0_1_0_0.prefab
deco/tiles/me_basemesh_hope/cracks/cracks_1_1_0_0_0_1_0_0/model.prefab
tiles/me_tiles_hope/ground/cracks_0_1_0_1_1_0_0_1a.prefab
deco/tiles/me_basemesh_hope/cracks/cracks_0_1_0_1_1_0_0_1a/model.prefab
tiles/me_tiles_hope/ground/cracks_1_0_0_1_1_0_0_1.prefab
deco/tiles/me_basemesh_hope/cracks/cracks_1_0_0_1_1_0_0_1/model.prefab
tiles/me_tiles_hope/ground/cracks_0_0_1_0_0_0_0_0a.prefab
deco/tiles/me_basemesh_hope/cracks/cracks_0_0_1_0_0_0_0_0a/model.prefab
tiles/me_tiles_hope/ground/cracks_0_0_1_0_0_0_0_0.prefab
deco/tiles/me_basemesh_hope/cracks/cracks_0_0_1_0_0_0_0_0/model.prefab
tiles/me_tiles_dg/ground/tile_0_0_128_384.prefab
tiles/me_tiles_dg/decal_tile/tile_0_0_128_384/0.prefab
tiles/me_tiles_dg/ground/tile_0_0_384_256.prefab
tiles/me_tiles_dg/decal_tile/tile_0_0_384_256/0.prefab
tiles/me_tiles_dg/decal/tile_03a/9.prefab
deco/ndg/sk_ndg_chains_e/model.prefab
tiles/me_tiles_dg/decal/tile_03b/6.prefab
deco/ndg/sk_ndg_chains_f/model.prefab
tiles/me_tiles_dg/decal/tile_03a/4.prefab
deco/ndg/sk_ndg_banner_c/model.prefab
tiles/me_tiles_dg/decal/tile_03b/7.prefab
deco/decal/decal_ndg_j/model.prefab
tiles/me_tiles_dg/decal/tile_03a/5.prefab
tiles/me_tiles_dg/decal/tile_03a/8.prefab
deco/ndg/sm_ndg_manholecover_a_group01/model.prefab
deco/ndg/sm_ndg_manholecover_a/model.prefab
tiles/me_tiles_dg/decal/tile_03a/11.prefab
tiles/me_tiles_dg/decal/tile_03b/00.prefab
tiles/me_tiles_dg/ground/tile_0_0_0_384.prefab
tiles/me_tiles_dg/decal_tile/tile_0_0_0_384/0.prefab
tiles/me_tiles_hope/ground/cracks_0_1_0_1_1_0_0_1.prefab
deco/tiles/me_basemesh_hope/cracks/cracks_0_1_0_1_1_0_0_1/model.prefab
tiles/me_tiles_hope/ground/cracks_1_1_1_1_1_1_1_1.prefab
tiles/me_tiles_hope/ground/cracks_1_1_1_1_1_0_0_1.prefab
deco/tiles/me_basemesh_hope/cracks/cracks_1_1_1_1_1_0_0_1/model.prefab
tiles/me_tiles_hope/ground/cracks_1_1_1_1_0_0_0_0.prefab
deco/tiles/me_basemesh_hope/cracks/cracks_1_1_1_1_0_0_0_0/model.prefab
tiles/me_tiles_hope/ground/cracks_1_1_1_0_0_0_0_0a.prefab
deco/tiles/me_basemesh_hope/cracks/cracks_1_1_1_0_0_0_0_0a/model.prefab
tiles/me_tiles_hope/ground/cracks_0_0_1_1_0_0_0_0b.prefab
deco/tiles/me_basemesh_hope/cracks/cracks_0_0_1_1_0_0_0_0b/model.prefab
tiles/me_tiles_hope/decal/ground_1_1_1_0/003.prefab
tiles/me_tiles_dg/ground/tile_384_0_384_384.prefab
tiles/me_tiles_dg/decal_tile/tile_384_0_384_384/0.prefab
deco/tiles/me_basemesh_dg/decal/sm_dg_wall_int_10_01/model.prefab
tiles/me_tiles_dg/decal/tile_03a/2.prefab
deco/ndg/sm_ndg_chains_c_02/model.prefab
tiles/me_tiles_dg/decal/tile_03a/7.prefab
deco/ndg/sm_ndg_chains_g/model.prefab
tiles/me_tiles_dg/decal/tile_03b/3.prefab
deco/prop/candle_03/model.prefab
deco/prop/spiderweb03/model.prefab
tiles/me_tiles_hope/ground/path_0_0_128_128_1_0_1_1.prefab
deco/tiles/me_basemesh_hope/path/path_0_0_128_128_1_0_1_1/model.prefab
tiles/me_tiles_hope/decal_path/decal_path_09/decal_path_09.prefab
deco/tiles/me_basemesh_hope/path/path_rock_0_0_128_128_1_0_1_1/model.prefab
tiles/me_tiles_hope/decal/path01/000.prefab
tiles/me_tiles_hope/ground/path_0_0_128_128_1_1_1_0.prefab
deco/tiles/me_basemesh_hope/path/path_0_0_128_128_1_1_1_0/model.prefab
tiles/me_tiles_hope/decal_path/decal_path_11/decal_path_11.prefab
deco/tiles/me_basemesh_hope/path/path_rock_0_0_128_128_1_1_1_0/model.prefab
tiles/me_tiles_hope/decal/ground_1_1_0_0_b/008.prefab
tiles/me_tiles_hope/ground/cracks_0_0_1_1_0_0_0_0.prefab
deco/tiles/me_basemesh_hope/cracks/cracks_0_0_1_1_0_0_0_0/model.prefab
tiles/me_tiles_hope/ground/cracks_1_1_1_0_0_0_0_0.prefab
deco/tiles/me_basemesh_hope/cracks/cracks_1_1_1_0_0_0_0_0/model.prefab
tiles/me_tiles_hope/ground/cracks_0_0_1_1_0_0_0_0a.prefab
deco/tiles/me_basemesh_hope/cracks/cracks_0_0_1_1_0_0_0_0a/model.prefab
tiles/me_tiles_hope/decal/a/003.prefab
tiles/me_tiles_hope/ground/cracks_1_1_1_0_0_1_0_0.prefab
deco/tiles/me_basemesh_hope/cracks/cracks_1_1_1_0_0_1_0_0/model.prefab
tiles/me_tiles_hope/ground/cracks_0_0_0_0_0_0_1_0.prefab
deco/tiles/me_basemesh_hope/cracks/cracks_0_0_0_0_0_0_1_0/model.prefab
tiles/me_tiles_hope/decal/ground_1_0_0_0/006.prefab
tiles/me_tiles_hope/decal/ground_1_1_0_0_c/006.prefab
tiles/me_tiles_hope/decal/d/010.prefab
tiles/me_tiles_dg/decal/water_b/009.prefab
tiles/me_tiles_dg/decal/tile_03a/3.prefab
deco/prop/candles_0501/model.prefab
deco/prop/candles_05/model.prefab
deco/ndg/sm_ndg_chains_c_01/model.prefab
tiles/me_tiles_dg/decal/tile_03b/4.prefab
deco/ndg/sm_ndg_statue_a/model.prefab
tiles/me_tiles_dg/decal/water_b/004.prefab
tiles/me_tiles_dg/ground/tile_0_0_256_384.prefab
tiles/me_tiles_dg/decal_tile/tile_0_0_256_384/0.prefab
tiles/me_tiles_dg/decal/water_b/001.prefab
tiles/me_tiles_dg/decal/water_b/003.prefab
tiles/me_tiles_dg/decal/water_b/011.prefab
tiles/me_tiles_hope/decal/d/006.prefab
tiles/me_tiles_hope/decal/ground_1_1_1_0/009.prefab
tiles/me_tiles_dg/decal/water_b/007.prefab
tiles/me_tiles_dg/planebase/water_1_1_1_0/water_1_1_1_0.prefab
deco/tiles/me_basemesh_dg/plane/tile_w_1_1_1_0/model.prefab
tiles/me_tiles_dg/decal/water_a/000.prefab
tiles/me_tiles_dg/planebase/water_1_0_0_0_b/water_1_0_0_0.prefab
deco/tiles/me_basemesh_dg/plane/tile_w_1_0_0_0_b/model.prefab
tiles/me_tiles_dg/decal/water_a/004.prefab
tiles/me_tiles_hope/ground/tile_0_0_256_128.prefab
deco/tiles/me_basemesh_hope/ground/tile_0_0_256_128/model.prefab
tiles/me_tiles_hope/water_1_1_0_0_a/water_1_1_0_0_a.prefab
deco/tiles/me_basemesh_hope/ground/tile_w_1_1_0_0_a/model.prefab
tiles/me_tiles_hope/decal/water_1_1_0_0_a/010.prefab
tiles/me_tiles_hope/decal/c/003.prefab
tiles/me_tiles_hope/decal/water_1_1_0_0_c/008.prefab
tiles/me_tiles_hope/decal/water_1_1_0_0_c/005.prefab
tiles/me_tiles_hope/decal/b_long/003.prefab
tiles/me_tiles_hope/decal/b_long/004.prefab
deco/rainforest/sm_wudumilin_pashanhu_01_01/model.prefab
deco/rainforest/sm_wudumilin_pashanhu_02_01/model.prefab
deco/dungeon/plant/sm_dg_xiaozhiwu_06_04/model.prefab
tiles/me_tiles_hope/decal/b_long/006.prefab
deco/rainforest/sm_wudumilin_pashanhu_04_01/model.prefab
tiles/me_tiles_hope/decal/b_long/005.prefab
deco/rainforest/sm_wudumilin_pashanhu_03_01/model.prefab
tiles/me_tiles_hope/decal/b_long/011.prefab
tiles/me_tiles_hope/decal/water_1_1_0_0_c/004.prefab
tiles/me_tiles_hope/decal/b_long/000.prefab
tiles/me_tiles_hope/decal/water_1_1_0_0_c/002.prefab
tiles/me_tiles_hope/ground/tile_0_0_128_256.prefab
deco/tiles/me_basemesh_hope/ground/tile_0_0_128_256/model.prefab
tiles/me_tiles_hope/decal/water_1_1_0_0_a/000.prefab
tiles/me_tiles_hope/decal/c/000.prefab
tiles/me_tiles_dg/decal/water_a/005.prefab
tiles/me_tiles_hope/decal/ground_1_0_0_0/001.prefab
tiles/me_tiles_hope/decal/ground_1_0_0_0/002.prefab
tiles/me_tiles_dg/decal/water_a/002.prefab
tiles/me_tiles_hope/decal/ground_1_0_0_0/005.prefab
tiles/me_tiles_hope/decal/ground_1_1_0_0_c/009.prefab
tiles/me_tiles_hope/decal/ground_1_1_1_0/002.prefab
deco/plants/sm_plants_tree03/model.prefab
deco/plants/sm_plants_tree02/model.prefab
deco/chinoiserie/plant/sm_ch_guanmu_01_07/model.prefab
deco/field/prefab/sm_field_group_02/model.prefab
deco/stylized_landscape/sm_flower_b/model.prefab
deco/stylized_landscape/sm_flower_c/model.prefab
deco/plants/sm_plants_tree01/model.prefab
deco/dungeon/plant/sm_dg_ivy_10_05/model.prefab
deco/field/prefab/sm_guanmu_group_23/model.prefab
deco/rainforest/sm_wudumilin_shu_02_01/model.prefab
deco/rainforest/sm_wudumilin_shu_02_02/model.prefab
deco/field/grassandflower/sm_grass_02/model.prefab
deco/field/grassandflower/sm_grass_02a/model.prefab
deco/field/grassandflower/sm_grass_02b/model.prefab
deco/tiles/me_basemesh_hope/ground/tile_g_0_0_0_0/model/m.mdl
deco/tiles/me_basemesh_hope/ground/tile_0_0_128_128/model/m.mdl
deco/tiles/me_basemesh_hope/ground/tile_g_1_1_0_0_d/model/m.mdl
deco/dungeon/plant/sm_dg_xiaozhiwu_06_02/model/m.mdl
deco/dungeon/plant/sm_dg_guanmu_05_08/model/m.mdl
deco/tiles/me_basemesh_dg/plane/tile_w_1_1_0_0/model/m.mdl
deco/tiles/me_basemesh_dg/plane/tile_g_1_1_0_0/model/m.mdl
deco/tiles/me_basemesh_dg/decal/sm_dg_wall_11_01/model/m.mdl
deco/tiles/me_basemesh_dg/decal/sm_dg_wall_10_01_2/model/m.mdl
deco/snowy_landscape/sm_stone_d/model/m.mdl
deco/snowy_landscape/sm_stone_a/model/m.mdl
effect/effect_new1/effect_scene/eff_wapianshui1/shui2.mdl
effect/effect_new1/effect_scene/eff_wapianshui1/shui2_1.mdl
deco/tiles/me_basemesh_dg/plane/tile_w_0_0_0_0/model/m.mdl
deco/zhuangshiwu/plants_22c/model/m.mdl
deco/zhuangshiwu/plants_22a/model/m.mdl
deco/dungeon/plant/sm_heye_10_06/model/m.mdl
deco/tiles/me_basemesh_dg/decal/sm_dg_zhuzi_10_01/model/m.mdl
deco/tiles/me_basemesh_dg/plane/tile_g_0_0_0_0/model/m.mdl
deco/tiles/me_basemesh_hope/ground/tile_0_0_128_128_a/model/m.mdl
deco/tiles/me_basemesh_hope/ground/tile_g_1_1_0_0_b/model/m.mdl
deco/ndg/sm_ndg_sill_a/model/m.mdl
deco/prop/candle_01/model/m.mdl
deco/prop/candle_02/model/m.mdl
deco/prop/candle_04/model/m.mdl
deco/tiles/me_basemesh_dg/decal/sm_dg_wall_half_10_01_2/model/m.mdl
deco/ndg/sk_ndg_banner_b/model/m.mdl
deco/tiles/me_basemesh_dg/decal/sm_dg_zhuzi_10_05/model/m.mdl
deco/tiles/me_basemesh_dg/decal/sm_dg_wall_10_02_3/model/m.mdl
deco/tiles/me_basemesh_dg/decal/sm_dg_wall_10_02_2/model/m.mdl
deco/prop/spiderweb02/model/m.mdl
deco/tiles/me_basemesh_dg/decal/sm_dg_wall_half_11_01/model/m.mdl
deco/tiles/me_basemesh_dg/plane/tile_g_1_1_1_0_b/model/m.mdl
deco/tiles/me_basemesh_dg/decal/sm_dg_wall_int_11_01/model/m.mdl
deco/tiles/me_basemesh_dg/decal/sm_dg_wall_int_10_01_2/model/m.mdl
deco/tiles/me_basemesh_hope/ground/tile_128_0_128_128/model/m.mdl
deco/tiles/me_basemesh_hope/ground/tile_g_0_1_0_0/model/m.mdl
deco/dungeon/plant/sm_dg_xiaozhiwu_06_03/model/m.mdl
deco/dungeon/plant/sm_dg_guanmu_02_01/model/m.mdl
deco/chinoiserie/sm_ch_littlestone_a/model/m.mdl
deco/chinoiserie/sm_ch_littlestone_d/model/m.mdl
deco/dungeon/plant/sm_dg_guanmu_01_02/model/m.mdl
deco/dungeon/plant/sm_dg_guanmu_05_03/model/m.mdl
deco/tiles/me_basemesh_hope/ground/tile_0_128_256_256/model/m.mdl
deco/tiles/me_basemesh_hope/ground/tile_1_0_0_0/model/m.mdl
deco/tiles/me_basemesh_hope/ground/tile_0_0_256_256_a/model/m.mdl
deco/tiles/me_basemesh_hope/ground/tile_w_0_0_0_0/model/m.mdl
deco/dungeon/plant/sm_dg_guanmu_05_04/model/m.mdl
deco/rainforest/sm_wudumilin_pashanhu_05_01/model/m.mdl
deco/tiles/me_basemesh_hope/ground/tile_0_0_256_256/model/m.mdl
deco/zhuangshiwu/plants_22d/model/m.mdl
deco/snowy_landscape/sm_stone_e/model/m.mdl
deco/tiles/me_basemesh_hope/ground/tile_128_0_256_256/model/m.mdl
deco/tiles/me_basemesh_hope/ground/tile_0_1_0_0/model/m.mdl
deco/dungeon/plant/sm_dg_xiaozhiwu_06_01/model/m.mdl
deco/dungeon/plant/sm_dg_guanmu_05_07/model/m.mdl
deco/chinoiserie/sm_ch_littlestone_e/model/m.mdl
deco/tiles/me_basemesh_dg/decal/sm_dg_stairs_stones_a03/model/m.mdl
deco/tiles/me_basemesh_dg/decal/sm_dg_stairs_stones_b03/model/m.mdl
deco/tiles/me_basemesh_dg/decal/sm_dg_stairs_stones_c03/model/m.mdl
deco/tiles/me_basemesh_dg/decal/sm_dg_zhuzi_10_03/model/m.mdl
deco/tiles/me_basemesh_dg/decal/sm_dg_fushou_12_2/model/m.mdl
deco/tiles/me_basemesh_dg/decal/sm_dg_stairs_stones_a01/model/m.mdl
deco/tiles/me_basemesh_dg/decal/sm_dg_stairs_stones_a02/model/m.mdl
deco/tiles/me_basemesh_dg/decal/sm_dg_stairs_stones_b02/model/m.mdl
deco/tiles/me_basemesh_dg/decal/sm_dg_stairs_stones_b01/model/m.mdl
deco/tiles/me_basemesh_dg/decal/sm_dg_stairs_stones_c06/model/m.mdl
deco/tiles/me_basemesh_dg/decal/sm_dg_fushou_12/model/m.mdl
deco/tiles/me_basemesh_dg/plane/tile_g_0_1_0_0/model/m.mdl
deco/tiles/me_basemesh_dg/decal/sm_dg_wall_ext_11_01/model/m.mdl
deco/tiles/me_basemesh_dg/decal/sm_dg_wall_ext_10_011_2/model/m.mdl
deco/rainforest/sm_wudumilin_mogu_04_01/model/m.mdl
deco/rainforest/sm_wudumilin_mogu_03_01/model/m.mdl
deco/dungeon/plant/sm_heye_10_05/model/m.mdl
deco/ndg/sm_ndg_skeleton_e/model/m.mdl
deco/ndg/sm_ndg_skeleton_d/model/m.mdl
deco/tiles/me_basemesh_dg/decal/sm_dg_stairs_stones_c02/model/m.mdl
deco/tiles/me_basemesh_dg/decal/sm_dg_stairs_stones_c01/model/m.mdl
deco/tiles/me_basemesh_dg/decal/sm_dg_stairs_stones_b04/model/m.mdl
deco/tiles/me_basemesh_dg/decal/sm_dg_stairs_stones_b05/model/m.mdl
deco/tiles/me_basemesh_dg/decal/sm_dg_stairs_stones_a05/model/m.mdl
deco/tiles/me_basemesh_dg/decal/sm_dg_stairs_stones_c04/model/m.mdl
deco/tiles/me_basemesh_dg/decal/sm_dg_stairs_stones_b06/model/m.mdl
deco/tiles/me_basemesh_dg/decal/sm_dg_stairs_stones_a04/model/m.mdl
deco/tiles/me_basemesh_dg/plane/tile_g_1_1_1_0_a/model/m.mdl
deco/field/sm_candle_a/model/m.mdl
deco/tiles/me_basemesh_hope/ground/tile_0_0_0_128/model/m.mdl
deco/tiles/me_basemesh_hope/ground/tile_g_1_1_1_0/model/m.mdl
deco/chinoiserie/sm_ch_littlestone_c/model/m.mdl
deco/field/sm_candle_b/model/m.mdl
deco/field/sm_candle_f/model/m.mdl
deco/tiles/me_basemesh_hope/path/path_0_0_128_128_0_0_0_1/model/m.mdl
deco/tiles/me_basemesh_hope/path/path_rock_0_0_0_128_0_0_0_1/model/m.mdl
deco/dungeon/sm_huopen_a/model/m.mdl
deco/zhuangshiwu/plants_22b/model/m.mdl
deco/tiles/me_basemesh_hope/path/path_0_0_128_128_1_1_1_1/model/m.mdl
deco/tiles/me_basemesh_hope/path/path_rock_0_0_128_128_1_1_1_1_a/model/m.mdl
deco/snowy_landscape/sm_stone_b/model/m.mdl
deco/prop/candle_03/model/m.mdl
deco/tiles/me_basemesh_hope/path/path_0_0_128_128_0_1_0_0/model/m.mdl
deco/tiles/me_basemesh_hope/path/path_rock_0_0_0_128_0_0_1_0/model/m.mdl
deco/dungeon/plant/sm_heye_10_04/model/m.mdl
deco/tiles/me_basemesh_dg/decal/sm_dg_fushou_11/model/m.mdl
deco/chinoiserie/sm_ch_littlestone_b/model/m.mdl
deco/prop/sm_torch02/model/m.mdl
deco/tiles/me_basemesh_dg/decal/sm_dg_zhuzi_10_02/model/m.mdl
deco/tiles/me_basemesh_dg/decal/sm_dg_zhuzi_10_04/model/m.mdl
deco/rainforest/sm_wudumilin_xiaozhiwu_07_01/model/m.mdl
deco/rainforest/sm_wudumilin_mogu_02_01/model/m.mdl
deco/tiles/me_basemesh_hope/cracks/cracks_1_1_0_0_0_1_0_0/model/m.mdl
deco/tiles/me_basemesh_hope/cracks/cracks_0_1_0_1_1_0_0_1a/model/m.mdl
deco/tiles/me_basemesh_hope/cracks/cracks_1_0_0_1_1_0_0_1/model/m.mdl
deco/tiles/me_basemesh_hope/cracks/cracks_0_0_1_0_0_0_0_0a/model/m.mdl
deco/tiles/me_basemesh_hope/cracks/cracks_0_0_1_0_0_0_0_0/model/m.mdl
deco/ndg/sk_ndg_chains_e/model/m.mdl
deco/ndg/sk_ndg_chains_f/model/m.mdl
deco/ndg/sk_ndg_banner_c/model/m.mdl
deco/decal/decal_ndg_j/model/m.mdl
effect/effect_new/effect_scene/eff_yanjiang04/fbx_yanjiang004.mdl
deco/ndg/sm_ndg_manholecover_a/model/m.mdl
deco/tiles/me_basemesh_hope/cracks/cracks_0_1_0_1_1_0_0_1/model/m.mdl
deco/tiles/me_basemesh_hope/cracks/cracks_1_1_1_1_1_0_0_1/model/m.mdl
deco/tiles/me_basemesh_hope/cracks/cracks_1_1_1_1_0_0_0_0/model/m.mdl
deco/tiles/me_basemesh_hope/cracks/cracks_1_1_1_0_0_0_0_0a/model/m.mdl
deco/tiles/me_basemesh_hope/cracks/cracks_0_0_1_1_0_0_0_0b/model/m.mdl
deco/ndg/sm_ndg_chains_c_02/model/m.mdl
deco/ndg/sm_ndg_chains_g/model/m.mdl
deco/prop/spiderweb03/model/m.mdl
deco/tiles/me_basemesh_hope/path/path_0_0_128_128_1_0_1_1/model/m.mdl
deco/tiles/me_basemesh_hope/path/path_rock_0_0_128_128_1_0_1_1/model/m.mdl
deco/tiles/me_basemesh_hope/path/path_0_0_128_128_1_1_1_0/model/m.mdl
deco/tiles/me_basemesh_hope/path/path_rock_0_0_128_128_1_1_1_0/model/m.mdl
deco/tiles/me_basemesh_hope/cracks/cracks_0_0_1_1_0_0_0_0/model/m.mdl
deco/tiles/me_basemesh_hope/cracks/cracks_1_1_1_0_0_0_0_0/model/m.mdl
deco/tiles/me_basemesh_hope/cracks/cracks_0_0_1_1_0_0_0_0a/model/m.mdl
deco/tiles/me_basemesh_hope/cracks/cracks_1_1_1_0_0_1_0_0/model/m.mdl
deco/tiles/me_basemesh_hope/cracks/cracks_0_0_0_0_0_0_1_0/model/m.mdl
deco/prop/candles_05/model/m.mdl
deco/ndg/sm_ndg_chains_c_01/model/m.mdl
deco/ndg/sm_ndg_statue_a/model/m.mdl
deco/tiles/me_basemesh_dg/plane/tile_w_1_1_1_0/model/m.mdl
deco/tiles/me_basemesh_dg/plane/tile_w_1_0_0_0_b/model/m.mdl
deco/tiles/me_basemesh_hope/ground/tile_0_0_256_128/model/m.mdl
deco/rainforest/sm_wudumilin_pashanhu_01_01/model/m.mdl
deco/rainforest/sm_wudumilin_pashanhu_02_01/model/m.mdl
deco/dungeon/plant/sm_dg_xiaozhiwu_06_04/model/m.mdl
deco/rainforest/sm_wudumilin_pashanhu_04_01/model/m.mdl
deco/rainforest/sm_wudumilin_pashanhu_03_01/model/m.mdl
deco/tiles/me_basemesh_hope/ground/tile_0_0_128_256/model/m.mdl
deco/plants/sm_plants_tree03/model/m.mdl
deco/plants/sm_plants_tree02/model/m.mdl
deco/rainforest/sm_wudumilin_guanmu_01_02/model/m.mdl
deco/stylized_landscape/sm_flower_b/model/m.mdl
deco/stylized_landscape/sm_flower_c/model/m.mdl
deco/plants/sm_plants_tree01/model/m.mdl
effect/effect_new1/eff_keji/eff_keji3/sm_fx_star_004.mdl
effect/effect_new1/eff_keji/eff_keji3/sm_fx_star_004_1.mdl
effect/effect_new1/eff_keji/eff_keji3/sm_fx_star_004_2.mdl
effect/effect_new1/eff_keji/eff_keji3/sm_fx_star_004_1_1.mdl
effect/effect_new1/eff_keji/eff_keji3/sm_fx_star_004_3.mdl
effect/effect_new1/eff_keji/eff_keji3/sm_fx_star_004_1_2.mdl
effect/effect_new1/eff_keji/eff_keji3/sm_fx_star_004_4.mdl
effect/effect_new1/eff_keji/eff_keji3/sm_fx_star_004_1_3.mdl
effect/effect_new/effect_scene/eff_scene_decal_03/sm_fx_yuanhuan_08.mdl
effect/effect_new/effect_scene/eff_scene_decal_03/sm_fx_yuanhuan_02.mdl
deco/dungeon/plant/sm_dg_ivy_10_05/model/m.mdl
deco/rainforest/sm_wudumilin_shu_02_01/model/m.mdl
deco/rainforest/sm_wudumilin_shu_02_02/model/m.mdl
effect/effect_new/effect_scene/ps_huanrao_1/sm_shengmingxian_3.mdl
effect/effect_new/effect_scene/ps_huanrao_1/sm_shengmingxian_3_1.mdl
effect/effect_new/effect_scene/effect_scene_keji_03/sm_fx_cylinder_06.mdl
effect/effect_new1/effect_scene/eff_jiejiexian1red/luoxuan3.mdl
effect/effect_new/effect_scene/effect_scene_keji_02/sm_fx_cylinder_04.mdl
effect/effect_new/effect_scene/eff_scene_penquan02/fbx_sphere_004.mdl
deco/field/grassandflower/sm_grass_02/model/m.mdl
deco/field/grassandflower/sm_grass_02a/model/m.mdl
deco/field/grassandflower/sm_grass_02b/model/m.mdl
effect/effect_new1/effect_scene/eff_wapianshui1/particle.effect
effect/eff_reverse/particle/map/ps_lazhuhuoyan_hong_1/particle.effect
effect/eff_reverse/particle/map/ps_huoju_1/particle.effect
effect/effect_new/effect_scene/eff_yanjiang04/particle.effect
effect/effect_new/effect_scene/eff_yanjiang06/particle.effect
effect/effect_new1/eff_keji/eff_keji3/particle.effect
effect/effect_new1/effect_mofa/firewall_eff2/particle.effect
effect/effect_new/effect_scene/eff_scene_decal_03/particle.effect
effect/effect_new/effect_scene/effect_guangshu/particle.effect
effect/effect_new/effect_scene/effect_guangshu_02/particle.effect
effect/effect_new/effect_scene/ps_huanrao_1/particle.effect
effect/effect_new/effect_scene/effect_scene_keji_03/particle.effect
effect/effect_new1/effect_scene/eff_jiejiexian1red/particle.effect
effect/effect_new/effect_scene/effect_scene_keji_02/particle.effect
effect/effect_new/effect_scene/eff_scene_penquan02/particle.effect
effect/effect_new1/effect_scene/eff_xingzuo2/particle.effect
effect/effect_new1/effect_scene/eff_xingzuo4/particle.effect
effect/effect_new1/effect_scene/eff_xingzuo5/particle.effect
effect/effect_new1/effect_scene/eff_xingzuo1/particle.effect
effect/effect_new1/effect_scene/eff_xingzuo3/particle.effect
effect/effect_new/effect_scene/eff_huopen_02/particle.effect
effect/effect_new/effect_scene/eff_huopen_01/particle.effect
