engineres/textures/ramp.png
engineres/textures/spot.png
engineres/particle/common/materials/orientparticle.tga
textures/stars.png
engineres/particle/common/materials/dissolvemask.jpg
engineres/particle/common/materials/defaultdiffuse.png
characters/monster/sk_spider_burrow_s/textures/t_spider_s_burrow_basecolor.tga
characters/monster/sk_spider_burrow_s/textures/t_spider_s_burrow_mix_1.tga
characters/general/sk_basic2/textures/m0_diffuse.tga
characters/general/sk_basic2/textures/m0_normal.tga
characters/general/sk_basic2/textures/m1_diffuse.tga
characters/general/sk_basic2/textures/m1_normal.tga
characters/general/sk_basic2/textures/m1_specular.tga
characters/general/sk_basic2/textures/m1_emissive.tga
characters/heartbeat/mori/textures/tex_mori.tga
editor/textures/enginematerials/t_default_grid.tga
editor/textures/enginematerials/t_default_m.tga
characters/monster/sk_vulture_bird/textures/t_vulture_bird_basecolor.tga
characters/monster/sk_vulture_bird/textures/t_vulture_bird_mix_1.tga
characters/monster/sk_werewolf/textures/t_werewolf_basecolor.tga
characters/monster/sk_werewolf/textures/t_werewolf_mix_1.tga
characters/monster_westfantasy/sk_jryg/textures/t_jryg_d_1.tga
characters/monster_westfantasy/sk_jryg/textures/t_jryg_mix.tga
editor/textures/engine/default_mix_n.tga
editor/textures/engine/default_white.png
texture/effect/xujian/smoke/tex_fx_smoke_008.png
texture/effect/xujian/object/t_fx_object_001.png
characters/tramcar_td/jinbi/textures/sm_jinbi_basecolor.tga
characters/tramcar_td/jinbi/textures/sm_jinbi_mix_1.tga
deco/engine/sm_plane_a01/textures/t_plane_a01.tga
editor/textures/materiallibrary/t_defaultmix.png
deco/handpaintedvol2_campsite/sm_backpack_01_base/textures/t_backpack_01_base_c.tga
deco/handpaintedvol2_campsite/sm_backpack_01_base/textures/t_backpack_01_base_mix.tga
texture/effect/t_old/111224fslqass7iy4azfpi.png
texture/effect/t_old/orientparticle_1.tga
texture/effect/t_old/t_xue_6.png
texture/effect/xujian/light/t_fx_light_006.png
texture/effect/xujian/noise/t_fx_noise_013.png
texture/effect/xujian/trail/tex_fx_ray_032.png
texture/effect/xujian/mask/tex_fx_mask_032.png
texture/effect/xujian/trail/tex_fx_ray_039.png
texture/effect/t_old/defaultdiffuse_2.png
texture/effect/t_old/dissolvemask.jpg
texture/effect/xujian/trail/tex_fx_ray_007.png
texture/effect/xujian/trail/tex_fx_ray_045.png
texture/effect/t_old/t_zhishi_23_b.png
texture/effect/t_old/t_zhishi_23_c.png
texture/effect/t_old/t_zhishi_23_w.png
texture/effect/t_old/t_zhishi_23_g1.png
texture/effect/t_old/1(1).png
texture/effect/t_old/2(1).png
texture/effect/t_old/t_huoqiu.png
texture/effect/t_old/orientparticle_2.png
texture/effect/t_old/particle_projectiletip.png
texture/effect/t_old/c0ebcab5-007e-4d26-8567-543c323639de.png
texture/effect/t_old/temptexture3_63.png
texture/effect/t_old/orientparticle_1.png
texture/effect/t_old/t_fanwei.png
texture/effect/t_old/t_ci.png
texture/effect/t_old/t_ci_2.png
texture/effect/t_old/temptexture0_181.png
texture/effect/t_old/temptexture0_189.png
texture/effect/t_old/temptexture02.png
texture/effect/t_old/shan3.png
texture/effect/t_old/temptexture0_183.png
texture/effect/t_old/temptexture1_92.png
texture/effect/t_old/lightzd.png
texture/effect/t_old/t_zaobo.png
texture/effect/t_old/fx_a_atypical_4.png
texture/effect/t_old/t_tuowei_3.png
texture/effect/t_old/t_fire_1.png
texture/effect/t_old/acid_spit_core_sheet.png
texture/effect/t_old/seq_lcy.png
texture/effect/t_old/temptexture3_58.png
texture/effect/t_old/fx_c_glow.png
texture/effect/t_old/t_glow_1.png
texture/effect/t_old/t_liusha_1.png
texture/effect/t_old/fx_c_ring_004_cl.png
texture/effect/t_old/temptexture0_15.png
texture/effect/t_old/t_daoguang_4.png
texture/effect/t_old/t_daoguang_5.png
texture/effect/t_old/t_daoguang_12.png
texture/effect/t_old/t_daoguang_6.png
texture/effect/t_old/t_glow.png
texture/effect/t_old/tex_glow.png
texture/effect/t_old/t_guangyun.png
texture/effect/xujian/ground/tex_fx_ground_010.png
texture/effect/xujian/noise/t_fx_noise_004.tga
texture/effect/xujian/ground/tex_fx_ground_011.png
texture/effect/xujian/object/t_fx_stone_004.png
texture/effect/xujian/smoke/tex_fx_smoke_022.tga
texture/effect/xujian/smoke/tex_fx_smoke_010.png
texture/effect/t_old/tex_gy.png
texture/effect/xujian/ring/tex_fx_ring_003.png
texture/effect/xujian/glow/tex_fx_glow_001.png
texture/effect/xujian/guangci/t_fx_guangci_002.png
texture/effect/t_old/dark.png
texture/effect/xujian/mask/tex_fx_mask_002.png
texture/effect/xujian/glow/tex_fx_glow_003.png
texture/effect/xujian/ring/tex_fx_ring_004.png
texture/effect/t_old/114_noise.png
texture/effect/t_old/66_kulouchui_mask3.png
effect/eff_xujian/effect_emiti_003/uv_once_tex_fx_ray_010.png
texture/effect/t_old/t_fx_circle_03_h.png
texture/effect/t_old/t_flare.png
texture/effect/t_old/t_sandian.png
texture/effect/xujian/t_fx_trail_002_.png
texture/effect/xujian/t_fx_mask_02.png
texture/effect/xujian/ground/tex_fx_ground_035.png
texture/effect/xujian/mask/tex_fx_mask_016.png
texture/effect/xujian/mask/tex_fx_mask_001.png
texture/effect/t_old/temptexture2_2.png
texture/effect/xujian/mask/tex_fx_mask_030.png
texture/effect/xujian/mask/tex_fx_mask_015.png
texture/effect/xujian/mask/tex_fx_mask_031.png
texture/effect/xujian/knief/t_fx_knief_005.png
texture/effect/xujian/noise/t_fx_noise_003.png
texture/effect/xujian/knief/t_fx_knief_004.png
texture/effect/t_old/fx_smo031_mip.png
texture/effect/texture_h/t_fx_mask_068_h.png
texture/effect/dj/t_fx_smoke_02_dj.png
texture/effect/t_old/temptexture7.png
texture/effect/t_old/tex_yw_1.png
texture/effect/t_old/tex_dl_2.png
texture/effect/t_old/t_fx_smoke_02_h.png
texture/effect/xujian/smoke/tex_fx_smoke_004.png
texture/effect/t_old/t_daoguang_10.png
texture/effect/t_old/t_daotuowei.png
texture/effect/xujian/knief/t_fx_knief_013.png
texture/effect/t_old/t_daoguang.png
texture/effect/xujian/knief/t_fx_knief_014.png
texture/effect/xujian/t_fx_stone_001.png
texture/effect/t_old/impact_base_add.png
texture/effect/t_old/temptexture0_42.png
texture/effect/t_old/temptexture1_35.png
texture/effect/t_old/temptexture0_14.png
texture/effect/texture_h/t_fx_fire_3058_h.png
texture/effect/xujian/glow/tex_fx_glow_004.png
texture/effect/xujian/glow/tex_fx_glow_020.png
texture/effect/xujian/noise/t_fx_noise_015.png
effect/effect_new/effect_scene/eff_scene_baoshi_01/tex_fx_mask_014.png
texture/effect/t_old/orientparticle_3.png
texture/effect/t_old/t_yanwu_8.png
texture/effect/t_old/eff_fangshe.png
texture/effect/xujian/glow/tex_fx_glow_027.png
texture/effect/t_old/t_kuosan.png
texture/effect/xujian/guangci/t_fx_guangci_027.png
texture/effect/xujian/noise/t_fx_noise_012.png
texture/effect/t_old/t_tuowei_mask.png
texture/effect/xujian/knief/t_fx_knief_022.png
texture/effect/xujian/knief/t_fx_knief_021.png
texture/effect/xujian/ground/tex_fx_ground_003.png
texture/effect/xujian/mask/tex_fx_mask_026.png
texture/effect/xujian/object/t_fx_water_029.png
texture/effect/xujian/noise/t_fx_noise_009.png
texture/effect/xujian/noise/t_fx_noise_030.png
effect/effect_new/effect_scene/eff_scene_fenweilizi_06/uv_once_114_noise2_2.png
texture/effect/xujian/object/t_fx_water_031.png
texture/effect/xujian/smoke/tex_fx_smoke_002.png
texture/effect/xujian/noise/t_fx_noise_005.tga
texture/effect/t_old/temptexture3_54.png
texture/effect/t_old/t_ceshi.png
texture/effect/t_old/t_bai.png
texture/effect/xujian/trail/tex_fx_ray_021.png
texture/effect/t_old/t_juxing.png
texture/effect/t_old/t_juxing_1.png
texture/effect/t_old/t_juxing_2.png
texture/effect/t_old/t_shanxing.png
texture/effect/t_old/t_shanxing_1.png
texture/effect/t_old/t_shanxing_2.png
texture/effect/t_old/t_shanxing_3.png
texture/effect/t_old/t_shanxing_4.png
texture/effect/t_old/t_shanxing_5.png
texture/effect/xujian/tubiao/t_fx_tubiao_001.png
texture/effect/xujian/tubiao/t_fx_tubiao_002.png
texture/effect/xujian/tubiao/t_fx_tubiao_003.png
texture/effect/xujian/tubiao/t_fx_tubiao_004.png
texture/effect/t_old/t_zhishi_3.png
texture/effect/xujian/trail/tex_fx_ray_012.png
texture/effect/t_old/eff_xiahouyuan.png
texture/effect/t_old/t_xingxing.png
texture/effect/t_old/ci1.png
texture/effect/t_old/mask2.png
texture/effect/t_old/outrage_strike_on02.png
texture/effect/t_old/temptexture6_12.png
texture/effect/t_old/6mx2.png
texture/effect/t_old/blz_441_cs_ring.png
texture/effect/t_old/t_hook_basecolor1.png
texture/effect/t_old/temptexture1_1.png
texture/effect/t_old/temptexture0_1.png
texture/effect/t_old/tex_yw.png
texture/effect/t_old/tex_hy.png
texture/effect/t_old/c_point083a.png
characters/general/sk_nezha/textures/t_nezha_wp_basecolor.tga
characters/general/sk_nezha/textures/t_nezha_wp_mix.tga
eqpt/weapon/sk_nezha2_weapon04/textures/t_nezha_wp_basecolor_4.tga
eqpt/weapon/sk_nezha2_weapon04/textures/t_nezha_wp_mix.tga
texture/effect/dj/weapon/t_nezha_wp_basecolor_4.tga
texture/effect/xujian/noise/t_fx_noise_016.png
texture/effect/xujian/smoke/tex_fx_smoke_001_dj.png
texture/effect/xujian/smoke/tex_fx_smoke_013.png
eqpt/weapon/sm_dr_sword_04_02/textures/t_sword_basecolor4.tga
eqpt/weapon/sm_dr_sword_04_02/textures/t_sword_mix4.tga
engineres/techniques/notexture.xml
engineres/particle/common/techniques/diffunlitparticlealpha.xml
engineres/particle/common/techniques/diffunlitmeshparticlealpha.xml
engineres/techniques/diffunlit.xml
editor/techniques/pbr_packednormal/defaultmetallicroughness.xml
editor/techniques/pbr_packednormal/defaultmetallicroughnessalpha.xml
editor/techniques/fakeshadow.xml
engineres/renderpaths/forward.xml
engineres/particle/common/materials/defaultsprite.material
engineres/particle/common/materials/defaultmeshrgba.material
engineres/particle/common/materials/empty.material
engineres/particle/common/materials/alphamesh.material
engineres/particle/common/materials/alphamaterial.material
engineres/particle/common/materials/defaultmesh.material
characters/monster/sk_spider_burrow_s/materials/sk_spider_burrow_s.material
characters/general/sk_basic2/materials/m0.material
characters/general/sk_basic2/materials/m1.material
characters/heartbeat/mori/materials/mori.material
characters/monster/sk_vulture_bird/materials/sk_vulture_bird.material
characters/monster/sk_werewolf/materials/sk_werewolf.material
characters/monster_westfantasy/sk_jryg/materials/sk_jryg.material
characters/tramcar_td/jinbi/materials/jinbi.material
deco/engine/sm_plane_a01/materials/m_plane_a01.material
deco/engine/sm_plane_a02/materials/m_plane_a02.material
deco/engine/sm_plane_a03/materials/m_plane_a03.material
deco/engine/fake_shadow/materials/fakeshadow.material
deco/handpaintedvol2_campsite/sm_backpack_01_base/materials/m_backpack_01_base_a.material
characters/general/sk_nezha/materials/sk_nezha_wp.material
eqpt/weapon/sk_nezha2_weapon04/materials/sk_nezha2_weapon04.material
eqpt/weapon/sm_dr_sword_04_02/materials/sm_dr_sword_04_02.material
c:/users/xd/documents/project_bsyxt/project/map_settings.json
sound/a2_sfx/action/moveaction/footsteps/fs_gen_2feet_dirt_01/soundsetting.json
sound/a2_sfx/action/moveaction/footsteps/fs_gen_2feet_dirt_02/soundsetting.json
sound/a2_sfx/action/moveaction/footsteps/fs_gen_2feet_dirt_03/soundsetting.json
sound/a2_sfx/action/moveaction/footsteps/fs_gen_2feet_dirt_04/soundsetting.json
sound/a2_sfx/action/moveaction/footsteps/fs_gen_2feet_dirt_05/soundsetting.json
sound/a2_sfx/action/moveaction/footsteps/fs_gen_2feet_dirt_06/soundsetting.json
sound/a2_sfx/action/moveaction/footsteps/fs_gen_2feet_dirt_07/soundsetting.json
sound/a2_sfx/action/moveaction/footsteps/fs_gen_2feet_dirt_08/soundsetting.json
sound/a2_sfx/action/moveaction/footsteps/fs_gen_2feet_grass_01/soundsetting.json
sound/a2_sfx/action/moveaction/footsteps/fs_gen_2feet_grass_02/soundsetting.json
sound/a2_sfx/action/moveaction/footsteps/fs_gen_2feet_grass_03/soundsetting.json
sound/a2_sfx/action/moveaction/footsteps/fs_gen_2feet_grass_04/soundsetting.json
sound/a2_sfx/action/moveaction/footsteps/fs_gen_2feet_grass_05/soundsetting.json
sound/a2_sfx/action/moveaction/footsteps/fs_gen_2feet_grass_06/soundsetting.json
sound/a2_sfx/action/moveaction/footsteps/fs_gen_2feet_grass_07/soundsetting.json
sound/a2_sfx/action/moveaction/footsteps/fs_gen_2feet_grass_08/soundsetting.json
sound/a2_sfx/action/moveaction/footsteps/fs_gen_2feet_rock_01/soundsetting.json
sound/a2_sfx/action/moveaction/footsteps/fs_gen_2feet_rock_02/soundsetting.json
sound/a2_sfx/action/moveaction/footsteps/fs_gen_2feet_rock_03/soundsetting.json
sound/a2_sfx/action/moveaction/footsteps/fs_gen_2feet_rock_04/soundsetting.json
sound/a2_sfx/action/moveaction/footsteps/fs_gen_2feet_rock_05/soundsetting.json
sound/a2_sfx/action/moveaction/footsteps/fs_gen_2feet_rock_06/soundsetting.json
sound/a2_sfx/action/moveaction/footsteps/fs_gen_2feet_rock_07/soundsetting.json
sound/a2_sfx/action/moveaction/footsteps/fs_gen_2feet_rock_08/soundsetting.json
sound/a2_sfx/action/moveaction/footsteps/fs_gen_2feet_sand_01/soundsetting.json
sound/a2_sfx/action/moveaction/footsteps/fs_gen_2feet_sand_02/soundsetting.json
sound/a2_sfx/action/moveaction/footsteps/fs_gen_2feet_sand_03/soundsetting.json
sound/a2_sfx/action/moveaction/footsteps/fs_gen_2feet_sand_04/soundsetting.json
sound/a2_sfx/action/moveaction/footsteps/fs_gen_2feet_sand_05/soundsetting.json
sound/a2_sfx/action/moveaction/footsteps/fs_gen_2feet_sand_06/soundsetting.json
sound/a2_sfx/action/moveaction/footsteps/fs_gen_2feet_sand_07/soundsetting.json
sound/a2_sfx/action/moveaction/footsteps/fs_gen_2feet_sand_08/soundsetting.json
sound/a2_sfx/action/moveaction/footsteps/fs_gen_2feet_water_01/soundsetting.json
sound/a2_sfx/action/moveaction/footsteps/fs_gen_2feet_water_02/soundsetting.json
sound/a2_sfx/action/moveaction/footsteps/fs_gen_2feet_water_03/soundsetting.json
sound/a2_sfx/action/moveaction/footsteps/fs_gen_2feet_water_04/soundsetting.json
sound/a2_sfx/action/moveaction/footsteps/fs_gen_2feet_water_05/soundsetting.json
sound/a2_sfx/action/moveaction/footsteps/fs_gen_2feet_water_06/soundsetting.json
sound/a2_sfx/action/moveaction/footsteps/fs_gen_2feet_water_07/soundsetting.json
sound/a2_sfx/action/moveaction/footsteps/fs_gen_2feet_water_08/soundsetting.json
sound/a2_sfx/fight/impact/sfx_imp_sword_lit/soundsetting.json
sound/a2_sfx/fight/magic/sfx_magic_casi_dark_flight_01/soundsetting.json
sound/a2_sfx/fight/statuseffect/sfx_magicbeam_flash_03/soundsetting.json
sound/a2_sfx/ui/general/ui_drawcard_onetimes_box_gold_open/soundsetting.json
sound/a2_sfx/ui/general/ui_drawcard_onetimes_box_ordinary_open/soundsetting.json
sound/a2_sfx/ui/general/ui_drawcard_onetimes_show/soundsetting.json
sound/a2_sfx/ui/general/ui_drawcard_tentimes_box_open/soundsetting.json
sound/a2_sfx/ui/general/ui_drawcard_tentimes_show_gold/soundsetting.json
sound/a2_sfx/ui/general/ui_drawcard_tentimes_show_ordinary_01/soundsetting.json
sound/a2_sfx/ui/general/ui_gamehall_congratulat_get/soundsetting.json
sound/a2_sfx/ui/general/ui_gamehall_equip_open/soundsetting.json
sound/a2_sfx/ui/general/ui_gamehall_friend_add/soundsetting.json
sound/a2_sfx/ui/general/ui_gamehall_friend_out/soundsetting.json
sound/a2_sfx/ui/general/ui_gamehall_gen_cancel/soundsetting.json
sound/a2_sfx/ui/general/ui_gamehall_gen_click/soundsetting.json
sound/a2_sfx/ui/general/ui_gamehall_gen_close/soundsetting.json
sound/a2_sfx/ui/general/ui_gamehall_gen_confirm/soundsetting.json
sound/a2_sfx/ui/general/ui_gamehall_page_level01_click/soundsetting.json
sound/a2_sfx/ui/general/ui_gamehall_popups/soundsetting.json
sound/a2_sfx/ui/general/ui_gamehall_promptwindow/soundsetting.json
sound/a2_sfx/ui/general/ui_gamehall_store_buy_success/soundsetting.json
sound/a2_sfx/ui/general/ui_gamehall_store_open/soundsetting.json
sound/a2_sfx/ui/general/ui_gamehall_system_open/soundsetting.json
sound/battle_grounds_sound/level_up/soundsetting.json
sound/battle_party_sound/bgm/amb_bp_winner_shout/soundsetting.json
sound/battle_party_sound/game/other/action_hero_pickup_coin_bp/soundsetting.json
sound/battle_party_sound/game/other/action_hero_pickup_item_bp/soundsetting.json
sound/battle_party_sound/ui_podium/soundsetting.json
sound/best_moment_sound/ui/ui_click_button/soundsetting.json
sound/best_moment_sound/ui/ui_window/soundsetting.json
sound/last_stand_sound/错误/soundsetting.json
sound/mover_td_sound/countdown/soundsetting.json
sound/promotion_sound/ui/三星结算音效_失败/soundsetting.json
sound/promotion_sound/ui/三星结算音效_胜利/soundsetting.json
sound/promotion_sound/ui/刷怪提示音/soundsetting.json
sound/trap_sound/旋转/soundsetting.json
sound/trap_sound/爆炸/soundsetting.json
sound/trap_sound/错误/soundsetting.json
sound/a2_sfx/ui/hud/ui_hud_award_get_bright_long/soundsetting.json
sound/promotion_sound/ui/交互主按键音/soundsetting.json
sound/promotion_sound/ui/倒计时音效/soundsetting.json
sound/promotion_sound/ui/全局按键提示音/soundsetting.json
sound/promotion_sound/ui/宝物提示音/soundsetting.json
sound/promotion_sound/ui/拾取音效/soundsetting.json
sound/promotion_sound/ui/等待读条音/soundsetting.json
sound/promotion_sound/ui/错误/soundsetting.json
anim/human/barehanded_anim/hand_05/skill_01.ani
anim/human/barehanded_anim/hand_05/skill_011.ani
anim/human/barehanded_anim/hand_05/skill_02.ani
anim/human/barehanded_anim/hand_05/skill_025.ani
anim/human/barehanded_anim/hand_05/skill_028.ani
anim/human/blade_anim/twohand_01/attack_03.ani
anim/human/gun_anim/qiangxiezhanshi/skill_04.ani
anim/human/magic_anim/mofashi/skill_01.ani
anim/human/sword_anim/dajianzhanshi/skill_04.ani
anim/human/sword_anim/twohand_04/attack_02.ani
characters/monster/sk_spider_burrow_s/anim/appear.ani
characters/monster/sk_spider_burrow_s/anim/attack.ani
characters/monster/sk_spider_burrow_s/anim/die.ani
characters/monster/sk_spider_burrow_s/anim/hit.ani
characters/monster/sk_spider_burrow_s/anim/idle.ani
characters/monster/sk_spider_burrow_s/anim/move.ani
characters/monster/sk_spider_burrow_s/anim/spellcast1.ani
characters/monster/sk_spider_burrow_s/anim/spellcast2.ani
characters/monster/sk_spider_burrow_s/anim/vertigo.ani
characters/general/sk_basic2/anim/combat_idle_01.ani
characters/general/sk_basic2/anim/die.ani
characters/general/sk_basic2/anim/gun_idle.ani
characters/general/sk_basic2/anim/gun_move.ani
characters/general/sk_basic2/anim/gun_move2.ani
characters/general/sk_basic2/anim/idle.ani
characters/general/sk_basic2/anim/idle_01.ani
characters/general/sk_basic2/anim/magic_idle.ani
characters/general/sk_basic2/anim/magic_move.ani
characters/general/sk_basic2/anim/move.ani
characters/general/sk_basic2/anim/run_01.ani
characters/general/sk_basic2/anim/run_02.ani
characters/general/sk_basic2/anim/run_03.ani
characters/general/sk_basic2/anim/sword_idle.ani
characters/general/sk_basic2/anim/sword_move.ani
characters/heartbeat/mori/anim/attack_01.ani
characters/heartbeat/mori/anim/attack_02.ani
characters/heartbeat/mori/anim/attack_03.ani
characters/heartbeat/mori/anim/attack_04.ani
characters/heartbeat/mori/anim/bron.ani
characters/heartbeat/mori/anim/die.ani
characters/heartbeat/mori/anim/hit.ani
characters/heartbeat/mori/anim/idle.ani
characters/heartbeat/mori/anim/idle02.ani
characters/heartbeat/mori/anim/idle03.ani
characters/heartbeat/mori/anim/idle04.ani
characters/heartbeat/mori/anim/move.ani
characters/monster/sk_vulture_bird/anim/attack.ani
characters/monster/sk_vulture_bird/anim/die.ani
characters/monster/sk_vulture_bird/anim/hit.ani
characters/monster/sk_vulture_bird/anim/idle.ani
characters/monster/sk_vulture_bird/anim/move.ani
characters/monster/sk_vulture_bird/anim/spellcast.ani
characters/monster/sk_vulture_bird/anim/vertigo.ani
characters/monster/sk_werewolf/anim/attack.ani
characters/monster/sk_werewolf/anim/born.ani
characters/monster/sk_werewolf/anim/die.ani
characters/monster/sk_werewolf/anim/hit.ani
characters/monster/sk_werewolf/anim/idle.ani
characters/monster/sk_werewolf/anim/jumpback.ani
characters/monster/sk_werewolf/anim/move.ani
characters/monster/sk_werewolf/anim/spellcast.ani
characters/monster/sk_werewolf/anim/spin_move.ani
characters/monster/sk_werewolf/anim/spin_prepare.ani
characters/monster/sk_werewolf/anim/vertigo.ani
characters/monster/sk_werewolf/anim/wave.ani
characters/monster_westfantasy/sk_jryg/anim/attack_01.ani
characters/monster_westfantasy/sk_jryg/anim/attack_02.ani
characters/monster_westfantasy/sk_jryg/anim/die.ani
characters/monster_westfantasy/sk_jryg/anim/idle.ani
characters/monster_westfantasy/sk_jryg/anim/move.ani
characters/monster_westfantasy/sk_jryg/anim/skill_01.ani
characters/monster_westfantasy/sk_jryg/anim/skill_02.ani
characters/monster_westfantasy/sk_jryg/anim/skill_03.ani
characters/tramcar_td/jinbi/anim/idle.ani
characters/monster/sk_spider_burrow_s/model.prefab
characters/general/sk_basic2/model.prefab
characters/heartbeat/mori/model.prefab
characters/monster/sk_vulture_bird/model.prefab
characters/monster/sk_werewolf/model.prefab
characters/monster_westfantasy/sk_jryg/model.prefab
characters/tramcar_td/jinbi/model.prefab
deco/engine/sm_plane_a01/model.prefab
deco/engine/sm_plane_a02/model.prefab
deco/engine/sm_plane_a03/model.prefab
deco/engine/fake_shadow/model.prefab
deco/handpaintedvol2_campsite/sm_backpack_01_base/model.prefab
eqpt/weapon/sk_nezha2_weapon205/model.prefab
eqpt/weapon/sm_dr_sword_04_02/model.prefab
characters/monster/sk_spider_burrow_s/model/m.mdl
characters/general/sk_basic2/model/m.mdl
characters/heartbeat/mori/model/m.mdl
characters/monster/sk_vulture_bird/model/m.mdl
characters/monster/sk_werewolf/model/m.mdl
characters/monster_westfantasy/sk_jryg/model/m.mdl
characters/tramcar_td/jinbi/model/m.mdl
deco/engine/sm_plane_a01/model/m.mdl
deco/engine/fake_shadow/model/m.mdl
deco/handpaintedvol2_campsite/sm_backpack_01_base/model/m.mdl
effect/bp/shandain_dandao/shandiandandao_1/sm_fx_plane_002.mdl
effect/bp/shandain_dandao/shandiandandao_3/sm_fx_plane_002.mdl
effect/ceshi/shengli/zfx_pian.mdl
effect/ceshi/shibai/zfx_pian.mdl
effect/eff_battle/particle/zhishi/ps_yuanxing_1/sm_yuanxing_52.mdl
effect/eff_reverse/particle/hades/daoguang/ps_daoguang_4/sm_ci_1.mdl
effect/eff_reverse/particle/hades/daoguang/ps_daoguang_4/sm_ci_2.mdl
effect/eff_tank/particle/ps_skill_effect_001/zhou_zfx1.mdl
effect/eff_tank/particle/ps_skill_effect_002/zhou_zfx1.mdl
effect/eff_tank/particle/ps_skill_effect_002_red/zhou_zfx1.mdl
effect/eff_tongyong/huoqiu2/sm_huoqiu_1.mdl
effect/eff_tongyong/huoqiu_blast/sm_huoqiu_1.mdl
effect/eff_tongyong/ps_daoguang_1/sm_daoguang_4.mdl
effect/eff_tongyong/ps_shouji_1/sp1.mdl
effect/eff_xujian/effect_emiti_003/sm_sphere_45_1.mdl
effect/eff_xujian/effect_zhanshi_001/fbx_sphere_004.mdl
effect/eff_xujian/effect_zhanshi_02/sm_daoguang_4_2.mdl
effect/eff_xujian/effect_zhanshi_02/sm_fx_knief_02_1.mdl
effect/eff_xujian/effect_zhanshi_02/sm_fx_knief_02.mdl
effect/eff_xujian/effect_zhanshi_02/s_xj_105_1_1.mdl
effect/eff_xujian/effect_zhanshi_04/mod_quan_001.mdl
effect/effect_new/eff_object/eff_diaoxiang_01/fbx_object_yixing_001.mdl
effect/effect_new/eff_object/eff_diaoxiang_01/fbx_object_yixing_001_1.mdl
effect/effect_new/effect_buff/eff_zhizhu_buff_01/mod_quan_004_1.mdl
effect/effect_new/effect_knief/ps_swordbreath_eff/sm_fx_knief_04.mdl
effect/effect_new/effect_knief/ps_swordbreath_eff/sm_fx_plane_001.mdl
effect/effect_new/effect_knief/ps_swordbreath_eff/sm_fx_plane_008.mdl
effect/effect_new/effect_mofa/eff_mofa_05/sm_fx_plane_001_2.mdl
effect/effect_new/effect_scene/1/ball_28.mdl
effect/effect_new/effect_scene/1/ball_28_1.mdl
effect/effect_new/effect_scene/1/sm_hudun_15.mdl
effect/effect_new/effect_scene/1/zuanshi1.mdl
effect/effect_new/effect_ui/eff_ui_biankuang006/sm_fx_uibiankuang_08.mdl
effect/effect_new/effect_zhishiqi/eff_juxing/ps_tou_1/sm_juxing_t_1.mdl
effect/effect_new/effect_zhishiqi/eff_juxing/ps_wei_1/sm_juxing_w_1.mdl
effect/effect_new/effect_zhishiqi/eff_juxing/ps_zhong_1/sm_fx_juxingzhishiqi_01.mdl
effect/effect_new/effect_zhishiqi/eff_shanxing/ps_shanxing_120_1/sm_shanxing_120_1.mdl
effect/effect_new/effect_zhishiqi/eff_shanxing/ps_shanxing_120_red_1/sm_shanxing_120_1.mdl
effect/effect_new/effect_zhishiqi/eff_shanxing/ps_shanxing_180_1/sm_shanxing_180_1.mdl
effect/effect_new/effect_zhishiqi/eff_shanxing/ps_shanxing_180_red_1/sm_shanxing_180_1.mdl
effect/effect_new/effect_zhishiqi/eff_shanxing/ps_shanxing_30_1/sm_shanxing_30_1.mdl
effect/effect_new/effect_zhishiqi/eff_shanxing/ps_shanxing_30_red_1/sm_shanxing_30_1.mdl
effect/effect_new/effect_zhishiqi/eff_shanxing/ps_shanxing_45_1/sm_shanxing_45_1.mdl
effect/effect_new/effect_zhishiqi/eff_shanxing/ps_shanxing_45_red_1/sm_shanxing_45_1.mdl
effect/effect_new/effect_zhishiqi/eff_shanxing/ps_shanxing_60_1/sm_shanxing_60_3.mdl
effect/effect_new/effect_zhishiqi/eff_shanxing/ps_shanxing_60_red_1/sm_shanxing_60_3.mdl
effect/effect_new/effect_zhishiqi/eff_shanxing/ps_shanxing_90_1/sm_shanxing_90_2.mdl
effect/effect_new/effect_zhishiqi/eff_shanxing/ps_shanxing_90_red_1/sm_shanxing_90_2.mdl
effect/effect_new/effect_zhishiqi/eff_zhishiqi/ps_biaoji_1/sm_fx_tubiao_02.mdl
effect/effect_new/effect_zhishiqi/eff_zhishiqi/ps_biaoji_red_1/sm_fx_tubiao_02.mdl
effect/effect_new/effect_zhishiqi/eff_zhishiqi/ps_jineng_1/sm_jineng_1_1.mdl
effect/effect_new/effect_zhishiqi/eff_zhishiqi/ps_yuanxing_1/sm_yuanxing_52_1.mdl
effect/effect_new/effect_zhishiqi/eff_zhishiqi/ps_yuanxing_red_1/sm_yuanxing_52_1.mdl
effect/effect_new/effect_zhishiqi/eff_zhishiqi/ps_zhixiangxing_1/sm_fx_zhishiqi_01.mdl
effect/effect_new/effect_zhishiqi/eff_zhishiqi/ps_zhixiangxing_red_1/sm_fx_zhishiqi_01.mdl
effect/effect_new/effect_zhishiqi/eff_zhixianxing/ps_tou_1/sm_zhixian_t_2.mdl
effect/samplespells/avatar/avatar_caster/tielian_pl.mdl
effect/samplespells/avatar/avatar_caster/tempstaticmesh0.mdl
effect/samplespells/hook/hook_missile/gouzi1_1.mdl
eqpt/weapon/sk_nezha2_weapon2/model/m.mdl
effect/effect_new1/eff_weapon/eff_nezha_quan/neza_quan1.mdl
eqpt/weapon/sm_dr_sword_04_02/model/m.mdl
effect/effect_new1/effect_fumo/eff_jurenyougui/particle.effect
effect/samplespells/hook/hook_hit/particle.effect
effect/bp/shandain_dandao/shandiandandao_1/particle.effect
effect/bp/shandain_dandao/shandiandandao_3/particle.effect
effect/bp/yuan/ps_zhishi_1/particle.effect
effect/bp/yuan/ps_zhishi_5/particle.effect
effect/bp/yuan/ps_zhishi_7/particle.effect
effect/bp/yuan/ps_zhishi_8/particle.effect
effect/ceshi/shengli/particle.effect
effect/ceshi/shibai/particle.effect
effect/eff_ceshi_1/particle/ps_huo_5/particle.effect
effect/eff_battle/particle/zhishi/ps_yuanxing_1/particle.effect
effect/eff_reverse/particle/hades/daoguang/ps_daoguang_4/particle.effect
effect/eff_reverse/particle/unknown/tongyong/ps_xuanyun_eff/particle.effect
effect/eff_tank/particle/indicator/ps_skill_effect_001_red/particle.effect
effect/eff_tank/particle/ps_skill_effect_001/particle.effect
effect/eff_tank/particle/ps_skill_effect_002/particle.effect
effect/eff_tank/particle/ps_skill_effect_002_red/particle.effect
effect/eff_tank/particle/ps_spell_blue_circle/particle.effect
effect/eff_tank/particle/ps_spell_green_circle_red/particle.effect
effect/eff_tongyong/huoqiu2/particle.effect
effect/eff_tongyong/huoqiu_blast/particle.effect
effect/eff_tongyong/ps_daoguang_1/particle.effect
effect/eff_tongyong/ps_shouji_1/particle.effect
effect/eff_xujian/effect_dilie_001/particle.effect
effect/eff_xujian/effect_emiti_003/particle.effect
effect/eff_xujian/effect_fire_debuff/particle.effect
effect/eff_xujian/effect_hit_001/particle.effect
effect/eff_xujian/effect_light_01_01/particle.effect
effect/eff_xujian/effect_tuowei_001/particle.effect
effect/eff_xujian/effect_zhanshi_001/particle.effect
effect/eff_xujian/effect_zhanshi_02/particle.effect
effect/eff_xujian/effect_zhanshi_03/particle.effect
effect/eff_xujian/effect_zhanshi_03buff/particle.effect
effect/eff_xujian/effect_zhanshi_04/particle.effect
effect/eff_xujian/effect_zhanshi_hit/particle.effect
effect/eff_xujian/effect_zhanshi_jian01/particle.effect
effect/effect_new/eff_object/eff_diaoxiang_01/particle.effect
effect/effect_new/effect_buff/eff_zhizhu_buff_01/particle.effect
effect/effect_new/effect_hit/eff_hit_15/particle.effect
effect/effect_new/effect_hit/ps_lightarrows_hit_eff/particle.effect
effect/effect_new/effect_hit/ps_whirlingblade_hit_eff/particle.effect
effect/effect_new/effect_knief/ps_swordbreath_eff/particle.effect
effect/effect_new/effect_mofa/eff_mofa_05/particle.effect
effect/effect_new/effect_mofa/eff_purplehit_01/particle.effect
effect/effect_new/effect_scene/1/particle.effect
effect/effect_new/effect_ui/eff_ui_biankuang006/particle.effect
effect/effect_new/effect_zhishiqi/eff_juxing/ps_tou_1/particle.effect
effect/effect_new/effect_zhishiqi/eff_juxing/ps_wei_1/particle.effect
effect/effect_new/effect_zhishiqi/eff_juxing/ps_zhong_1/particle.effect
effect/effect_new/effect_zhishiqi/eff_shanxing/ps_shanxing_120_1/particle.effect
effect/effect_new/effect_zhishiqi/eff_shanxing/ps_shanxing_120_red_1/particle.effect
effect/effect_new/effect_zhishiqi/eff_shanxing/ps_shanxing_180_1/particle.effect
effect/effect_new/effect_zhishiqi/eff_shanxing/ps_shanxing_180_red_1/particle.effect
effect/effect_new/effect_zhishiqi/eff_shanxing/ps_shanxing_30_1/particle.effect
effect/effect_new/effect_zhishiqi/eff_shanxing/ps_shanxing_30_red_1/particle.effect
effect/effect_new/effect_zhishiqi/eff_shanxing/ps_shanxing_45_1/particle.effect
effect/effect_new/effect_zhishiqi/eff_shanxing/ps_shanxing_45_red_1/particle.effect
effect/effect_new/effect_zhishiqi/eff_shanxing/ps_shanxing_60_1/particle.effect
effect/effect_new/effect_zhishiqi/eff_shanxing/ps_shanxing_60_red_1/particle.effect
effect/effect_new/effect_zhishiqi/eff_shanxing/ps_shanxing_90_1/particle.effect
effect/effect_new/effect_zhishiqi/eff_shanxing/ps_shanxing_90_red_1/particle.effect
effect/effect_new/effect_zhishiqi/eff_zhishiqi/ps_biaoji_1/particle.effect
effect/effect_new/effect_zhishiqi/eff_zhishiqi/ps_biaoji_red_1/particle.effect
effect/effect_new/effect_zhishiqi/eff_zhishiqi/ps_jineng_1/particle.effect
effect/effect_new/effect_zhishiqi/eff_zhishiqi/ps_yuanxing_1/particle.effect
effect/effect_new/effect_zhishiqi/eff_zhishiqi/ps_yuanxing_red_1/particle.effect
effect/effect_new/effect_zhishiqi/eff_zhishiqi/ps_zhixiangxing_1/particle.effect
effect/effect_new/effect_zhishiqi/eff_zhishiqi/ps_zhixiangxing_red_1/particle.effect
effect/effect_new/effect_zhishiqi/eff_zhixianxing/ps_tou_1/particle.effect
effect/effect_new1/effect_emit/eff_sacred_ray/particle.effect
effect/samplespells/avatar/avatar_caster/particle.effect
effect/samplespells/devotion/devotionaura/particle.effect
effect/samplespells/hook/hook_missile/particle.effect
effect/samplespells/snake ward/snake ward_attack/particle.effect
effect/samplespells/snake ward/snake ward_hit/particle.effect
effect/effect_new1/eff_weapon/eff_nezha_quan/particle.effect
effect/effect_new1/eff_weapon/eff_nezha/particle.effect
maps/busiyixiantu_5n1b/anim/sk_basic2/anim/human/sword_anim/dajianzhanshi/skill_02.ani
maps/busiyixiantu_5n1b/anim/sk_basic2/anim/human/sword_anim/dajianzhanshi/skill_03.ani
maps/busiyixiantu_5n1b/anim/sk_basic2/anim/human/sword_anim/dajianzhanshi/skill_04.ani
maps/busiyixiantu_5n1b/anim/sk_basic2/anim/human/sword_anim/dajianzhanshi/skill_01.ani
sound/a2_sfx/action/moveaction/footsteps/fs_gen_2feet_dirt_01.ogg
sound/a2_sfx/action/moveaction/footsteps/fs_gen_2feet_dirt_02.ogg
sound/a2_sfx/action/moveaction/footsteps/fs_gen_2feet_dirt_03.ogg
sound/a2_sfx/action/moveaction/footsteps/fs_gen_2feet_dirt_04.ogg
sound/a2_sfx/action/moveaction/footsteps/fs_gen_2feet_dirt_05.ogg
sound/a2_sfx/action/moveaction/footsteps/fs_gen_2feet_dirt_06.ogg
sound/a2_sfx/action/moveaction/footsteps/fs_gen_2feet_dirt_07.ogg
sound/a2_sfx/action/moveaction/footsteps/fs_gen_2feet_dirt_08.ogg
sound/a2_sfx/action/moveaction/footsteps/fs_gen_2feet_grass_01.ogg
sound/a2_sfx/action/moveaction/footsteps/fs_gen_2feet_grass_02.ogg
sound/a2_sfx/action/moveaction/footsteps/fs_gen_2feet_grass_03.ogg
sound/a2_sfx/action/moveaction/footsteps/fs_gen_2feet_grass_04.ogg
sound/a2_sfx/action/moveaction/footsteps/fs_gen_2feet_grass_05.ogg
sound/a2_sfx/action/moveaction/footsteps/fs_gen_2feet_grass_06.ogg
sound/a2_sfx/action/moveaction/footsteps/fs_gen_2feet_grass_07.ogg
sound/a2_sfx/action/moveaction/footsteps/fs_gen_2feet_grass_08.ogg
sound/a2_sfx/action/moveaction/footsteps/fs_gen_2feet_rock_01.ogg
sound/a2_sfx/action/moveaction/footsteps/fs_gen_2feet_rock_02.ogg
sound/a2_sfx/action/moveaction/footsteps/fs_gen_2feet_rock_03.ogg
sound/a2_sfx/action/moveaction/footsteps/fs_gen_2feet_rock_04.ogg
sound/a2_sfx/action/moveaction/footsteps/fs_gen_2feet_rock_05.ogg
sound/a2_sfx/action/moveaction/footsteps/fs_gen_2feet_rock_06.ogg
sound/a2_sfx/action/moveaction/footsteps/fs_gen_2feet_rock_07.ogg
sound/a2_sfx/action/moveaction/footsteps/fs_gen_2feet_rock_08.ogg
sound/a2_sfx/action/moveaction/footsteps/fs_gen_2feet_sand_01.ogg
sound/a2_sfx/action/moveaction/footsteps/fs_gen_2feet_sand_02.ogg
sound/a2_sfx/action/moveaction/footsteps/fs_gen_2feet_sand_03.ogg
sound/a2_sfx/action/moveaction/footsteps/fs_gen_2feet_sand_04.ogg
sound/a2_sfx/action/moveaction/footsteps/fs_gen_2feet_sand_05.ogg
sound/a2_sfx/action/moveaction/footsteps/fs_gen_2feet_sand_06.ogg
sound/a2_sfx/action/moveaction/footsteps/fs_gen_2feet_sand_07.ogg
sound/a2_sfx/action/moveaction/footsteps/fs_gen_2feet_sand_08.ogg
sound/a2_sfx/action/moveaction/footsteps/fs_gen_2feet_water_01.ogg
sound/a2_sfx/action/moveaction/footsteps/fs_gen_2feet_water_02.ogg
sound/a2_sfx/action/moveaction/footsteps/fs_gen_2feet_water_03.ogg
sound/a2_sfx/action/moveaction/footsteps/fs_gen_2feet_water_04.ogg
sound/a2_sfx/action/moveaction/footsteps/fs_gen_2feet_water_05.ogg
sound/a2_sfx/action/moveaction/footsteps/fs_gen_2feet_water_06.ogg
sound/a2_sfx/action/moveaction/footsteps/fs_gen_2feet_water_07.ogg
sound/a2_sfx/action/moveaction/footsteps/fs_gen_2feet_water_08.ogg
sound/a2_sfx/fight/impact/sfx_imp_sword_lit.ogg
sound/a2_sfx/fight/magic/sfx_magic_casi_dark_flight_01.ogg
sound/a2_sfx/fight/statuseffect/sfx_magicbeam_flash_03.ogg
sound/a2_sfx/ui/general/ui_drawcard_onetimes_box_gold_open.ogg
sound/a2_sfx/ui/general/ui_drawcard_onetimes_box_ordinary_open.ogg
sound/a2_sfx/ui/general/ui_drawcard_onetimes_show.ogg
sound/a2_sfx/ui/general/ui_drawcard_tentimes_box_open.ogg
sound/a2_sfx/ui/general/ui_drawcard_tentimes_show_gold.ogg
sound/a2_sfx/ui/general/ui_drawcard_tentimes_show_ordinary_01.ogg
sound/a2_sfx/ui/general/ui_gamehall_congratulat_get.ogg
sound/a2_sfx/ui/general/ui_gamehall_equip_open.ogg
sound/a2_sfx/ui/general/ui_gamehall_friend_add.ogg
sound/a2_sfx/ui/general/ui_gamehall_friend_out.ogg
sound/a2_sfx/ui/general/ui_gamehall_gen_cancel.ogg
sound/a2_sfx/ui/general/ui_gamehall_gen_click.ogg
sound/a2_sfx/ui/general/ui_gamehall_gen_close.ogg
sound/a2_sfx/ui/general/ui_gamehall_gen_confirm.ogg
sound/a2_sfx/ui/general/ui_gamehall_page_level01_click.ogg
sound/a2_sfx/ui/general/ui_gamehall_popups.ogg
sound/a2_sfx/ui/general/ui_gamehall_promptwindow.ogg
sound/a2_sfx/ui/general/ui_gamehall_store_buy_success.ogg
sound/a2_sfx/ui/general/ui_gamehall_store_open.ogg
sound/a2_sfx/ui/general/ui_gamehall_system_open.ogg
sound/battle_grounds_sound/level_up.ogg
sound/battle_grounds_sound/level_up.wav
sound/battle_party_sound/bgm/amb_bp_winner_shout.ogg
sound/battle_party_sound/game/other/action_hero_pickup_coin_bp.ogg
sound/battle_party_sound/game/other/action_hero_pickup_item_bp.ogg
sound/battle_party_sound/ui_podium.ogg
sound/best_moment_sound/ui/ui_click_button.ogg
sound/best_moment_sound/ui/ui_window.ogg
sound/last_stand_sound/错误.ogg
sound/last_stand_sound/错误.wav
sound/mover_td_sound/countdown.ogg
sound/mover_td_sound/countdown.wav
sound/promotion_sound/ui/三星结算音效_失败.ogg
sound/promotion_sound/ui/三星结算音效_失败.wav
sound/promotion_sound/ui/三星结算音效_胜利.ogg
sound/promotion_sound/ui/三星结算音效_胜利.wav
sound/promotion_sound/ui/刷怪提示音.ogg
sound/promotion_sound/ui/刷怪提示音.wav
sound/trap_sound/旋转.ogg
sound/trap_sound/旋转.wav
sound/trap_sound/爆炸.ogg
sound/trap_sound/爆炸.wav
sound/trap_sound/错误.ogg
sound/trap_sound/错误.wav
sound/a2_sfx/ui/hud/ui_hud_award_get_bright_long.ogg
sound/promotion_sound/ui/交互主按键音.ogg
sound/promotion_sound/ui/交互主按键音.wav
sound/promotion_sound/ui/倒计时音效.ogg
sound/promotion_sound/ui/倒计时音效.wav
sound/promotion_sound/ui/全局按键提示音.ogg
sound/promotion_sound/ui/全局按键提示音.wav
sound/promotion_sound/ui/宝物提示音.ogg
sound/promotion_sound/ui/宝物提示音.wav
sound/promotion_sound/ui/拾取音效.ogg
sound/promotion_sound/ui/拾取音效.wav
sound/promotion_sound/ui/等待读条音.ogg
sound/promotion_sound/ui/等待读条音.wav
sound/promotion_sound/ui/错误.ogg
sound/promotion_sound/ui/错误.wav
